Component: ARM Compiler 5.06 update 7 (build 960) Tool: armlink [4d3601]

==============================================================================

Section Cross References

    startup_stm32f10x_hd.o(RESET) refers to startup_stm32f10x_hd.o(STACK) for __initial_sp
    startup_stm32f10x_hd.o(RESET) refers to startup_stm32f10x_hd.o(.text) for Reset_Handler
    startup_stm32f10x_hd.o(RESET) refers to stm32f10x_it.o(i.NMI_Handler) for NMI_Handler
    startup_stm32f10x_hd.o(RESET) refers to stm32f10x_it.o(i.HardFault_Handler) for HardFault_Handler
    startup_stm32f10x_hd.o(RESET) refers to stm32f10x_it.o(i.MemManage_Handler) for MemManage_Handler
    startup_stm32f10x_hd.o(RESET) refers to stm32f10x_it.o(i.BusFault_Handler) for BusFault_Handler
    startup_stm32f10x_hd.o(RESET) refers to stm32f10x_it.o(i.UsageFault_Handler) for UsageFault_Handler
    startup_stm32f10x_hd.o(RESET) refers to stm32f10x_it.o(i.SVC_Handler) for SVC_Handler
    startup_stm32f10x_hd.o(RESET) refers to stm32f10x_it.o(i.DebugMon_Handler) for DebugMon_Handler
    startup_stm32f10x_hd.o(RESET) refers to stm32f10x_it.o(i.PendSV_Handler) for PendSV_Handler
    startup_stm32f10x_hd.o(RESET) refers to systick.o(i.SysTick_Handler) for SysTick_Handler
    startup_stm32f10x_hd.o(RESET) refers to timer.o(i.TIM3_IRQHandler) for TIM3_IRQHandler
    startup_stm32f10x_hd.o(RESET) refers to usart.o(i.USART1_IRQHandler) for USART1_IRQHandler
    startup_stm32f10x_hd.o(RESET) refers to usart.o(i.USART2_IRQHandler) for USART2_IRQHandler
    startup_stm32f10x_hd.o(.text) refers to system_stm32f10x.o(i.SystemInit) for SystemInit
    startup_stm32f10x_hd.o(.text) refers to entry.o(.ARM.Collect$$$$00000000) for __main
    system_stm32f10x.o(i.SetSysClock) refers to system_stm32f10x.o(i.SetSysClockTo72) for SetSysClockTo72
    system_stm32f10x.o(i.SystemCoreClockUpdate) refers to system_stm32f10x.o(.data) for SystemCoreClock
    system_stm32f10x.o(i.SystemInit) refers to system_stm32f10x.o(i.SetSysClock) for SetSysClock
    stm32f10x_adc.o(i.ADC_DeInit) refers to stm32f10x_rcc.o(i.RCC_APB2PeriphResetCmd) for RCC_APB2PeriphResetCmd
    stm32f10x_bkp.o(i.BKP_DeInit) refers to stm32f10x_rcc.o(i.RCC_BackupResetCmd) for RCC_BackupResetCmd
    stm32f10x_can.o(i.CAN_DeInit) refers to stm32f10x_rcc.o(i.RCC_APB1PeriphResetCmd) for RCC_APB1PeriphResetCmd
    stm32f10x_can.o(i.CAN_GetITStatus) refers to stm32f10x_can.o(i.CheckITStatus) for CheckITStatus
    stm32f10x_cec.o(i.CEC_DeInit) refers to stm32f10x_rcc.o(i.RCC_APB1PeriphResetCmd) for RCC_APB1PeriphResetCmd
    stm32f10x_dac.o(i.DAC_DeInit) refers to stm32f10x_rcc.o(i.RCC_APB1PeriphResetCmd) for RCC_APB1PeriphResetCmd
    stm32f10x_flash.o(i.FLASH_EnableWriteProtection) refers to stm32f10x_flash.o(i.FLASH_WaitForLastOperation) for FLASH_WaitForLastOperation
    stm32f10x_flash.o(i.FLASH_EraseAllBank1Pages) refers to stm32f10x_flash.o(i.FLASH_WaitForLastBank1Operation) for FLASH_WaitForLastBank1Operation
    stm32f10x_flash.o(i.FLASH_EraseAllPages) refers to stm32f10x_flash.o(i.FLASH_WaitForLastOperation) for FLASH_WaitForLastOperation
    stm32f10x_flash.o(i.FLASH_EraseOptionBytes) refers to stm32f10x_flash.o(i.FLASH_GetReadOutProtectionStatus) for FLASH_GetReadOutProtectionStatus
    stm32f10x_flash.o(i.FLASH_EraseOptionBytes) refers to stm32f10x_flash.o(i.FLASH_WaitForLastOperation) for FLASH_WaitForLastOperation
    stm32f10x_flash.o(i.FLASH_ErasePage) refers to stm32f10x_flash.o(i.FLASH_WaitForLastOperation) for FLASH_WaitForLastOperation
    stm32f10x_flash.o(i.FLASH_ProgramHalfWord) refers to stm32f10x_flash.o(i.FLASH_WaitForLastOperation) for FLASH_WaitForLastOperation
    stm32f10x_flash.o(i.FLASH_ProgramOptionByteData) refers to stm32f10x_flash.o(i.FLASH_WaitForLastOperation) for FLASH_WaitForLastOperation
    stm32f10x_flash.o(i.FLASH_ProgramWord) refers to stm32f10x_flash.o(i.FLASH_WaitForLastOperation) for FLASH_WaitForLastOperation
    stm32f10x_flash.o(i.FLASH_ReadOutProtection) refers to stm32f10x_flash.o(i.FLASH_WaitForLastOperation) for FLASH_WaitForLastOperation
    stm32f10x_flash.o(i.FLASH_UserOptionByteConfig) refers to stm32f10x_flash.o(i.FLASH_WaitForLastOperation) for FLASH_WaitForLastOperation
    stm32f10x_flash.o(i.FLASH_WaitForLastBank1Operation) refers to stm32f10x_flash.o(i.FLASH_GetBank1Status) for FLASH_GetBank1Status
    stm32f10x_flash.o(i.FLASH_WaitForLastOperation) refers to stm32f10x_flash.o(i.FLASH_GetBank1Status) for FLASH_GetBank1Status
    stm32f10x_gpio.o(i.GPIO_AFIODeInit) refers to stm32f10x_rcc.o(i.RCC_APB2PeriphResetCmd) for RCC_APB2PeriphResetCmd
    stm32f10x_gpio.o(i.GPIO_DeInit) refers to stm32f10x_rcc.o(i.RCC_APB2PeriphResetCmd) for RCC_APB2PeriphResetCmd
    stm32f10x_i2c.o(i.I2C_DeInit) refers to stm32f10x_rcc.o(i.RCC_APB1PeriphResetCmd) for RCC_APB1PeriphResetCmd
    stm32f10x_i2c.o(i.I2C_Init) refers to stm32f10x_rcc.o(i.RCC_GetClocksFreq) for RCC_GetClocksFreq
[...]
    .text                                    0x08000d34   Section        0  iusefp.o(.text)
    .text                                    0x08000d34   Section        0  depilogue.o(.text)
    .text                                    0x08000dee   Section        0  ddiv.o(.text)
    .text                                    0x08000ecc   Section        0  dfltul.o(.text)
    .text                                    0x08000ee4   Section        0  dfixul.o(.text)
    .text                                    0x08000f14   Section        0  d2f.o(.text)
    .text                                    0x08000f4c   Section       36  init.o(.text)
    .text                                    0x08000f70   Section        0  isspace_c.o(.text)
    .text                                    0x08000f7c   Section        0  _scanf.o(.text)
    .text                                    0x080012ac   Section        0  fepilogue.o(.text)
    .text                                    0x0800131c   Section        0  ctype_c.o(.text)
    .text                                    0x08001344   Section        0  __dczerorl2.o(.text)
    i.BusFault_Handler                       0x0800139a   Section        0  stm32f10x_it.o(i.BusFault_Handler)
    i.ClearBitMask                           0x0800139e   Section        0  rc522.o(i.ClearBitMask)
    i.DH11_GPIO_Init_IN                      0x080013bc   Section        0  dht11.o(i.DH11_GPIO_Init_IN)
    i.DH11_GPIO_Init_OUT                     0x080013e8   Section        0  dht11.o(i.DH11_GPIO_Init_OUT)
    i.DH11_OLED_Init                         0x08001414   Section        0  hanshu.o(i.DH11_OLED_Init)
    i.DHT11_REC_Data                         0x0800143c   Section        0  dht11.o(i.DHT11_REC_Data)
    i.DHT11_Rec_Byte                         0x080014e0   Section        0  dht11.o(i.DHT11_Rec_Byte)
    i.DHT11_Start                            0x08001530   Section        0  dht11.o(i.DHT11_Start)
    i.DHT11_show                             0x0800156c   Section        0  hanshu.o(i.DHT11_show)
    i.DebugMon_Handler                       0x0800159c   Section        0  stm32f10x_it.o(i.DebugMon_Handler)
    i.Door_close                             0x080015a0   Section        0  hanshu.o(i.Door_close)
    i.Door_open                              0x080015b0   Section        0  hanshu.o(i.Door_open)
    i.Esp8266_MQTT_Init                      0x080015c0   Section        0  mqtt_esp8266.o(i.Esp8266_MQTT_Init)
    i.Esp_Read                               0x0800166c   Section        0  mqtt_esp8266.o(i.Esp_Read)
    i.GPIO_Init                              0x08001878   Section        0  stm32f10x_gpio.o(i.GPIO_Init)
    i.GPIO_ReadInputDataBit                  0x0800198e   Section        0  stm32f10x_gpio.o(i.GPIO_ReadInputDataBit)
    i.GPIO_ResetBits                         0x080019a0   Section        0  stm32f10x_gpio.o(i.GPIO_ResetBits)
    i.GPIO_SetBits                           0x080019a4   Section        0  stm32f10x_gpio.o(i.GPIO_SetBits)
    i.GPIO_ini                               0x080019a8   Section        0  gpio.o(i.GPIO_ini)
    i.HardFault_Handler                      0x08001a90   Section        0  stm32f10x_it.o(i.HardFault_Handler)
    i.IIC_Delay                              0x08001a94   Section        0  oled_iic.o(i.IIC_Delay)
    IIC_Delay                                0x08001a95   Thumb Code    14  oled_iic.o(i.IIC_Delay)
    i.IIC_GPIO_Config                        0x08001aa4   Section        0  oled_iic.o(i.IIC_GPIO_Config)
    i.IIC_Start                              0x08001ae0   Section        0  oled_iic.o(i.IIC_Start)
    i.IIC_Stop                               0x08001b14   Section        0  oled_iic.o(i.IIC_Stop)
    i.IIC_WaitAck                            0x08001b38   Section        0  oled_iic.o(i.IIC_WaitAck)
    i.LED1_OFF                               0x08001b7c   Section        0  hanshu.o(i.LED1_OFF)
    i.LED1_ON                                0x08001b8c   Section        0  hanshu.o(i.LED1_ON)
    i.M500PcdConfigISOType                   0x08001b9c   Section        0  rc522.o(i.M500PcdConfigISOType)
    i.MQTT_Send_Door_Open                    0x08001bf8   Section        0  mqtt_esp8266.o(i.MQTT_Send_Door_Open)
    i.MQTT_Send_Monitor                      0x08001cc4   Section        0  mqtt_esp8266.o(i.MQTT_Send_Monitor)
    i.MQTT_Topic                             0x08001de8   Section        0  mqtt_esp8266.o(i.MQTT_Topic)
    i.MemManage_Handler                      0x08001e84   Section        0  stm32f10x_it.o(i.MemManage_Handler)
    i.NMI_Handler                            0x08001e88   Section        0  stm32f10x_it.o(i.NMI_Handler)
    i.NVIC_Init                              0x08001e8c   Section        0  misc.o(i.NVIC_Init)
    i.NVIC_PriorityGroupConfig               0x08001efc   Section        0  misc.o(i.NVIC_PriorityGroupConfig)
    i.OLED_Clear                             0x08001f10   Section        0  oled_iic.o(i.OLED_Clear)
    i.OLED_Fill                              0x08001f1a   Section        0  oled_iic.o(i.OLED_Fill)
    i.OLED_Init                              0x08001f54   Section        0  oled_iic.o(i.OLED_Init)
    i.OLED_Set_Pos                           0x08001ffe   Section        0  oled_iic.o(i.OLED_Set_Pos)
    i.OLED_ShowCH                            0x0800202c   Section        0  oled_iic.o(i.OLED_ShowCH)
    i.OLED_ShowChar                          0x0800215c   Section        0  oled_iic.o(i.OLED_ShowChar)
    i.OLED_ShowNum                           0x080021c8   Section        0  oled_iic.o(i.OLED_ShowNum)
    i.PcdAntennaOff                          0x08002244   Section        0  rc522.o(i.PcdAntennaOff)
    i.PcdAntennaOn                           0x08002250   Section        0  rc522.o(i.PcdAntennaOn)
    i.PcdAnticoll                            0x0800226a   Section        0  rc522.o(i.PcdAnticoll)
    i.PcdComMF522                            0x080022da   Section        0  rc522.o(i.PcdComMF522)
    i.PcdRequest                             0x0800240c   Section        0  rc522.o(i.PcdRequest)
    i.PcdReset                               0x08002460   Section        0  rc522.o(i.PcdReset)
    i.PendSV_Handler                         0x08002520   Section        0  stm32f10x_it.o(i.PendSV_Handler)
    i.RC522_read_card                        0x08002524   Section        0  hanshu.o(i.RC522_read_card)
    i.RCC_APB1PeriphClockCmd                 0x0800256c   Section        0  stm32f10x_rcc.o(i.RCC_APB1PeriphClockCmd)
    i.RCC_APB1PeriphResetCmd                 0x0800258c   Section        0  stm32f10x_rcc.o(i.RCC_APB1PeriphResetCmd)
    i.RCC_APB2PeriphClockCmd                 0x080025ac   Section        0  stm32f10x_rcc.o(i.RCC_APB2PeriphClockCmd)
    i.RCC_APB2PeriphResetCmd                 0x080025cc   Section        0  stm32f10x_rcc.o(i.RCC_APB2PeriphResetCmd)
    i.RCC_GetClocksFreq                      0x080025ec   Section        0  stm32f10x_rcc.o(i.RCC_GetClocksFreq)
    i.ReadRawRC                              0x080026c0   Section        0  rc522.o(i.ReadRawRC)
    i.SVC_Handler                            0x08002774   Section        0  stm32f10x_it.o(i.SVC_Handler)
    i.SetBitMask                             0x08002776   Section        0  rc522.o(i.SetBitMask)
    i.SetSysClock                            0x08002792   Section        0  system_stm32f10x.o(i.SetSysClock)
    SetSysClock                              0x08002793   Thumb Code     8  system_stm32f10x.o(i.SetSysClock)
    i.SetSysClockTo72                        0x0800279c   Section        0  system_stm32f10x.o(i.SetSysClockTo72)
    SetSysClockTo72                          0x0800279d   Thumb Code   214  system_stm32f10x.o(i.SetSysClockTo72)
    i.SysInit                                0x0800287c   Section        0  main.o(i.SysInit)
    i.SysTick_Handler                        0x0800290c   Section        0  systick.o(i.SysTick_Handler)
    i.SystemInit                             0x08002934   Section        0  system_stm32f10x.o(i.SystemInit)
    i.SystickInit                            0x08002994   Section        0  systick.o(i.SystickInit)
    i.TIM3_IRQHandler                        0x08002a04   Section        0  timer.o(i.TIM3_IRQHandler)
    i.TIME3Init                              0x08002a20   Section        0  timer.o(i.TIME3Init)
    i.TIM_ARRPreloadConfig                   0x08002ab0   Section        0  stm32f10x_tim.o(i.TIM_ARRPreloadConfig)
    i.TIM_ClearITPendingBit                  0x08002ac8   Section        0  stm32f10x_tim.o(i.TIM_ClearITPendingBit)
    i.TIM_Cmd                                0x08002ace   Section        0  stm32f10x_tim.o(i.TIM_Cmd)
    i.TIM_DeInit                             0x08002ae8   Section        0  stm32f10x_tim.o(i.TIM_DeInit)
    i.TIM_GetITStatus                        0x08002cd0   Section        0  stm32f10x_tim.o(i.TIM_GetITStatus)
    i.TIM_OC1Init                            0x08002cf4   Section        0  stm32f10x_tim.o(i.TIM_OC1Init)
    i.TIM_OC1PreloadConfig                   0x08002d8c   Section        0  stm32f10x_tim.o(i.TIM_OC1PreloadConfig)
    i.TIM_SetCompare1                        0x08002d9e   Section        0  stm32f10x_tim.o(i.TIM_SetCompare1)
    i.TIM_TimeBaseInit                       0x08002da4   Section        0  stm32f10x_tim.o(i.TIM_TimeBaseInit)
    i.TaskInit                               0x08002e48   Section        0  task.o(i.TaskInit)
    i.USART1_IRQHandler                      0x08002e68   Section        0  usart.o(i.USART1_IRQHandler)
    i.USART1_RecProcess                      0x08002eb4   Section        0  usart.o(i.USART1_RecProcess)
    i.USART2_IRQHandler                      0x08002f18   Section        0  usart.o(i.USART2_IRQHandler)
    i.USART2_RecProcess                      0x08002f64   Section        0  usart.o(i.USART2_RecProcess)
    i.USART_ClearFlag                        0x08002fac   Section        0  stm32f10x_usart.o(i.USART_ClearFlag)
    i.USART_ClearITPendingBit                0x08002fbe   Section        0  stm32f10x_usart.o(i.USART_ClearITPendingBit)
    i.USART_Cmd                              0x08002fdc   Section        0  stm32f10x_usart.o(i.USART_Cmd)
    i.USART_GetFlagStatus                    0x08002ff4   Section        0  stm32f10x_usart.o(i.USART_GetFlagStatus)
    i.USART_GetITStatus                      0x0800300e   Section        0  stm32f10x_usart.o(i.USART_GetITStatus)
    i.USART_ITConfig                         0x08003062   Section        0  stm32f10x_usart.o(i.USART_ITConfig)
    i.USART_Init                             0x080030ac   Section        0  stm32f10x_usart.o(i.USART_Init)
    i.USART_ReceiveData                      0x08003184   Section        0  stm32f10x_usart.o(i.USART_ReceiveData)
    i.USART_SendData                         0x0800318e   Section        0  stm32f10x_usart.o(i.USART_SendData)
    i.UsageFault_Handler                     0x08003196   Section        0  stm32f10x_it.o(i.UsageFault_Handler)
    i.WriteRawRC                             0x0800319c   Section        0  rc522.o(i.WriteRawRC)
    i.Write_IIC_Byte                         0x08003260   Section        0  oled_iic.o(i.Write_IIC_Byte)
    i.Write_IIC_Command                      0x080032b8   Section        0  oled_iic.o(i.Write_IIC_Command)
    i.Write_IIC_Data                         0x080032e4   Section        0  oled_iic.o(i.Write_IIC_Data)
    i.__0printf                              0x08003310   Section        0  printfa.o(i.__0printf)
    i.__0sprintf                             0x08003330   Section        0  printfa.o(i.__0sprintf)
    i.__free$realloc                         0x08003358   Section        0  mallocr.o(i.__free$realloc)
    i.__malloc$realloc                       0x080033b4   Section        0  mallocr.o(i.__malloc$realloc)
    i.__scatterload_copy                     0x08003404   Section       14  handlers.o(i.__scatterload_copy)
    i.__scatterload_null                     0x08003412   Section        2  handlers.o(i.__scatterload_null)
    i.__scatterload_zeroinit                 0x08003414   Section       14  handlers.o(i.__scatterload_zeroinit)
    i._fp_digits                             0x08003424   Section        0  printfa.o(i._fp_digits)
    _fp_digits                               0x08003425   Thumb Code   366  printfa.o(i._fp_digits)
    i._is_digit                              0x080035a8   Section        0  scanf_fp.o(i._is_digit)
    i._printf_core                           0x080035b8   Section        0  printfa.o(i._printf_core)
    _printf_core                             0x080035b9   Thumb Code  1704  printfa.o(i._printf_core)
    i._printf_post_padding                   0x08003c6c   Section        0  printfa.o(i._printf_post_padding)
    _printf_post_padding                     0x08003c6d   Thumb Code    36  printfa.o(i._printf_post_padding)
    i._printf_pre_padding                    0x08003c90   Section        0  printfa.o(i._printf_pre_padding)
    _printf_pre_padding                      0x08003c91   Thumb Code    46  printfa.o(i._printf_pre_padding)
    i._sputc                                 0x08003cbe   Section        0  printfa.o(i._sputc)
    _sputc                                   0x08003cbf   Thumb Code    10  printfa.o(i._sputc)
    i.add_item_to_array                      0x08003cc8   Section        0  cjson.o(i.add_item_to_array)
    add_item_to_array                        0x08003cc9   Thumb Code    54  cjson.o(i.add_item_to_array)
    i.add_item_to_object                     0x08003cfe   Section        0  cjson.o(i.add_item_to_object)
    add_item_to_object                       0x08003cff   Thumb Code   122  cjson.o(i.add_item_to_object)
    i.buffer_skip_whitespace                 0x08003d78   Section        0  cjson.o(i.buffer_skip_whitespace)
    buffer_skip_whitespace                   0x08003d79   Thumb Code    72  cjson.o(i.buffer_skip_whitespace)
    i.cJSON_AddNumberToObject                0x08003dc0   Section        0  cjson.o(i.cJSON_AddNumberToObject)
    i.cJSON_AddStringToObject                0x08003dfc   Section        0  cjson.o(i.cJSON_AddStringToObject)
    i.cJSON_CreateNumber                     0x08003e30   Section        0  cjson.o(i.cJSON_CreateNumber)
    i.cJSON_CreateObject                     0x08003e94   Section        0  cjson.o(i.cJSON_CreateObject)
    i.cJSON_CreateString                     0x08003eac   Section        0  cjson.o(i.cJSON_CreateString)
    i.cJSON_Delete                           0x08003ee0   Section        0  cjson.o(i.cJSON_Delete)
    i.cJSON_GetObjectItem                    0x08003f38   Section        0  cjson.o(i.cJSON_GetObjectItem)
    i.cJSON_New_Item                         0x08003f4a   Section        0  cjson.o(i.cJSON_New_Item)
    cJSON_New_Item                           0x08003f4b   Thumb Code    26  cjson.o(i.cJSON_New_Item)
    i.cJSON_Parse                            0x08003f64   Section        0  cjson.o(i.cJSON_Parse)
    i.cJSON_ParseWithLengthOpts              0x08003f74   Section        0  cjson.o(i.cJSON_ParseWithLengthOpts)
    i.cJSON_ParseWithOpts                    0x08004048   Section        0  cjson.o(i.cJSON_ParseWithOpts)
    i.cJSON_Print                            0x08004070   Section        0  cjson.o(i.cJSON_Print)
    i.cJSON_strdup                           0x08004084   Section        0  cjson.o(i.cJSON_strdup)
    cJSON_strdup                             0x08004085   Thumb Code    56  cjson.o(i.cJSON_strdup)
    i.case_insensitive_strcmp                0x080040bc   Section        0  cjson.o(i.case_insensitive_strcmp)
    case_insensitive_strcmp                  0x080040bd   Thumb Code    72  cjson.o(i.case_insensitive_strcmp)
    i.cast_away_const                        0x08004104   Section        0  cjson.o(i.cast_away_const)
    cast_away_const                          0x08004105   Thumb Code     2  cjson.o(i.cast_away_const)
    i.compare_double                         0x08004108   Section        0  cjson.o(i.compare_double)
    compare_double                           0x08004109   Thumb Code   112  cjson.o(i.compare_double)
    i.delay_10ms                             0x0800417c   Section        0  rc522.o(i.delay_10ms)
    i.delay_Ms                               0x08004196   Section        0  delay.o(i.delay_Ms)
    i.delay_Us                               0x080041ae   Section        0  delay.o(i.delay_Us)
    i.ensure                                 0x080041f2   Section        0  cjson.o(i.ensure)
    ensure                                   0x080041f3   Thumb Code   184  cjson.o(i.ensure)
    i.fputc                                  0x080042ac   Section        0  usart.o(i.fputc)
    i.get_decimal_point                      0x080042d0   Section        0  cjson.o(i.get_decimal_point)
    get_decimal_point                        0x080042d1   Thumb Code     4  cjson.o(i.get_decimal_point)
    i.get_object_item                        0x080042d4   Section        0  cjson.o(i.get_object_item)
    get_object_item                          0x080042d5   Thumb Code    82  cjson.o(i.get_object_item)
    i.init_usart1                            0x08004328   Section        0  usart.o(i.init_usart1)
    i.init_usart2                            0x080043d8   Section        0  usart.o(i.init_usart2)
    i.internal_alloc                         0x0800448c   Section        0  mallocr.o(i.internal_alloc)
    internal_alloc                           0x0800448d   Thumb Code    76  mallocr.o(i.internal_alloc)
    i.main                                   0x080044dc   Section        0  main.o(i.main)
    i.oled_pow                               0x080044ee   Section        0  oled_iic.o(i.oled_pow)
    i.parse_array                            0x08004504   Section        0  cjson.o(i.parse_array)
    parse_array                              0x08004505   Thumb Code   248  cjson.o(i.parse_array)
    i.parse_hex4                             0x080045fc   Section        0  cjson.o(i.parse_hex4)
    parse_hex4                               0x080045fd   Thumb Code    90  cjson.o(i.parse_hex4)
    i.parse_number                           0x08004658   Section        0  cjson.o(i.parse_number)
    parse_number                             0x08004659   Thumb Code   298  cjson.o(i.parse_number)
    i.parse_object                           0x08004790   Section        0  cjson.o(i.parse_object)
    parse_object                             0x08004791   Thumb Code   318  cjson.o(i.parse_object)
    i.parse_string                           0x080048ce   Section        0  cjson.o(i.parse_string)
    parse_string                             0x080048cf   Thumb Code   396  cjson.o(i.parse_string)
    i.parse_value                            0x08004a5c   Section        0  cjson.o(i.parse_value)
    parse_value                              0x08004a5d   Thumb Code   290  cjson.o(i.parse_value)
    i.print                                  0x08004b98   Section        0  cjson.o(i.print)
    print                                    0x08004b99   Thumb Code   178  cjson.o(i.print)
    i.print_array                            0x08004c4a   Section        0  cjson.o(i.print_array)
    print_array                              0x08004c4b   Thumb Code   178  cjson.o(i.print_array)
    i.print_number                           0x08004cfc   Section        0  cjson.o(i.print_number)
    print_number                             0x08004cfd   Thumb Code   304  cjson.o(i.print_number)
    i.print_object                           0x08004e50   Section        0  cjson.o(i.print_object)
    print_object                             0x08004e51   Thumb Code   372  cjson.o(i.print_object)
    i.print_string                           0x08004fc4   Section        0  cjson.o(i.print_string)
    print_string                             0x08004fc5   Thumb Code    16  cjson.o(i.print_string)
    i.print_string_ptr                       0x08004fd4   Section        0  cjson.o(i.print_string_ptr)
    print_string_ptr                         0x08004fd5   Thumb Code   360  cjson.o(i.print_string_ptr)
    i.print_value                            0x08005148   Section        0  cjson.o(i.print_value)
    print_value                              0x08005149   Thumb Code   236  cjson.o(i.print_value)
    i.realloc                                0x0800524c   Section        0  mallocr.o(i.realloc)
    i.relayInit                              0x080052b8   Section        0  relay.o(i.relayInit)
    i.skip_utf8_bom                          0x080052ec   Section        0  cjson.o(i.skip_utf8_bom)
    skip_utf8_bom                            0x080052ed   Thumb Code    56  cjson.o(i.skip_utf8_bom)
    i.strtod                                 0x08005328   Section        0  strtod.o(i.strtod)
    i.suffix_object                          0x08005344   Section        0  cjson.o(i.suffix_object)
    suffix_object                            0x08005345   Thumb Code     6  cjson.o(i.suffix_object)
    i.task_Run_All                           0x0800534a   Section        0  task.o(i.task_Run_All)
    i.task_Run_One                           0x08005360   Section        0  task.o(i.task_Run_One)
    i.task_Run_Three                         0x08005380   Section        0  task.o(i.task_Run_Three)
    i.task_Run_Two                           0x080053e0   Section        0  task.o(i.task_Run_Two)
    i.task_Run_four                          0x08005434   Section        0  task.o(i.task_Run_four)
    i.update_offset                          0x08005454   Section        0  cjson.o(i.update_offset)
    update_offset                            0x08005455   Thumb Code    36  cjson.o(i.update_offset)
    i.usart_send_byte                        0x08005478   Section        0  usart.o(i.usart_send_byte)
    i.usart_send_string                      0x08005496   Section        0  usart.o(i.usart_send_string)
    i.utf16_literal_to_utf8                  0x080054b2   Section        0  cjson.o(i.utf16_literal_to_utf8)
    utf16_literal_to_utf8                    0x080054b3   Thumb Code   300  cjson.o(i.utf16_literal_to_utf8)
    i.water_OFF                              0x080055e0   Section        0  hanshu.o(i.water_OFF)
    i.water_ON                               0x080055f0   Section        0  hanshu.o(i.water_ON)
    .constdata                               0x08005600   Section       25  mqtt_esp8266.o(.constdata)
    .constdata                               0x08005619   Section       64  ctype_c.o(.constdata)
    .conststring                             0x0800565c   Section       10  mqtt_esp8266.o(.conststring)
    .data                                    0x20000000   Section       20  stm32f10x_rcc.o(.data)
    APBAHBPrescTable                         0x20000000   Data          16  stm32f10x_rcc.o(.data)
    ADCPrescTable                            0x20000010   Data           4  stm32f10x_rcc.o(.data)
    .data                                    0x20000014   Section       20  cjson.o(.data)
    global_error                             0x20000014   Data           8  cjson.o(.data)
    global_hooks                             0x2000001c   Data          12  cjson.o(.data)
    .data                                    0x20000028   Section        4  usart.o(.data)
    .data                                    0x2000002c   Section       16  mqtt_esp8266.o(.data)
    .data                                    0x2000003c   Section       18  hanshu.o(.data)
    .data                                    0x20000050   Section     3232  oled_iic.o(.data)
    .data                                    0x20000cf0   Section        4  stdout.o(.data)
    .data                                    0x20000cf4   Section        4  mvars.o(.data)
    .data                                    0x20000cf8   Section        4  mvars.o(.data)
    .bss                                     0x20000cfc   Section       32  systick.o(.bss)
    .bss                                     0x20000d1c   Section      512  usart.o(.bss)
    .bss                                     0x20000f1c   Section      276  mqtt_esp8266.o(.bss)
    .bss                                     0x20001030   Section       16  dht11.o(.bss)
    HEAP                                     0x20001040   Section     4096  startup_stm32f10x_hd.o(HEAP)
    STACK                                    0x20002040   Section     4096  startup_stm32f10x_hd.o(STACK)

    Global Symbols

    Symbol Name                              Value     Ov Type        Size  Object(Section)

    BuildAttributes$$THM_ISAv4$P$D$K$B$S$PE$A:L22UL41UL21$X:L11$S22US41US21$IEEE1$IW$USESV6$~STKCKD$USESV7$~SHL$OTIME$ROPI$IEEEJ$EBA8$MICROLIB$REQ8$PRES8$EABIv2 0x00000000   Number         0  anon$$obj.o ABSOLUTE
    __ARM_use_no_argv                        0x00000000   Number         0  main.o ABSOLUTE
    _printf_a                                0x00000000   Number         0  stubs.o ABSOLUTE
    _printf_c                                0x00000000   Number         0  stubs.o ABSOLUTE
    _printf_charcount                        0x00000000   Number         0  stubs.o ABSOLUTE
    _printf_d                                0x00000000   Number         0  stubs.o ABSOLUTE
    _printf_e                                0x00000000   Number         0  stubs.o ABSOLUTE
    _printf_f                                0x00000000   Number         0  stubs.o ABSOLUTE
    _printf_flags                            0x00000000   Number         0  stubs.o ABSOLUTE
    _printf_fp_dec                           0x00000000   Number         0  stubs.o ABSOLUTE
    _printf_fp_hex                           0x00000000   Number         0  stubs.o ABSOLUTE
    _printf_g                                0x00000000   Number         0  stubs.o ABSOLUTE
    _printf_i                                0x00000000   Number         0  stubs.o ABSOLUTE
    _printf_int_dec                          0x00000000   Number         0  stubs.o ABSOLUTE
    _printf_l                                0x00000000   Number         0  stubs.o ABSOLUTE
    _printf_lc                               0x00000000   Number         0  stubs.o ABSOLUTE
    _printf_ll                               0x00000000   Number         0  stubs.o ABSOLUTE
    _printf_lld                              0x00000000   Number         0  stubs.o ABSOLUTE
    _printf_lli                              0x00000000   Number         0  stubs.o ABSOLUTE
    _printf_llo                              0x00000000   Number         0  stubs.o ABSOLUTE
    _printf_llu                              0x00000000   Number         0  stubs.o ABSOLUTE
    _printf_llx                              0x00000000   Number         0  stubs.o ABSOLUTE
    _printf_longlong_dec                     0x00000000   Number         0  stubs.o ABSOLUTE
    _printf_longlong_hex                     0x00000000   Number         0  stubs.o ABSOLUTE
    _printf_longlong_oct                     0x00000000   Number         0  stubs.o ABSOLUTE
    _printf_ls                               0x00000000   Number         0  stubs.o ABSOLUTE
    _printf_mbtowc                           0x00000000   Number         0  stubs.o ABSOLUTE
    _printf_n                                0x00000000   Number         0  stubs.o ABSOLUTE
    _printf_o                                0x00000000   Number         0  stubs.o ABSOLUTE
    _printf_p                                0x00000000   Number         0  stubs.o ABSOLUTE
    _printf_percent                          0x00000000   Number         0  stubs.o ABSOLUTE
    _printf_pre_padding                      0x00000000   Number         0  stubs.o ABSOLUTE
    _printf_return_value                     0x00000000   Number         0  stubs.o ABSOLUTE
    _printf_s                                0x00000000   Number         0  stubs.o ABSOLUTE
    _printf_sizespec                         0x00000000   Number         0  stubs.o ABSOLUTE
    _printf_str                              0x00000000   Number         0  stubs.o ABSOLUTE
    _printf_truncate_signed                  0x00000000   Number         0  stubs.o ABSOLUTE
    _printf_truncate_unsigned                0x00000000   Number         0  stubs.o ABSOLUTE
    _printf_u                                0x00000000   Number         0  stubs.o ABSOLUTE
    _printf_wc                               0x00000000   Number         0  stubs.o ABSOLUTE
    _printf_wctomb                           0x00000000   Number         0  stubs.o ABSOLUTE
    _printf_widthprec                        0x00000000   Number         0  stubs.o ABSOLUTE
    _printf_x                                0x00000000   Number         0  stubs.o ABSOLUTE
    __arm_fini_                               - Undefined Weak Reference
    __cpp_initialize__aeabi_                  - Undefined Weak Reference
    __cxa_finalize                            - Undefined Weak Reference
    _clock_init                               - Undefined Weak Reference
    _microlib_exit                            - Undefined Weak Reference
    _scanf_longlong                           - Undefined Weak Reference
    __Vectors_Size                           0x00000130   Number         0  startup_stm32f10x_hd.o ABSOLUTE
    __Vectors                                0x08000000   Data           4  startup_stm32f10x_hd.o(RESET)
    __Vectors_End                            0x08000130   Data           0  startup_stm32f10x_hd.o(RESET)
    __main                                   0x08000131   Thumb Code     0  entry.o(.ARM.Collect$$$$00000000)
    _main_stk                                0x08000131   Thumb Code     0  entry2.o(.ARM.Collect$$$$00000001)
    _main_scatterload                        0x08000135   Thumb Code     0  entry5.o(.ARM.Collect$$$$00000004)
    __main_after_scatterload                 0x08000139   Thumb Code     0  entry5.o(.ARM.Collect$$$$00000004)
    _main_clock                              0x08000139   Thumb Code     0  entry7b.o(.ARM.Collect$$$$00000008)
    _main_cpp_init                           0x08000139   Thumb Code     0  entry8b.o(.ARM.Collect$$$$0000000A)
    _main_init                               0x08000139   Thumb Code     0  entry9a.o(.ARM.Collect$$$$0000000B)
    __rt_lib_shutdown_fini                   0x08000141   Thumb Code     0  entry12b.o(.ARM.Collect$$$$0000000E)
    __rt_final_cpp                           0x08000145   Thumb Code     0  entry10a.o(.ARM.Collect$$$$0000000F)
    __rt_final_exit                          0x08000145   Thumb Code     0  entry11a.o(.ARM.Collect$$$$00000011)
    Reset_Handler                            0x08000149   Thumb Code     8  startup_stm32f10x_hd.o(.text)
    ADC1_2_IRQHandler                        0x08000163   Thumb Code     0  startup_stm32f10x_hd.o(.text)
    ADC3_IRQHandler                          0x08000163   Thumb Code     0  startup_stm32f10x_hd.o(.text)
    CAN1_RX1_IRQHandler                      0x08000163   Thumb Code     0  startup_stm32f10x_hd.o(.text)
    CAN1_SCE_IRQHandler                      0x08000163   Thumb Code     0  startup_stm32f10x_hd.o(.text)
    DMA1_Channel1_IRQHandler                 0x08000163   Thumb Code     0  startup_stm32f10x_hd.o(.text)
    DMA1_Channel2_IRQHandler                 0x08000163   Thumb Code     0  startup_stm32f10x_hd.o(.text)
    DMA1_Channel3_IRQHandler                 0x08000163   Thumb Code     0  startup_stm32f10x_hd.o(.text)
    DMA1_Channel4_IRQHandler                 0x08000163   Thumb Code     0  startup_stm32f10x_hd.o(.text)
    DMA1_Channel5_IRQHandler                 0x08000163   Thumb Code     0  startup_stm32f10x_hd.o(.text)
    DMA1_Channel6_IRQHandler                 0x08000163   Thumb Code     0  startup_stm32f10x_hd.o(.text)
    DMA1_Channel7_IRQHandler                 0x08000163   Thumb Code     0  startup_stm32f10x_hd.o(.text)
    DMA2_Channel1_IRQHandler                 0x08000163   Thumb Code     0  startup_stm32f10x_hd.o(.text)
    DMA2_Channel2_IRQHandler                 0x08000163   Thumb Code     0  startup_stm32f10x_hd.o(.text)
    DMA2_Channel3_IRQHandler                 0x08000163   Thumb Code     0  startup_stm32f10x_hd.o(.text)
    DMA2_Channel4_5_IRQHandler               0x08000163   Thumb Code     0  startup_stm32f10x_hd.o(.text)
    EXTI0_IRQHandler                         0x08000163   Thumb Code     0  startup_stm32f10x_hd.o(.text)
    EXTI15_10_IRQHandler                     0x08000163   Thumb Code     0  startup_stm32f10x_hd.o(.text)
    EXTI1_IRQHandler                         0x08000163   Thumb Code     0  startup_stm32f10x_hd.o(.text)
    EXTI2_IRQHandler                         0x08000163   Thumb Code     0  startup_stm32f10x_hd.o(.text)
    EXTI3_IRQHandler                         0x08000163   Thumb Code     0  startup_stm32f10x_hd.o(.text)
    EXTI4_IRQHandler                         0x08000163   Thumb Code     0  startup_stm32f10x_hd.o(.text)
    EXTI9_5_IRQHandler                       0x08000163   Thumb Code     0  startup_stm32f10x_hd.o(.text)
    FLASH_IRQHandler                         0x08000163   Thumb Code     0  startup_stm32f10x_hd.o(.text)
    FSMC_IRQHandler                          0x08000163   Thumb Code     0  startup_stm32f10x_hd.o(.text)
    I2C1_ER_IRQHandler                       0x08000163   Thumb Code     0  startup_stm32f10x_hd.o(.text)
    I2C1_EV_IRQHandler                       0x08000163   Thumb Code     0  startup_stm32f10x_hd.o(.text)
    I2C2_ER_IRQHandler                       0x08000163   Thumb Code     0  startup_stm32f10x_hd.o(.text)
    I2C2_EV_IRQHandler                       0x08000163   Thumb Code     0  startup_stm32f10x_hd.o(.text)
    PVD_IRQHandler                           0x08000163   Thumb Code     0  startup_stm32f10x_hd.o(.text)
    RCC_IRQHandler                           0x08000163   Thumb Code     0  startup_stm32f10x_hd.o(.text)
    RTCAlarm_IRQHandler                      0x08000163   Thumb Code     0  startup_stm32f10x_hd.o(.text)
    RTC_IRQHandler                           0x08000163   Thumb Code     0  startup_stm32f10x_hd.o(.text)
    SDIO_IRQHandler                          0x08000163   Thumb Code     0  startup_stm32f10x_hd.o(.text)
    SPI1_IRQHandler                          0x08000163   Thumb Code     0  startup_stm32f10x_hd.o(.text)
    SPI2_IRQHandler                          0x08000163   Thumb Code     0  startup_stm32f10x_hd.o(.text)
    SPI3_IRQHandler                          0x08000163   Thumb Code     0  startup_stm32f10x_hd.o(.text)
    TAMPER_IRQHandler                        0x08000163   Thumb Code     0  startup_stm32f10x_hd.o(.text)
    TIM1_BRK_IRQHandler                      0x08000163   Thumb Code     0  startup_stm32f10x_hd.o(.text)
    TIM1_CC_IRQHandler                       0x08000163   Thumb Code     0  startup_stm32f10x_hd.o(.text)
    TIM1_TRG_COM_IRQHandler                  0x08000163   Thumb Code     0  startup_stm32f10x_hd.o(.text)
    TIM1_UP_IRQHandler                       0x08000163   Thumb Code     0  startup_stm32f10x_hd.o(.text)
    TIM2_IRQHandler                          0x08000163   Thumb Code     0  startup_stm32f10x_hd.o(.text)
    TIM4_IRQHandler                          0x08000163   Thumb Code     0  startup_stm32f10x_hd.o(.text)
    TIM5_IRQHandler                          0x08000163   Thumb Code     0  startup_stm32f10x_hd.o(.text)
    TIM6_IRQHandler                          0x08000163   Thumb Code     0  startup_stm32f10x_hd.o(.text)
    TIM7_IRQHandler                          0x08000163   Thumb Code     0  startup_stm32f10x_hd.o(.text)
    TIM8_BRK_IRQHandler                      0x08000163   Thumb Code     0  startup_stm32f10x_hd.o(.text)
    TIM8_CC_IRQHandler                       0x08000163   Thumb Code     0  startup_stm32f10x_hd.o(.text)
    TIM8_TRG_COM_IRQHandler                  0x08000163   Thumb Code     0  startup_stm32f10x_hd.o(.text)
    TIM8_UP_IRQHandler                       0x08000163   Thumb Code     0  startup_stm32f10x_hd.o(.text)
    UART4_IRQHandler                         0x08000163   Thumb Code     0  startup_stm32f10x_hd.o(.text)
    UART5_IRQHandler                         0x08000163   Thumb Code     0  startup_stm32f10x_hd.o(.text)
    USART3_IRQHandler                        0x08000163   Thumb Code     0  startup_stm32f10x_hd.o(.text)
    USBWakeUp_IRQHandler                     0x08000163   Thumb Code     0  startup_stm32f10x_hd.o(.text)
    USB_HP_CAN1_TX_IRQHandler                0x08000163   Thumb Code     0  startup_stm32f10x_hd.o(.text)
    USB_LP_CAN1_RX0_IRQHandler               0x08000163   Thumb Code     0  startup_stm32f10x_hd.o(.text)
    WWDG_IRQHandler                          0x08000163   Thumb Code     0  startup_stm32f10x_hd.o(.text)
    tolower                                  0x0800016d   Thumb Code    12  tolower.o(.text)
    __aeabi_memcpy                           0x08000179   Thumb Code    36  memcpya.o(.text)
    __aeabi_memcpy4                          0x08000179   Thumb Code     0  memcpya.o(.text)
    __aeabi_memcpy8                          0x08000179   Thumb Code     0  memcpya.o(.text)
    __aeabi_memset                           0x0800019d   Thumb Code    14  memseta.o(.text)
    __aeabi_memset4                          0x0800019d   Thumb Code     0  memseta.o(.text)
    __aeabi_memset8                          0x0800019d   Thumb Code     0  memseta.o(.text)
    __aeabi_memclr                           0x080001ab   Thumb Code     4  memseta.o(.text)
    __aeabi_memclr4                          0x080001ab   Thumb Code     0  memseta.o(.text)
    __aeabi_memclr8                          0x080001ab   Thumb Code     0  memseta.o(.text)
    _memset$wrapper                          0x080001af   Thumb Code    18  memseta.o(.text)
    strstr                                   0x080001c1   Thumb Code    36  strstr.o(.text)
    strchr                                   0x080001e5   Thumb Code    20  strchr.o(.text)
    strlen                                   0x080001f9   Thumb Code    14  strlen.o(.text)
    strcmp                                   0x08000207   Thumb Code    28  strcmp.o(.text)
    strcpy                                   0x08000223   Thumb Code    18  strcpy.o(.text)
    strncmp                                  0x08000235   Thumb Code    30  strncmp.o(.text)
    __0sscanf                                0x08000255   Thumb Code    48  __0sscanf.o(.text)
    _scanf_int                               0x0800028d   Thumb Code   332  _scanf_int.o(.text)
    _scanf_string                            0x080003d9   Thumb Code   224  _scanf_str.o(.text)
    _scanf_real                              0x080005e1   Thumb Code     0  scanf_fp.o(.text)
    _scanf_really_real                       0x080005e1   Thumb Code   556  scanf_fp.o(.text)
    __aeabi_dadd                             0x08000819   Thumb Code   322  dadd.o(.text)
    __aeabi_dsub                             0x0800095b   Thumb Code     6  dadd.o(.text)
    __aeabi_drsub                            0x08000961   Thumb Code     6  dadd.o(.text)
    __aeabi_dmul                             0x08000967   Thumb Code   228  dmul.o(.text)
    __aeabi_i2d                              0x08000a4b   Thumb Code    34  dflti.o(.text)
    __aeabi_ui2d                             0x08000a6d   Thumb Code    26  dfltui.o(.text)
    __aeabi_d2iz                             0x08000a87   Thumb Code    62  dfixi.o(.text)
    __aeabi_cdcmpeq                          0x08000ac5   Thumb Code     0  cdcmple.o(.text)
    __aeabi_cdcmple                          0x08000ac5   Thumb Code    48  cdcmple.o(.text)
    __aeabi_cdrcmple                         0x08000af5   Thumb Code    48  cdrcmple.o(.text)
    __aeabi_uidiv                            0x08000b25   Thumb Code     0  uidiv.o(.text)
    __aeabi_uidivmod                         0x08000b25   Thumb Code    44  uidiv.o(.text)
    __aeabi_uldivmod                         0x08000b51   Thumb Code    98  uldiv.o(.text)
    __aeabi_llsl                             0x08000bb3   Thumb Code    30  llshl.o(.text)
    _ll_shift_l                              0x08000bb3   Thumb Code     0  llshl.o(.text)
    __aeabi_llsr                             0x08000bd1   Thumb Code    32  llushr.o(.text)
    _ll_ushift_r                             0x08000bd1   Thumb Code     0  llushr.o(.text)
    __aeabi_lasr                             0x08000bf1   Thumb Code    36  llsshr.o(.text)
    _ll_sshift_r                             0x08000bf1   Thumb Code     0  llsshr.o(.text)
    _chval                                   0x08000c15   Thumb Code    28  _chval.o(.text)
    __vfscanf_char                           0x08000c3d   Thumb Code    20  scanf_char.o(.text)
    _sgetc                                   0x08000c59   Thumb Code    30  _sgetc.o(.text)
    _sbackspace                              0x08000c77   Thumb Code    34  _sgetc.o(.text)
    __strtod_int                             0x08000ccf   Thumb Code    90  strtod.o(.text)
    __I$use$fp                               0x08000d35   Thumb Code     0  iusefp.o(.text)
    _double_round                            0x08000d35   Thumb Code    30  depilogue.o(.text)
    _double_epilogue                         0x08000d53   Thumb Code   156  depilogue.o(.text)
    __aeabi_ddiv                             0x08000def   Thumb Code   222  ddiv.o(.text)
    __aeabi_ul2d                             0x08000ecd   Thumb Code    24  dfltul.o(.text)
    __aeabi_d2ulz                            0x08000ee5   Thumb Code    48  dfixul.o(.text)
    __aeabi_d2f                              0x08000f15   Thumb Code    56  d2f.o(.text)
    __scatterload                            0x08000f4d   Thumb Code    28  init.o(.text)
    __scatterload_rt2                        0x08000f4d   Thumb Code     0  init.o(.text)
    isspace                                  0x08000f71   Thumb Code    10  isspace_c.o(.text)
    __vfscanf                                0x08000f7d   Thumb Code   810  _scanf.o(.text)
    _float_round                             0x080012ad   Thumb Code    18  fepilogue.o(.text)
    _float_epilogue                          0x080012bf   Thumb Code    92  fepilogue.o(.text)
    __ctype_lookup                           0x0800131d   Thumb Code    34  ctype_c.o(.text)
    __decompress                             0x08001345   Thumb Code     0  __dczerorl2.o(.text)
    __decompress1                            0x08001345   Thumb Code    86  __dczerorl2.o(.text)
    BusFault_Handler                         0x0800139b   Thumb Code     4  stm32f10x_it.o(i.BusFault_Handler)
    ClearBitMask                             0x0800139f   Thumb Code    28  rc522.o(i.ClearBitMask)
    DH11_GPIO_Init_IN                        0x080013bd   Thumb Code    38  dht11.o(i.DH11_GPIO_Init_IN)
    DH11_GPIO_Init_OUT                       0x080013e9   Thumb Code    38  dht11.o(i.DH11_GPIO_Init_OUT)
    DH11_OLED_Init                           0x08001415   Thumb Code    32  hanshu.o(i.DH11_OLED_Init)
    DHT11_REC_Data                           0x0800143d   Thumb Code   156  dht11.o(i.DHT11_REC_Data)
    DHT11_Rec_Byte                           0x080014e1   Thumb Code    74  dht11.o(i.DHT11_Rec_Byte)
    DHT11_Start                              0x08001531   Thumb Code    54  dht11.o(i.DHT11_Start)
    DHT11_show                               0x0800156d   Thumb Code    44  hanshu.o(i.DHT11_show)
    DebugMon_Handler                         0x0800159d   Thumb Code     2  stm32f10x_it.o(i.DebugMon_Handler)
    Door_close                               0x080015a1   Thumb Code    12  hanshu.o(i.Door_close)
    Door_open                                0x080015b1   Thumb Code    12  hanshu.o(i.Door_open)
    Esp8266_MQTT_Init                        0x080015c1   Thumb Code    64  mqtt_esp8266.o(i.Esp8266_MQTT_Init)
    Esp_Read                                 0x0800166d   Thumb Code   282  mqtt_esp8266.o(i.Esp_Read)
    GPIO_Init                                0x08001879   Thumb Code   278  stm32f10x_gpio.o(i.GPIO_Init)
    GPIO_ReadInputDataBit                    0x0800198f   Thumb Code    18  stm32f10x_gpio.o(i.GPIO_ReadInputDataBit)
    GPIO_ResetBits                           0x080019a1   Thumb Code     4  stm32f10x_gpio.o(i.GPIO_ResetBits)
    GPIO_SetBits                             0x080019a5   Thumb Code     4  stm32f10x_gpio.o(i.GPIO_SetBits)
    GPIO_ini                                 0x080019a9   Thumb Code   220  gpio.o(i.GPIO_ini)
    HardFault_Handler                        0x08001a91   Thumb Code     4  stm32f10x_it.o(i.HardFault_Handler)
    IIC_GPIO_Config                          0x08001aa5   Thumb Code    56  oled_iic.o(i.IIC_GPIO_Config)
    IIC_Start                                0x08001ae1   Thumb Code    42  oled_iic.o(i.IIC_Start)
    IIC_Stop                                 0x08001b15   Thumb Code    28  oled_iic.o(i.IIC_Stop)
    IIC_WaitAck                              0x08001b39   Thumb Code    56  oled_iic.o(i.IIC_WaitAck)
    LED1_OFF                                 0x08001b7d   Thumb Code    12  hanshu.o(i.LED1_OFF)
    LED1_ON                                  0x08001b8d   Thumb Code    12  hanshu.o(i.LED1_ON)
    M500PcdConfigISOType                     0x08001b9d   Thumb Code    92  rc522.o(i.M500PcdConfigISOType)
    MQTT_Send_Door_Open                      0x08001bf9   Thumb Code   108  mqtt_esp8266.o(i.MQTT_Send_Door_Open)
    MQTT_Send_Monitor                        0x08001cc5   Thumb Code   150  mqtt_esp8266.o(i.MQTT_Send_Monitor)
    MQTT_Topic                               0x08001de9   Thumb Code    52  mqtt_esp8266.o(i.MQTT_Topic)
    MemManage_Handler                        0x08001e85   Thumb Code     4  stm32f10x_it.o(i.MemManage_Handler)
    NMI_Handler                              0x08001e89   Thumb Code     2  stm32f10x_it.o(i.NMI_Handler)
    NVIC_Init                                0x08001e8d   Thumb Code   100  misc.o(i.NVIC_Init)
    NVIC_PriorityGroupConfig                 0x08001efd   Thumb Code    10  misc.o(i.NVIC_PriorityGroupConfig)
    OLED_Clear                               0x08001f11   Thumb Code    10  oled_iic.o(i.OLED_Clear)
    OLED_Fill                                0x08001f1b   Thumb Code    58  oled_iic.o(i.OLED_Fill)
    OLED_Init                                0x08001f55   Thumb Code   170  oled_iic.o(i.OLED_Init)
    OLED_Set_Pos                             0x08001fff   Thumb Code    46  oled_iic.o(i.OLED_Set_Pos)
    OLED_ShowCH                              0x0800202d   Thumb Code   284  oled_iic.o(i.OLED_ShowCH)
    OLED_ShowChar                            0x0800215d   Thumb Code   102  oled_iic.o(i.OLED_ShowChar)
    OLED_ShowNum                             0x080021c9   Thumb Code   124  oled_iic.o(i.OLED_ShowNum)
    PcdAntennaOff                            0x08002245   Thumb Code    12  rc522.o(i.PcdAntennaOff)
    PcdAntennaOn                             0x08002251   Thumb Code    26  rc522.o(i.PcdAntennaOn)
    PcdAnticoll                              0x0800226b   Thumb Code   112  rc522.o(i.PcdAnticoll)
    PcdComMF522                              0x080022db   Thumb Code   306  rc522.o(i.PcdComMF522)
    PcdRequest                               0x0800240d   Thumb Code    84  rc522.o(i.PcdRequest)
    PcdReset                                 0x08002461   Thumb Code   182  rc522.o(i.PcdReset)
    PendSV_Handler                           0x08002521   Thumb Code     2  stm32f10x_it.o(i.PendSV_Handler)
    RC522_read_card                          0x08002525   Thumb Code    40  hanshu.o(i.RC522_read_card)
    RCC_APB1PeriphClockCmd                   0x0800256d   Thumb Code    26  stm32f10x_rcc.o(i.RCC_APB1PeriphClockCmd)
    RCC_APB1PeriphResetCmd                   0x0800258d   Thumb Code    26  stm32f10x_rcc.o(i.RCC_APB1PeriphResetCmd)
    RCC_APB2PeriphClockCmd                   0x080025ad   Thumb Code    26  stm32f10x_rcc.o(i.RCC_APB2PeriphClockCmd)
    RCC_APB2PeriphResetCmd                   0x080025cd   Thumb Code    26  stm32f10x_rcc.o(i.RCC_APB2PeriphResetCmd)
    RCC_GetClocksFreq                        0x080025ed   Thumb Code   192  stm32f10x_rcc.o(i.RCC_GetClocksFreq)
    ReadRawRC                                0x080026c1   Thumb Code   172  rc522.o(i.ReadRawRC)
    SVC_Handler                              0x08002775   Thumb Code     2  stm32f10x_it.o(i.SVC_Handler)
    SetBitMask                               0x08002777   Thumb Code    28  rc522.o(i.SetBitMask)
    SysInit                                  0x0800287d   Thumb Code   112  main.o(i.SysInit)
    SysTick_Handler                          0x0800290d   Thumb Code    36  systick.o(i.SysTick_Handler)
    SystemInit                               0x08002935   Thumb Code    78  system_stm32f10x.o(i.SystemInit)
    SystickInit                              0x08002995   Thumb Code    94  systick.o(i.SystickInit)
    TIM3_IRQHandler                          0x08002a05   Thumb Code    22  timer.o(i.TIM3_IRQHandler)
    TIME3Init                                0x08002a21   Thumb Code   136  timer.o(i.TIME3Init)
    TIM_ARRPreloadConfig                     0x08002ab1   Thumb Code    24  stm32f10x_tim.o(i.TIM_ARRPreloadConfig)
    TIM_ClearITPendingBit                    0x08002ac9   Thumb Code     6  stm32f10x_tim.o(i.TIM_ClearITPendingBit)
    TIM_Cmd                                  0x08002acf   Thumb Code    24  stm32f10x_tim.o(i.TIM_Cmd)
    TIM_DeInit                               0x08002ae9   Thumb Code   424  stm32f10x_tim.o(i.TIM_DeInit)
    TIM_GetITStatus                          0x08002cd1   Thumb Code    34  stm32f10x_tim.o(i.TIM_GetITStatus)
    TIM_OC1Init                              0x08002cf5   Thumb Code   132  stm32f10x_tim.o(i.TIM_OC1Init)
    TIM_OC1PreloadConfig                     0x08002d8d   Thumb Code    18  stm32f10x_tim.o(i.TIM_OC1PreloadConfig)
    TIM_SetCompare1                          0x08002d9f   Thumb Code     4  stm32f10x_tim.o(i.TIM_SetCompare1)
    TIM_TimeBaseInit                         0x08002da5   Thumb Code   122  stm32f10x_tim.o(i.TIM_TimeBaseInit)
    TaskInit                                 0x08002e49   Thumb Code    26  task.o(i.TaskInit)
    USART1_IRQHandler                        0x08002e69   Thumb Code    58  usart.o(i.USART1_IRQHandler)
    USART1_RecProcess                        0x08002eb5   Thumb Code    76  usart.o(i.USART1_RecProcess)
    USART2_IRQHandler                        0x08002f19   Thumb Code    58  usart.o(i.USART2_IRQHandler)
    USART2_RecProcess                        0x08002f65   Thumb Code    58  usart.o(i.USART2_RecProcess)
    USART_ClearFlag                          0x08002fad   Thumb Code    18  stm32f10x_usart.o(i.USART_ClearFlag)
    USART_ClearITPendingBit                  0x08002fbf   Thumb Code    30  stm32f10x_usart.o(i.USART_ClearITPendingBit)
    USART_Cmd                                0x08002fdd   Thumb Code    24  stm32f10x_usart.o(i.USART_Cmd)
    USART_GetFlagStatus                      0x08002ff5   Thumb Code    26  stm32f10x_usart.o(i.USART_GetFlagStatus)
    USART_GetITStatus                        0x0800300f   Thumb Code    84  stm32f10x_usart.o(i.USART_GetITStatus)
    USART_ITConfig                           0x08003063   Thumb Code    74  stm32f10x_usart.o(i.USART_ITConfig)
    USART_Init                               0x080030ad   Thumb Code   210  stm32f10x_usart.o(i.USART_Init)
    USART_ReceiveData                        0x08003185   Thumb Code    10  stm32f10x_usart.o(i.USART_ReceiveData)
    USART_SendData                           0x0800318f   Thumb Code     8  stm32f10x_usart.o(i.USART_SendData)
    UsageFault_Handler                       0x08003197   Thumb Code     4  stm32f10x_it.o(i.UsageFault_Handler)
    WriteRawRC                               0x0800319d   Thumb Code   186  rc522.o(i.WriteRawRC)
    Write_IIC_Byte                           0x08003261   Thumb Code    80  oled_iic.o(i.Write_IIC_Byte)
    Write_IIC_Command                        0x080032b9   Thumb Code    44  oled_iic.o(i.Write_IIC_Command)
    Write_IIC_Data                           0x080032e5   Thumb Code    44  oled_iic.o(i.Write_IIC_Data)
    __0printf                                0x08003311   Thumb Code    22  printfa.o(i.__0printf)
    __1printf                                0x08003311   Thumb Code     0  printfa.o(i.__0printf)
    __2printf                                0x08003311   Thumb Code     0  printfa.o(i.__0printf)
    __c89printf                              0x08003311   Thumb Code     0  printfa.o(i.__0printf)
    printf                                   0x08003311   Thumb Code     0  printfa.o(i.__0printf)
    __0sprintf                               0x08003331   Thumb Code    34  printfa.o(i.__0sprintf)
    __1sprintf                               0x08003331   Thumb Code     0  printfa.o(i.__0sprintf)
    __2sprintf                               0x08003331   Thumb Code     0  printfa.o(i.__0sprintf)
    __c89sprintf                             0x08003331   Thumb Code     0  printfa.o(i.__0sprintf)
    sprintf                                  0x08003331   Thumb Code     0  printfa.o(i.__0sprintf)
    free                                     0x08003359   Thumb Code    88  mallocr.o(i.__free$realloc)
    malloc                                   0x080033b5   Thumb Code    64  mallocr.o(i.__malloc$realloc)
    __scatterload_copy                       0x08003405   Thumb Code    14  handlers.o(i.__scatterload_copy)
    __scatterload_null                       0x08003413   Thumb Code     2  handlers.o(i.__scatterload_null)
    __scatterload_zeroinit                   0x08003415   Thumb Code    14  handlers.o(i.__scatterload_zeroinit)
    _is_digit                                0x080035a9   Thumb Code    14  scanf_fp.o(i._is_digit)
    cJSON_AddNumberToObject                  0x08003dc1   Thumb Code    56  cjson.o(i.cJSON_AddNumberToObject)
    cJSON_AddStringToObject                  0x08003dfd   Thumb Code    48  cjson.o(i.cJSON_AddStringToObject)
    cJSON_CreateNumber                       0x08003e31   Thumb Code    82  cjson.o(i.cJSON_CreateNumber)
    cJSON_CreateObject                       0x08003e95   Thumb Code    20  cjson.o(i.cJSON_CreateObject)
    cJSON_CreateString                       0x08003ead   Thumb Code    46  cjson.o(i.cJSON_CreateString)
    cJSON_Delete                             0x08003ee1   Thumb Code    84  cjson.o(i.cJSON_Delete)
    cJSON_GetObjectItem                      0x08003f39   Thumb Code    18  cjson.o(i.cJSON_GetObjectItem)
    cJSON_Parse                              0x08003f65   Thumb Code    16  cjson.o(i.cJSON_Parse)
    cJSON_ParseWithLengthOpts                0x08003f75   Thumb Code   204  cjson.o(i.cJSON_ParseWithLengthOpts)
    cJSON_ParseWithOpts                      0x08004049   Thumb Code    40  cjson.o(i.cJSON_ParseWithOpts)
    cJSON_Print                              0x08004071   Thumb Code    16  cjson.o(i.cJSON_Print)
    delay_10ms                               0x0800417d   Thumb Code    26  rc522.o(i.delay_10ms)
    delay_Ms                                 0x08004197   Thumb Code    24  delay.o(i.delay_Ms)
    delay_Us                                 0x080041af   Thumb Code    68  delay.o(i.delay_Us)
    fputc                                    0x080042ad   Thumb Code    32  usart.o(i.fputc)
    init_usart1                              0x08004329   Thumb Code   168  usart.o(i.init_usart1)
    init_usart2                              0x080043d9   Thumb Code   170  usart.o(i.init_usart2)
    main                                     0x080044dd   Thumb Code    18  main.o(i.main)
    oled_pow                                 0x080044ef   Thumb Code    22  oled_iic.o(i.oled_pow)
    realloc                                  0x0800524d   Thumb Code   102  mallocr.o(i.realloc)
    relayInit                                0x080052b9   Thumb Code    46  relay.o(i.relayInit)
    strtod                                   0x08005329   Thumb Code    28  strtod.o(i.strtod)
    task_Run_All                             0x0800534b   Thumb Code    20  task.o(i.task_Run_All)
    task_Run_One                             0x08005361   Thumb Code    28  task.o(i.task_Run_One)
    task_Run_Three                           0x08005381   Thumb Code    88  task.o(i.task_Run_Three)
    task_Run_Two                             0x080053e1   Thumb Code    70  task.o(i.task_Run_Two)
    task_Run_four                            0x08005435   Thumb Code    26  task.o(i.task_Run_four)
    usart_send_byte                          0x08005479   Thumb Code    30  usart.o(i.usart_send_byte)
    usart_send_string                        0x08005497   Thumb Code    28  usart.o(i.usart_send_string)
    water_OFF                                0x080055e1   Thumb Code    12  hanshu.o(i.water_OFF)
    water_ON                                 0x080055f1   Thumb Code    12  hanshu.o(i.water_ON)
    switch_elecId                            0x08005600   Data          10  mqtt_esp8266.o(.constdata)
    sluice_waterId                           0x0800560a   Data          15  mqtt_esp8266.o(.constdata)
    __ctype_categories                       0x08005619   Data          64  ctype_c.o(.constdata)
    Region$$Table$$Base                      0x08005668   Number         0  anon$$obj.o(Region$$Table)
    Region$$Table$$Limit                     0x08005688   Number         0  anon$$obj.o(Region$$Table)
    usart1_pos                               0x20000028   Data           2  usart.o(.data)
    usart2_pos                               0x2000002a   Data           2  usart.o(.data)
    Data_lenght                              0x2000002c   Data           4  mqtt_esp8266.o(.data)
    switch_state                             0x20000030   Data           4  mqtt_esp8266.o(.data)
    sluice_state                             0x20000034   Data           4  mqtt_esp8266.o(.data)
    name                                     0x20000038   Data           4  mqtt_esp8266.o(.data)
    UuID                                     0x2000003c   Data           4  hanshu.o(.data)
    Ttemp                                    0x20000040   Data           4  hanshu.o(.data)
    Temp                                     0x20000044   Data           4  hanshu.o(.data)
    UID                                      0x20000048   Data           4  hanshu.o(.data)
    rc_state                                 0x2000004c   Data           2  hanshu.o(.data)
    zf                                       0x20000050   Data        1520  oled_iic.o(.data)
    hz                                       0x20000640   Data        1472  oled_iic.o(.data)
    hz_index                                 0x20000c00   Data         139  oled_iic.o(.data)
    zf_index                                 0x20000c8b   Data          96  oled_iic.o(.data)
    HZ                                       0x20000cec   Data           4  oled_iic.o(.data)
    __stdout                                 0x20000cf0   Data           4  stdout.o(.data)
    __microlib_freelist                      0x20000cf4   Data           4  mvars.o(.data)
    __microlib_freelist_initialised          0x20000cf8   Data           4  mvars.o(.data)
    sysTimer                                 0x20000cfc   Data          32  systick.o(.bss)
    usart1_rx_buf                            0x20000d1c   Data         256  usart.o(.bss)
    usart2_rx_buf                            0x20000e1c   Data         256  usart.o(.bss)
    topic                                    0x20000f1c   Data          20  mqtt_esp8266.o(.bss)
    Data                                     0x20000f30   Data         256  mqtt_esp8266.o(.bss)
    rec_data                                 0x20001030   Data          16  dht11.o(.bss)
    __heap_base                              0x20001040   Data           0  startup_stm32f10x_hd.o(HEAP)
    __heap_limit                             0x20002040   Data           0  startup_stm32f10x_hd.o(HEAP)
    __initial_sp                             0x20003040   Data           0  startup_stm32f10x_hd.o(STACK)



==============================================================================

Memory Map of the image

  Image Entry point : 0x08000131

  Load Region LR_IROM1 (Base: 0x08000000, Size: 0x00006384, Max: 0x00010000, ABSOLUTE, COMPRESSED[0x00005fac])

    Execution Region ER_IROM1 (Exec base: 0x08000000, Load base: 0x08000000, Size: 0x00005688, Max: 0x00010000, ABSOLUTE)

    Exec Addr    Load Addr    Size         Type   Attr      Idx    E Section Name        Object

    0x08000000   0x08000000   0x00000130   Data   RO            3    RESET               startup_stm32f10x_hd.o
    0x08000130   0x08000130   0x00000000   Code   RO         4555  * .ARM.Collect$$$$00000000  mc_w.l(entry.o)
    0x08000130   0x08000130   0x00000004   Code   RO         4893    .ARM.Collect$$$$00000001  mc_w.l(entry2.o)
    0x08000134   0x08000134   0x00000004   Code   RO         4896    .ARM.Collect$$$$00000004  mc_w.l(entry5.o)
    0x08000138   0x08000138   0x00000000   Code   RO         4898    .ARM.Collect$$$$00000008  mc_w.l(entry7b.o)
    0x08000138   0x08000138   0x00000000   Code   RO         4900    .ARM.Collect$$$$0000000A  mc_w.l(entry8b.o)
    0x08000138   0x08000138   0x00000008   Code   RO         4901    .ARM.Collect$$$$0000000B  mc_w.l(entry9a.o)
    0x08000140   0x08000140   0x00000004   Code   RO         4908    .ARM.Collect$$$$0000000E  mc_w.l(entry12b.o)
    0x08000144   0x08000144   0x00000000   Code   RO         4903    .ARM.Collect$$$$0000000F  mc_w.l(entry10a.o)
    0x08000144   0x08000144   0x00000000   Code   RO         4905    .ARM.Collect$$$$00000011  mc_w.l(entry11a.o)
    0x08000144   0x08000144   0x00000004   Code   RO         4894    .ARM.Collect$$$$00002712  mc_w.l(entry2.o)
    0x08000148   0x08000148   0x00000024   Code   RO            4    .text               startup_stm32f10x_hd.o
    0x0800016c   0x0800016c   0x0000000c   Code   RO         4558    .text               mc_w.l(tolower.o)
    0x08000178   0x08000178   0x00000024   Code   RO         4560    .text               mc_w.l(memcpya.o)
    0x0800019c   0x0800019c   0x00000024   Code   RO         4562    .text               mc_w.l(memseta.o)
    0x080001c0   0x080001c0   0x00000024   Code   RO         4564    .text               mc_w.l(strstr.o)
    0x080001e4   0x080001e4   0x00000014   Code   RO         4566    .text               mc_w.l(strchr.o)
    0x080001f8   0x080001f8   0x0000000e   Code   RO         4568    .text               mc_w.l(strlen.o)
    0x08000206   0x08000206   0x0000001c   Code   RO         4570    .text               mc_w.l(strcmp.o)
    0x08000222   0x08000222   0x00000012   Code   RO         4572    .text               mc_w.l(strcpy.o)
    0x08000234   0x08000234   0x0000001e   Code   RO         4574    .text               mc_w.l(strncmp.o)
    0x08000252   0x08000252   0x00000002   PAD
    0x08000254   0x08000254   0x00000038   Code   RO         4867    .text               mc_w.l(__0sscanf.o)
    0x0800028c   0x0800028c   0x0000014c   Code   RO         4869    .text               mc_w.l(_scanf_int.o)
    0x080003d8   0x080003d8   0x000000e0   Code   RO         4871    .text               mc_w.l(_scanf_str.o)
    0x080004b8   0x080004b8   0x00000360   Code   RO         4873    .text               mc_w.l(scanf_fp.o)
    0x08000818   0x08000818   0x0000014e   Code   RO         4877    .text               mf_w.l(dadd.o)
    0x08000966   0x08000966   0x000000e4   Code   RO         4879    .text               mf_w.l(dmul.o)
    0x08000a4a   0x08000a4a   0x00000022   Code   RO         4881    .text               mf_w.l(dflti.o)
    0x08000a6c   0x08000a6c   0x0000001a   Code   RO         4883    .text               mf_w.l(dfltui.o)
    0x08000a86   0x08000a86   0x0000003e   Code   RO         4885    .text               mf_w.l(dfixi.o)
    0x08000ac4   0x08000ac4   0x00000030   Code   RO         4889    .text               mf_w.l(cdcmple.o)
    0x08000af4   0x08000af4   0x00000030   Code   RO         4891    .text               mf_w.l(cdrcmple.o)
    0x08000b24   0x08000b24   0x0000002c   Code   RO         4910    .text               mc_w.l(uidiv.o)
    0x08000b50   0x08000b50   0x00000062   Code   RO         4912    .text               mc_w.l(uldiv.o)
    0x08000bb2   0x08000bb2   0x0000001e   Code   RO         4914    .text               mc_w.l(llshl.o)
    0x08000bd0   0x08000bd0   0x00000020   Code   RO         4916    .text               mc_w.l(llushr.o)
    0x08000bf0   0x08000bf0   0x00000024   Code   RO         4918    .text               mc_w.l(llsshr.o)
    0x08000c14   0x08000c14   0x0000001c   Code   RO         4922    .text               mc_w.l(_chval.o)
    0x08000c30   0x08000c30   0x00000028   Code   RO         4924    .text               mc_w.l(scanf_char.o)
    0x08000c58   0x08000c58   0x00000040   Code   RO         4926    .text               mc_w.l(_sgetc.o)
    0x08000c98   0x08000c98   0x0000009c   Code   RO         4928    .text               mc_w.l(strtod.o)
    0x08000d34   0x08000d34   0x00000000   Code   RO         4930    .text               mc_w.l(iusefp.o)
    0x08000d34   0x08000d34   0x000000ba   Code   RO         4931    .text               mf_w.l(depilogue.o)
    0x08000dee   0x08000dee   0x000000de   Code   RO         4933    .text               mf_w.l(ddiv.o)
    0x08000ecc   0x08000ecc   0x00000018   Code   RO         4935    .text               mf_w.l(dfltul.o)
    0x08000ee4   0x08000ee4   0x00000030   Code   RO         4937    .text               mf_w.l(dfixul.o)
    0x08000f14   0x08000f14   0x00000038   Code   RO         4939    .text               mf_w.l(d2f.o)
    0x08000f4c   0x08000f4c   0x00000024   Code   RO         4941    .text               mc_w.l(init.o)
    0x08000f70   0x08000f70   0x0000000a   Code   RO         4943    .text               mc_w.l(isspace_c.o)
    0x08000f7a   0x08000f7a   0x00000002   PAD
    0x08000f7c   0x08000f7c   0x00000330   Code   RO         4945    .text               mc_w.l(_scanf.o)
    0x080012ac   0x080012ac   0x0000006e   Code   RO         4947    .text               mf_w.l(fepilogue.o)
    0x0800131a   0x0800131a   0x00000002   PAD
    0x0800131c   0x0800131c   0x00000028   Code   RO         4949    .text               mc_w.l(ctype_c.o)
    0x08001344   0x08001344   0x00000056   Code   RO         4960    .text               mc_w.l(__dczerorl2.o)
    0x0800139a   0x0800139a   0x00000004   Code   RO         3290    i.BusFault_Handler  stm32f10x_it.o
    0x0800139e   0x0800139e   0x0000001c   Code   RO         4342    i.ClearBitMask      rc522.o
    0x080013ba   0x080013ba   0x00000002   PAD
    0x080013bc   0x080013bc   0x0000002c   Code   RO         4473    i.DH11_GPIO_Init_IN  dht11.o
    0x080013e8   0x080013e8   0x0000002c   Code   RO         4474    i.DH11_GPIO_Init_OUT  dht11.o
    0x08001414   0x08001414   0x00000028   Code   RO         4132    i.DH11_OLED_Init    hanshu.o
    0x0800143c   0x0800143c   0x000000a4   Code   RO         4475    i.DHT11_REC_Data    dht11.o
    0x080014e0   0x080014e0   0x00000050   Code   RO         4476    i.DHT11_Rec_Byte    dht11.o
    0x08001530   0x08001530   0x0000003c   Code   RO         4477    i.DHT11_Start       dht11.o
    0x0800156c   0x0800156c   0x00000030   Code   RO         4133    i.DHT11_show        hanshu.o
    0x0800159c   0x0800159c   0x00000002   Code   RO         3291    i.DebugMon_Handler  stm32f10x_it.o
    0x0800159e   0x0800159e   0x00000002   PAD
    0x080015a0   0x080015a0   0x00000010   Code   RO         4134    i.Door_close        hanshu.o
    0x080015b0   0x080015b0   0x00000010   Code   RO         4135    i.Door_open         hanshu.o
    0x080015c0   0x080015c0   0x000000ac   Code   RO         4087    i.Esp8266_MQTT_Init  mqtt_esp8266.o
    0x0800166c   0x0800166c   0x0000020c   Code   RO         4088    i.Esp_Read          mqtt_esp8266.o
    0x08001878   0x08001878   0x00000116   Code   RO         1292    i.GPIO_Init         stm32f10x_gpio.o
    0x0800198e   0x0800198e   0x00000012   Code   RO         1296    i.GPIO_ReadInputDataBit  stm32f10x_gpio.o
    0x080019a0   0x080019a0   0x00000004   Code   RO         1299    i.GPIO_ResetBits    stm32f10x_gpio.o
    0x080019a4   0x080019a4   0x00000004   Code   RO         1300    i.GPIO_SetBits      stm32f10x_gpio.o
    0x080019a8   0x080019a8   0x000000e8   Code   RO         4461    i.GPIO_ini          gpio.o
    0x08001a90   0x08001a90   0x00000004   Code   RO         3292    i.HardFault_Handler  stm32f10x_it.o
    0x08001a94   0x08001a94   0x0000000e   Code   RO         4199    i.IIC_Delay         oled_iic.o
    0x08001aa2   0x08001aa2   0x00000002   PAD
    0x08001aa4   0x08001aa4   0x0000003c   Code   RO         4200    i.IIC_GPIO_Config   oled_iic.o
    0x08001ae0   0x08001ae0   0x00000034   Code   RO         4201    i.IIC_Start         oled_iic.o
    0x08001b14   0x08001b14   0x00000024   Code   RO         4202    i.IIC_Stop          oled_iic.o
    0x08001b38   0x08001b38   0x00000044   Code   RO         4203    i.IIC_WaitAck       oled_iic.o
    0x08001b7c   0x08001b7c   0x00000010   Code   RO         4136    i.LED1_OFF          hanshu.o
    0x08001b8c   0x08001b8c   0x00000010   Code   RO         4137    i.LED1_ON           hanshu.o
    0x08001b9c   0x08001b9c   0x0000005c   Code   RO         4343    i.M500PcdConfigISOType  rc522.o
    0x08001bf8   0x08001bf8   0x000000cc   Code   RO         4089    i.MQTT_Send_Door_Open  mqtt_esp8266.o
    0x08001cc4   0x08001cc4   0x00000124   Code   RO         4090    i.MQTT_Send_Monitor  mqtt_esp8266.o
    0x08001de8   0x08001de8   0x0000009c   Code   RO         4091    i.MQTT_Topic        mqtt_esp8266.o
    0x08001e84   0x08001e84   0x00000004   Code   RO         3293    i.MemManage_Handler  stm32f10x_it.o
    0x08001e88   0x08001e88   0x00000002   Code   RO         3294    i.NMI_Handler       stm32f10x_it.o
    0x08001e8a   0x08001e8a   0x00000002   PAD
    0x08001e8c   0x08001e8c   0x00000070   Code   RO          137    i.NVIC_Init         misc.o
    0x08001efc   0x08001efc   0x00000014   Code   RO          138    i.NVIC_PriorityGroupConfig  misc.o
    0x08001f10   0x08001f10   0x0000000a   Code   RO         4204    i.OLED_Clear        oled_iic.o
    0x08001f1a   0x08001f1a   0x0000003a   Code   RO         4206    i.OLED_Fill         oled_iic.o
    0x08001f54   0x08001f54   0x000000aa   Code   RO         4207    i.OLED_Init         oled_iic.o
    0x08001ffe   0x08001ffe   0x0000002e   Code   RO         4210    i.OLED_Set_Pos      oled_iic.o
    0x0800202c   0x0800202c   0x00000130   Code   RO         4211    i.OLED_ShowCH       oled_iic.o
    0x0800215c   0x0800215c   0x0000006c   Code   RO         4212    i.OLED_ShowChar     oled_iic.o
    0x080021c8   0x080021c8   0x0000007c   Code   RO         4213    i.OLED_ShowNum      oled_iic.o
    0x08002244   0x08002244   0x0000000c   Code   RO         4344    i.PcdAntennaOff     rc522.o
    0x08002250   0x08002250   0x0000001a   Code   RO         4345    i.PcdAntennaOn      rc522.o
    0x0800226a   0x0800226a   0x00000070   Code   RO         4346    i.PcdAnticoll       rc522.o
    0x080022da   0x080022da   0x00000132   Code   RO         4348    i.PcdComMF522       rc522.o
    0x0800240c   0x0800240c   0x00000054   Code   RO         4351    i.PcdRequest        rc522.o
    0x08002460   0x08002460   0x000000c0   Code   RO         4352    i.PcdReset          rc522.o
    0x08002520   0x08002520   0x00000002   Code   RO         3295    i.PendSV_Handler    stm32f10x_it.o
    0x08002522   0x08002522   0x00000002   PAD
    0x08002524   0x08002524   0x00000048   Code   RO         4138    i.RC522_read_card   hanshu.o
    0x0800256c   0x0800256c   0x00000020   Code   RO         1708    i.RCC_APB1PeriphClockCmd  stm32f10x_rcc.o
    0x0800258c   0x0800258c   0x00000020   Code   RO         1709    i.RCC_APB1PeriphResetCmd  stm32f10x_rcc.o
    0x080025ac   0x080025ac   0x00000020   Code   RO         1710    i.RCC_APB2PeriphClockCmd  stm32f10x_rcc.o
    0x080025cc   0x080025cc   0x00000020   Code   RO         1711    i.RCC_APB2PeriphResetCmd  stm32f10x_rcc.o
    0x080025ec   0x080025ec   0x000000d4   Code   RO         1718    i.RCC_GetClocksFreq  stm32f10x_rcc.o
    0x080026c0   0x080026c0   0x000000b4   Code   RO         4355    i.ReadRawRC         rc522.o
    0x08002774   0x08002774   0x00000002   Code   RO         3296    i.SVC_Handler       stm32f10x_it.o
    0x08002776   0x08002776   0x0000001c   Code   RO         4356    i.SetBitMask        rc522.o
    0x08002792   0x08002792   0x00000008   Code   RO           24    i.SetSysClock       system_stm32f10x.o
    0x0800279a   0x0800279a   0x00000002   PAD
    0x0800279c   0x0800279c   0x000000e0   Code   RO           25    i.SetSysClockTo72   system_stm32f10x.o
    0x0800287c   0x0800287c   0x00000090   Code   RO         3268    i.SysInit           main.o
    0x0800290c   0x0800290c   0x00000028   Code   RO         3240    i.SysTick_Handler   systick.o
    0x08002934   0x08002934   0x00000060   Code   RO           27    i.SystemInit        system_stm32f10x.o
    0x08002994   0x08002994   0x00000070   Code   RO         3241    i.SystickInit       systick.o
    0x08002a04   0x08002a04   0x0000001c   Code   RO         4530    i.TIM3_IRQHandler   timer.o
    0x08002a20   0x08002a20   0x00000090   Code   RO         4531    i.TIME3Init         timer.o
    0x08002ab0   0x08002ab0   0x00000018   Code   RO         2330    i.TIM_ARRPreloadConfig  stm32f10x_tim.o
    0x08002ac8   0x08002ac8   0x00000006   Code   RO         2337    i.TIM_ClearITPendingBit  stm32f10x_tim.o
    0x08002ace   0x08002ace   0x00000018   Code   RO         2342    i.TIM_Cmd           stm32f10x_tim.o
    0x08002ae6   0x08002ae6   0x00000002   PAD
    0x08002ae8   0x08002ae8   0x000001e8   Code   RO         2347    i.TIM_DeInit        stm32f10x_tim.o
    0x08002cd0   0x08002cd0   0x00000022   Code   RO         2363    i.TIM_GetITStatus   stm32f10x_tim.o
    0x08002cf2   0x08002cf2   0x00000002   PAD
    0x08002cf4   0x08002cf4   0x00000098   Code   RO         2371    i.TIM_OC1Init       stm32f10x_tim.o
    0x08002d8c   0x08002d8c   0x00000012   Code   RO         2374    i.TIM_OC1PreloadConfig  stm32f10x_tim.o
    0x08002d9e   0x08002d9e   0x00000004   Code   RO         2403    i.TIM_SetCompare1   stm32f10x_tim.o
    0x08002da2   0x08002da2   0x00000002   PAD
    0x08002da4   0x08002da4   0x000000a4   Code   RO         2413    i.TIM_TimeBaseInit  stm32f10x_tim.o
    0x08002e48   0x08002e48   0x00000020   Code   RO         3108    i.TaskInit          task.o
    0x08002e68   0x08002e68   0x0000004c   Code   RO         4023    i.USART1_IRQHandler  usart.o
    0x08002eb4   0x08002eb4   0x00000064   Code   RO         4024    i.USART1_RecProcess  usart.o
    0x08002f18   0x08002f18   0x0000004c   Code   RO         4025    i.USART2_IRQHandler  usart.o
    0x08002f64   0x08002f64   0x00000048   Code   RO         4026    i.USART2_RecProcess  usart.o
    0x08002fac   0x08002fac   0x00000012   Code   RO         2874    i.USART_ClearFlag   stm32f10x_usart.o
    0x08002fbe   0x08002fbe   0x0000001e   Code   RO         2875    i.USART_ClearITPendingBit  stm32f10x_usart.o
    0x08002fdc   0x08002fdc   0x00000018   Code   RO         2878    i.USART_Cmd         stm32f10x_usart.o
    0x08002ff4   0x08002ff4   0x0000001a   Code   RO         2881    i.USART_GetFlagStatus  stm32f10x_usart.o
    0x0800300e   0x0800300e   0x00000054   Code   RO         2882    i.USART_GetITStatus  stm32f10x_usart.o
    0x08003062   0x08003062   0x0000004a   Code   RO         2884    i.USART_ITConfig    stm32f10x_usart.o
    0x080030ac   0x080030ac   0x000000d8   Code   RO         2885    i.USART_Init        stm32f10x_usart.o
    0x08003184   0x08003184   0x0000000a   Code   RO         2892    i.USART_ReceiveData  stm32f10x_usart.o
    0x0800318e   0x0800318e   0x00000008   Code   RO         2895    i.USART_SendData    stm32f10x_usart.o
    0x08003196   0x08003196   0x00000004   Code   RO         3297    i.UsageFault_Handler  stm32f10x_it.o
    0x0800319a   0x0800319a   0x00000002   PAD
    0x0800319c   0x0800319c   0x000000c4   Code   RO         4358    i.WriteRawRC        rc522.o
    0x08003260   0x08003260   0x00000058   Code   RO         4214    i.Write_IIC_Byte    oled_iic.o
    0x080032b8   0x080032b8   0x0000002c   Code   RO         4215    i.Write_IIC_Command  oled_iic.o
    0x080032e4   0x080032e4   0x0000002c   Code   RO         4216    i.Write_IIC_Data    oled_iic.o
    0x08003310   0x08003310   0x00000020   Code   RO         4811    i.__0printf         mc_w.l(printfa.o)
    0x08003330   0x08003330   0x00000028   Code   RO         4813    i.__0sprintf        mc_w.l(printfa.o)
    0x08003358   0x08003358   0x0000005c   Code   RO         4843    i.__free$realloc    mc_w.l(mallocr.o)
    0x080033b4   0x080033b4   0x00000050   Code   RO         4844    i.__malloc$realloc  mc_w.l(mallocr.o)
    0x08003404   0x08003404   0x0000000e   Code   RO         4954    i.__scatterload_copy  mc_w.l(handlers.o)
    0x08003412   0x08003412   0x00000002   Code   RO         4955    i.__scatterload_null  mc_w.l(handlers.o)
    0x08003414   0x08003414   0x0000000e   Code   RO         4956    i.__scatterload_zeroinit  mc_w.l(handlers.o)
    0x08003422   0x08003422   0x00000002   PAD
    0x08003424   0x08003424   0x00000184   Code   RO         4818    i._fp_digits        mc_w.l(printfa.o)
    0x080035a8   0x080035a8   0x0000000e   Code   RO         4875    i._is_digit         mc_w.l(scanf_fp.o)
    0x080035b6   0x080035b6   0x00000002   PAD
    0x080035b8   0x080035b8   0x000006b4   Code   RO         4819    i._printf_core      mc_w.l(printfa.o)
    0x08003c6c   0x08003c6c   0x00000024   Code   RO         4820    i._printf_post_padding  mc_w.l(printfa.o)
    0x08003c90   0x08003c90   0x0000002e   Code   RO         4821    i._printf_pre_padding  mc_w.l(printfa.o)
    0x08003cbe   0x08003cbe   0x0000000a   Code   RO         4823    i._sputc            mc_w.l(printfa.o)
    0x08003cc8   0x08003cc8   0x00000036   Code   RO         3347    i.add_item_to_array  cjson.o
    0x08003cfe   0x08003cfe   0x0000007a   Code   RO         3348    i.add_item_to_object  cjson.o
    0x08003d78   0x08003d78   0x00000048   Code   RO         3349    i.buffer_skip_whitespace  cjson.o
    0x08003dc0   0x08003dc0   0x0000003c   Code   RO         3359    i.cJSON_AddNumberToObject  cjson.o
    0x08003dfc   0x08003dfc   0x00000034   Code   RO         3362    i.cJSON_AddStringToObject  cjson.o
    0x08003e30   0x08003e30   0x00000064   Code   RO         3373    i.cJSON_CreateNumber  cjson.o
    0x08003e94   0x08003e94   0x00000018   Code   RO         3374    i.cJSON_CreateObject  cjson.o
    0x08003eac   0x08003eac   0x00000034   Code   RO         3377    i.cJSON_CreateString  cjson.o
    0x08003ee0   0x08003ee0   0x00000058   Code   RO         3381    i.cJSON_Delete      cjson.o
    0x08003f38   0x08003f38   0x00000012   Code   RO         3394    i.cJSON_GetObjectItem  cjson.o
    0x08003f4a   0x08003f4a   0x0000001a   Code   RO         3411    i.cJSON_New_Item    cjson.o
    0x08003f64   0x08003f64   0x00000010   Code   RO         3412    i.cJSON_Parse       cjson.o
    0x08003f74   0x08003f74   0x000000d4   Code   RO         3414    i.cJSON_ParseWithLengthOpts  cjson.o
    0x08004048   0x08004048   0x00000028   Code   RO         3415    i.cJSON_ParseWithOpts  cjson.o
    0x08004070   0x08004070   0x00000014   Code   RO         3416    i.cJSON_Print       cjson.o
    0x08004084   0x08004084   0x00000038   Code   RO         3429    i.cJSON_strdup      cjson.o
    0x080040bc   0x080040bc   0x00000048   Code   RO         3430    i.case_insensitive_strcmp  cjson.o
    0x08004104   0x08004104   0x00000002   Code   RO         3431    i.cast_away_const   cjson.o
    0x08004106   0x08004106   0x00000002   PAD
    0x08004108   0x08004108   0x00000074   Code   RO         3432    i.compare_double    cjson.o
    0x0800417c   0x0800417c   0x0000001a   Code   RO         4359    i.delay_10ms        rc522.o
    0x08004196   0x08004196   0x00000018   Code   RO         3216    i.delay_Ms          delay.o
    0x080041ae   0x080041ae   0x00000044   Code   RO         3218    i.delay_Us          delay.o
    0x080041f2   0x080041f2   0x000000b8   Code   RO         3434    i.ensure            cjson.o
    0x080042aa   0x080042aa   0x00000002   PAD
    0x080042ac   0x080042ac   0x00000024   Code   RO         4027    i.fputc             usart.o
    0x080042d0   0x080042d0   0x00000004   Code   RO         3436    i.get_decimal_point  cjson.o
    0x080042d4   0x080042d4   0x00000052   Code   RO         3437    i.get_object_item   cjson.o
    0x08004326   0x08004326   0x00000002   PAD
    0x08004328   0x08004328   0x000000b0   Code   RO         4028    i.init_usart1       usart.o
    0x080043d8   0x080043d8   0x000000b4   Code   RO         4029    i.init_usart2       usart.o
    0x0800448c   0x0800448c   0x00000050   Code   RO         4845    i.internal_alloc    mc_w.l(mallocr.o)
    0x080044dc   0x080044dc   0x00000012   Code   RO         3269    i.main              main.o
    0x080044ee   0x080044ee   0x00000016   Code   RO         4217    i.oled_pow          oled_iic.o
    0x08004504   0x08004504   0x000000f8   Code   RO         3439    i.parse_array       cjson.o
    0x080045fc   0x080045fc   0x0000005a   Code   RO         3440    i.parse_hex4        cjson.o
    0x08004656   0x08004656   0x00000002   PAD
    0x08004658   0x08004658   0x00000138   Code   RO         3441    i.parse_number      cjson.o
    0x08004790   0x08004790   0x0000013e   Code   RO         3442    i.parse_object      cjson.o
    0x080048ce   0x080048ce   0x0000018c   Code   RO         3443    i.parse_string      cjson.o
    0x08004a5a   0x08004a5a   0x00000002   PAD
    0x08004a5c   0x08004a5c   0x0000013c   Code   RO         3444    i.parse_value       cjson.o
    0x08004b98   0x08004b98   0x000000b2   Code   RO         3445    i.print             cjson.o
    0x08004c4a   0x08004c4a   0x000000b2   Code   RO         3446    i.print_array       cjson.o
    0x08004cfc   0x08004cfc   0x00000154   Code   RO         3447    i.print_number      cjson.o
    0x08004e50   0x08004e50   0x00000174   Code   RO         3448    i.print_object      cjson.o
    0x08004fc4   0x08004fc4   0x00000010   Code   RO         3449    i.print_string      cjson.o
    0x08004fd4   0x08004fd4   0x00000174   Code   RO         3450    i.print_string_ptr  cjson.o
    0x08005148   0x08005148   0x00000104   Code   RO         3451    i.print_value       cjson.o
    0x0800524c   0x0800524c   0x0000006c   Code   RO         4846    i.realloc           mc_w.l(mallocr.o)
    0x080052b8   0x080052b8   0x00000034   Code   RO         4518    i.relayInit         relay.o
    0x080052ec   0x080052ec   0x0000003c   Code   RO         3455    i.skip_utf8_bom     cjson.o
    0x08005328   0x08005328   0x0000001c   Code   RO         4552    i.strtod            m_ws.l(strtod.o)
    0x08005344   0x08005344   0x00000006   Code   RO         3456    i.suffix_object     cjson.o
    0x0800534a   0x0800534a   0x00000014   Code   RO         3109    i.task_Run_All      task.o
    0x0800535e   0x0800535e   0x00000002   PAD
    0x08005360   0x08005360   0x00000020   Code   RO         3110    i.task_Run_One      task.o
    0x08005380   0x08005380   0x00000060   Code   RO         3111    i.task_Run_Three    task.o
    0x080053e0   0x080053e0   0x00000054   Code   RO         3112    i.task_Run_Two      task.o
    0x08005434   0x08005434   0x00000020   Code   RO         3113    i.task_Run_four     task.o
    0x08005454   0x08005454   0x00000024   Code   RO         3457    i.update_offset     cjson.o
    0x08005478   0x08005478   0x0000001e   Code   RO         4030    i.usart_send_byte   usart.o
    0x08005496   0x08005496   0x0000001c   Code   RO         4031    i.usart_send_string  usart.o
    0x080054b2   0x080054b2   0x0000012c   Code   RO         3458    i.utf16_literal_to_utf8  cjson.o
    0x080055de   0x080055de   0x00000002   PAD
    0x080055e0   0x080055e0   0x00000010   Code   RO         4139    i.water_OFF         hanshu.o
    0x080055f0   0x080055f0   0x00000010   Code   RO         4140    i.water_ON          hanshu.o
    0x08005600   0x08005600   0x00000019   Data   RO         4093    .constdata          mqtt_esp8266.o
    0x08005619   0x08005619   0x00000040   Data   RO         4950    .constdata          mc_w.l(ctype_c.o)
    0x08005659   0x08005659   0x00000003   PAD
    0x0800565c   0x0800565c   0x0000000a   Data   RO         4094    .conststring        mqtt_esp8266.o
    0x08005666   0x08005666   0x00000002   PAD
    0x08005668   0x08005668   0x00000020   Data   RO         4952    Region$$Table       anon$$obj.o


    Execution Region RW_IRAM1 (Exec base: 0x20000000, Load base: 0x08005688, Size: 0x00003040, Max: 0x00005000, ABSOLUTE, COMPRESSED[0x00000924])

    Exec Addr    Load Addr    Size         Type   Attr      Idx    E Section Name        Object

    0x20000000   COMPRESSED   0x00000014   Data   RW         1738    .data               stm32f10x_rcc.o
    0x20000014   COMPRESSED   0x00000014   Data   RW         3460    .data               cjson.o
    0x20000028   COMPRESSED   0x00000004   Data   RW         4033    .data               usart.o
    0x2000002c   COMPRESSED   0x00000010   Data   RW         4095    .data               mqtt_esp8266.o
    0x2000003c   COMPRESSED   0x00000012   Data   RW         4141    .data               hanshu.o
    0x2000004e   COMPRESSED   0x00000002   PAD
    0x20000050   COMPRESSED   0x00000ca0   Data   RW         4218    .data               oled_iic.o
    0x20000cf0   COMPRESSED   0x00000004   Data   RW         4909    .data               mc_w.l(stdout.o)
    0x20000cf4   COMPRESSED   0x00000004   Data   RW         4920    .data               mc_w.l(mvars.o)
    0x20000cf8   COMPRESSED   0x00000004   Data   RW         4921    .data               mc_w.l(mvars.o)
    0x20000cfc        -       0x00000020   Zero   RW         3242    .bss                systick.o
    0x20000d1c        -       0x00000200   Zero   RW         4032    .bss                usart.o
    0x20000f1c        -       0x00000114   Zero   RW         4092    .bss                mqtt_esp8266.o
    0x20001030        -       0x00000010   Zero   RW         4478    .bss                dht11.o
    0x20001040        -       0x00001000   Zero   RW            2    HEAP                startup_stm32f10x_hd.o
    0x20002040        -       0x00001000   Zero   RW            1    STACK               startup_stm32f10x_hd.o


==============================================================================

Image component sizes


      Code (inc. data)   RO Data    RW Data    ZI Data      Debug   Object Name

      5270        182          0         20          0      36397   cjson.o
         0          0          0          0          0       4508   core_cm3.o
        92          0          0          0          0        990   delay.o
       392         32          0          0         16       3312   dht11.o
       232         12          0          0          0        547   gpio.o
       256         68          0         18          0       4676   hanshu.o
       162         32          0          0          0      16040   main.o
       132         22          0          0          0       1443   misc.o
      1348        692         35         16        276       3871   mqtt_esp8266.o
      1248         68          0       3232          0       9622   oled_iic.o
      1282         28          0          0          0       7396   rc522.o
        52          6          0          0          0        456   relay.o
        36          8        304          0       8192        840   startup_stm32f10x_hd.o
       304          0          0          0          0       3508   stm32f10x_gpio.o
        24          0          0          0          0       3196   stm32f10x_it.o
       340         44          0         20          0       5372   stm32f10x_rcc.o
       914        126          0          0          0       5886   stm32f10x_tim.o
       490          6          0          0          0       7061   stm32f10x_usart.o
       328         28          0          0          0     248661   system_stm32f10x.o
       152         22          0          0         32      16746   systick.o
       296         38          0          0          0       5441   task.o
       172         14          0          0          0       1122   timer.o
       774         96          0          4        512       5646   usart.o

    ----------------------------------------------------------------------
     14330       1524        373       3312       9028     392737   Object Totals
         0          0         32          0          0          0   (incl. Generated)
        34          0          2          2          0          0   (incl. Padding)

    ----------------------------------------------------------------------

      Code (inc. data)   RO Data    RW Data    ZI Data      Debug   Library Member Name

        28          0          0          0          0         80   strtod.o
        56          8          0          0          0         84   __0sscanf.o
        86          0          0          0          0          0   __dczerorl2.o
        28          0          0          0          0         68   _chval.o
       816          6          0          0          0        112   _scanf.o
       332          0          0          0          0         96   _scanf_int.o
       224          0          0          0          0         96   _scanf_str.o
        64          0          0          0          0         84   _sgetc.o
        40          6         64          0          0         68   ctype_c.o
         0          0          0          0          0          0   entry.o
         0          0          0          0          0          0   entry10a.o
         0          0          0          0          0          0   entry11a.o
         4          0          0          0          0          0   entry12b.o
         8          4          0          0          0          0   entry2.o
         4          0          0          0          0          0   entry5.o
         0          0          0          0          0          0   entry7b.o
         0          0          0          0          0          0   entry8b.o
         8          4          0          0          0          0   entry9a.o
        30          0          0          0          0          0   handlers.o
        36          8          0          0          0         68   init.o
        10          0          0          0          0         68   isspace_c.o
         0          0          0          0          0          0   iusefp.o
        30          0          0          0          0         68   llshl.o
        36          0          0          0          0         68   llsshr.o
        32          0          0          0          0         68   llushr.o
       360         30          0          0          0        356   mallocr.o
        36          0          0          0          0         68   memcpya.o
        36          0          0          0          0        108   memseta.o
         0          0          0          8          0          0   mvars.o
      2268         96          0          0          0        616   printfa.o
        40          8          0          0          0         84   scanf_char.o
       878         12          0          0          0        216   scanf_fp.o
         0          0          0          4          0          0   stdout.o
        20          0          0          0          0         68   strchr.o
        28          0          0          0          0         76   strcmp.o
        18          0          0          0          0         68   strcpy.o
        14          0          0          0          0         68   strlen.o
        30          0          0          0          0         80   strncmp.o
        36          0          0          0          0         80   strstr.o
       156         12          0          0          0        120   strtod.o
        12          0          0          0          0         68   tolower.o
        44          0          0          0          0         80   uidiv.o
        98          0          0          0          0         92   uldiv.o
        48          0          0          0          0         68   cdcmple.o
        48          0          0          0          0         68   cdrcmple.o
        56          0          0          0          0         88   d2f.o
       334          0          0          0          0        148   dadd.o
       222          0          0          0          0        100   ddiv.o
       186          0          0          0          0        176   depilogue.o
        62          0          0          0          0         80   dfixi.o
        48          0          0          0          0         68   dfixul.o
        34          0          0          0          0         76   dflti.o
        26          0          0          0          0         76   dfltui.o
        24          0          0          0          0         76   dfltul.o
       228          0          0          0          0         96   dmul.o
       110          0          0          0          0        168   fepilogue.o

    ----------------------------------------------------------------------
      7382        194         67         12          0       4564   Library Totals
        10          0          3          0          0          0   (incl. Padding)

    ----------------------------------------------------------------------

      Code (inc. data)   RO Data    RW Data    ZI Data      Debug   Library Name

        28          0          0          0          0         80   m_ws.l
      5918        194         64         12          0       3196   mc_w.l
      1426          0          0          0          0       1288   mf_w.l

    ----------------------------------------------------------------------
      7382        194         67         12          0       4564   Library Totals

    ----------------------------------------------------------------------

==============================================================================


      Code (inc. data)   RO Data    RW Data    ZI Data      Debug   

     21712       1718        440       3324       9028     387289   Grand Totals
     21712       1718        440       2340       9028     387289   ELF Image Totals (compressed)
     21712       1718        440       2340          0          0   ROM Totals

==============================================================================

    Total RO  Size (Code + RO Data)                22152 (  21.63kB)
    Total RW  Size (RW Data + ZI Data)             12352 (  12.06kB)
    Total ROM Size (Code + RO Data + RW Data)      24492 (  23.92kB)

==============================================================================

