Component: ARM Compiler 5.05 update 1 (build 106) Tool: armlink [4d0efa]

==============================================================================

Section Cross References

    startup_stm32f10x_hd.o(RESET) refers to startup_stm32f10x_hd.o(STACK) for __initial_sp
    startup_stm32f10x_hd.o(RESET) refers to startup_stm32f10x_hd.o(.text) for Reset_Handler
    startup_stm32f10x_hd.o(RESET) refers to stm32f10x_it.o(i.NMI_Handler) for NMI_Handler
    startup_stm32f10x_hd.o(RESET) refers to stm32f10x_it.o(i.HardFault_Handler) for HardFault_Handler
    startup_stm32f10x_hd.o(RESET) refers to stm32f10x_it.o(i.MemManage_Handler) for MemManage_Handler
    startup_stm32f10x_hd.o(RESET) refers to stm32f10x_it.o(i.BusFault_Handler) for BusFault_Handler
    startup_stm32f10x_hd.o(RESET) refers to stm32f10x_it.o(i.UsageFault_Handler) for UsageFault_Handler
    startup_stm32f10x_hd.o(RESET) refers to stm32f10x_it.o(i.SVC_Handler) for SVC_Handler
    startup_stm32f10x_hd.o(RESET) refers to stm32f10x_it.o(i.DebugMon_Handler) for DebugMon_Handler
    startup_stm32f10x_hd.o(RESET) refers to stm32f10x_it.o(i.PendSV_Handler) for PendSV_Handler
    startup_stm32f10x_hd.o(RESET) refers to systick.o(i.SysTick_Handler) for SysTick_Handler
    startup_stm32f10x_hd.o(RESET) refers to usart.o(i.USART1_IRQHandler) for USART1_IRQHandler
    startup_stm32f10x_hd.o(RESET) refers to usart.o(i.USART2_IRQHandler) for USART2_IRQHandler
    startup_stm32f10x_hd.o(RESET) refers to usart.o(i.USART3_IRQHandler) for USART3_IRQHandler
    startup_stm32f10x_hd.o(RESET) refers to usart.o(i.UART4_IRQHandler) for UART4_IRQHandler
    startup_stm32f10x_hd.o(RESET) refers to usart.o(i.UART5_IRQHandler) for UART5_IRQHandler
    startup_stm32f10x_hd.o(.text) refers to system_stm32f10x.o(i.SystemInit) for SystemInit
    startup_stm32f10x_hd.o(.text) refers to entry.o(.ARM.Collect$$$$00000000) for __main
    system_stm32f10x.o(i.SetSysClock) refers to system_stm32f10x.o(i.SetSysClockTo72) for SetSysClockTo72
    system_stm32f10x.o(i.SystemCoreClockUpdate) refers to system_stm32f10x.o(.data) for SystemCoreClock
    system_stm32f10x.o(i.SystemInit) refers to system_stm32f10x.o(i.SetSysClock) for SetSysClock
    stm32f10x_adc.o(i.ADC_DeInit) refers to stm32f10x_rcc.o(i.RCC_APB2PeriphResetCmd) for RCC_APB2PeriphResetCmd
    stm32f10x_bkp.o(i.BKP_DeInit) refers to stm32f10x_rcc.o(i.RCC_BackupResetCmd) for RCC_BackupResetCmd
    stm32f10x_can.o(i.CAN_DeInit) refers to stm32f10x_rcc.o(i.RCC_APB1PeriphResetCmd) for RCC_APB1PeriphResetCmd
    stm32f10x_can.o(i.CAN_GetITStatus) refers to stm32f10x_can.o(i.CheckITStatus) for CheckITStatus
    stm32f10x_cec.o(i.CEC_DeInit) refers to stm32f10x_rcc.o(i.RCC_APB1PeriphResetCmd) for RCC_APB1PeriphResetCmd
    stm32f10x_dac.o(i.DAC_DeInit) refers to stm32f10x_rcc.o(i.RCC_APB1PeriphResetCmd) for RCC_APB1PeriphResetCmd
    stm32f10x_flash.o(i.FLASH_EnableWriteProtection) refers to stm32f10x_flash.o(i.FLASH_WaitForLastOperation) for FLASH_WaitForLastOperation
    stm32f10x_flash.o(i.FLASH_EraseAllBank1Pages) refers to stm32f10x_flash.o(i.FLASH_WaitForLastBank1Operation) for FLASH_WaitForLastBank1Operation
    stm32f10x_flash.o(i.FLASH_EraseAllPages) refers to stm32f10x_flash.o(i.FLASH_WaitForLastOperation) for FLASH_WaitForLastOperation
    stm32f10x_flash.o(i.FLASH_EraseOptionBytes) refers to stm32f10x_flash.o(i.FLASH_GetReadOutProtectionStatus) for FLASH_GetReadOutProtectionStatus
    stm32f10x_flash.o(i.FLASH_EraseOptionBytes) refers to stm32f10x_flash.o(i.FLASH_WaitForLastOperation) for FLASH_WaitForLastOperation
    stm32f10x_flash.o(i.FLASH_ErasePage) refers to stm32f10x_flash.o(i.FLASH_WaitForLastOperation) for FLASH_WaitForLastOperation
    stm32f10x_flash.o(i.FLASH_ProgramHalfWord) refers to stm32f10x_flash.o(i.FLASH_WaitForLastOperation) for FLASH_WaitForLastOperation
    stm32f10x_flash.o(i.FLASH_ProgramOptionByteData) refers to stm32f10x_flash.o(i.FLASH_WaitForLastOperation) for FLASH_WaitForLastOperation
    stm32f10x_flash.o(i.FLASH_ProgramWord) refers to stm32f10x_flash.o(i.FLASH_WaitForLastOperation) for FLASH_WaitForLastOperation
    stm32f10x_flash.o(i.FLASH_ReadOutProtection) refers to stm32f10x_flash.o(i.FLASH_WaitForLastOperation) for FLASH_WaitForLastOperation
    stm32f10x_flash.o(i.FLASH_UserOptionByteConfig) refers to stm32f10x_flash.o(i.FLASH_WaitForLastOperation) for FLASH_WaitForLastOperation
    stm32f10x_flash.o(i.FLASH_WaitForLastBank1Operation) refers to stm32f10x_flash.o(i.FLASH_GetBank1Status) for FLASH_GetBank1Status
    stm32f10x_flash.o(i.FLASH_WaitForLastOperation) refers to stm32f10x_flash.o(i.FLASH_GetBank1Status) for FLASH_GetBank1Status
    stm32f10x_gpio.o(i.GPIO_AFIODeInit) refers to stm32f10x_rcc.o(i.RCC_APB2PeriphResetCmd) for RCC_APB2PeriphResetCmd
    stm32f10x_gpio.o(i.GPIO_DeInit) refers to stm32f10x_rcc.o(i.RCC_APB2PeriphResetCmd) for RCC_APB2PeriphResetCmd
    stm32f10x_i2c.o(i.I2C_DeInit) refers to stm32f10x_rcc.o(i.RCC_APB1PeriphResetCmd) for RCC_APB1PeriphResetCmd
[...]
    ../clib/microlib/printf/printf.c         0x00000000   Number         0  printf1.o ABSOLUTE
    ../clib/microlib/printf/stubs.s          0x00000000   Number         0  stubs.o ABSOLUTE
    ../clib/microlib/stdio/streams.c         0x00000000   Number         0  stdout.o ABSOLUTE
    ../clib/microlib/string/memcpy.c         0x00000000   Number         0  memcpya.o ABSOLUTE
    ../clib/microlib/string/memcpy.c         0x00000000   Number         0  memcpyb.o ABSOLUTE
    ../clib/microlib/string/memset.c         0x00000000   Number         0  memseta.o ABSOLUTE
    ../clib/microlib/string/strcmp.c         0x00000000   Number         0  strcmp.o ABSOLUTE
    ../clib/microlib/string/strcpy.c         0x00000000   Number         0  strcpy.o ABSOLUTE
    ../clib/microlib/string/strlen.c         0x00000000   Number         0  strlen.o ABSOLUTE
    ../clib/microlib/string/strncmp.c        0x00000000   Number         0  strncmp.o ABSOLUTE
    ../clib/microlib/string/strstr.c         0x00000000   Number         0  strstr.o ABSOLUTE
    ../clib/microlib/stubs.s                 0x00000000   Number         0  iusefp.o ABSOLUTE
    ../clib/scanf.c                          0x00000000   Number         0  scanf_char.o ABSOLUTE
    ../clib/scanf.c                          0x00000000   Number         0  _scanf.o ABSOLUTE
    ../clib/scanf.c                          0x00000000   Number         0  __0sscanf.o ABSOLUTE
    ../clib/scanf.c                          0x00000000   Number         0  _scanf_int.o ABSOLUTE
    ../clib/scanf.c                          0x00000000   Number         0  scanf_fp.o ABSOLUTE
    ../clib/scanf.c                          0x00000000   Number         0  strtol.o ABSOLUTE
    ../clib/scanf.c                          0x00000000   Number         0  strtoul.o ABSOLUTE
    ../clib/scanf.c                          0x00000000   Number         0  _chval.o ABSOLUTE
    ../clib/scanf.c                          0x00000000   Number         0  strtod.o ABSOLUTE
    ../clib/scanf.c                          0x00000000   Number         0  _strtoul.o ABSOLUTE
    ../clib/scanf.c                          0x00000000   Number         0  _sgetc.o ABSOLUTE
    ../fplib/microlib/d2f.c                  0x00000000   Number         0  d2f.o ABSOLUTE
    ../fplib/microlib/f2d.c                  0x00000000   Number         0  f2d.o ABSOLUTE
    ../fplib/microlib/fpadd.c                0x00000000   Number         0  dadd.o ABSOLUTE
    ../fplib/microlib/fpdiv.c                0x00000000   Number         0  ddiv.o ABSOLUTE
    ../fplib/microlib/fpepilogue.c           0x00000000   Number         0  fepilogue.o ABSOLUTE
    ../fplib/microlib/fpepilogue.c           0x00000000   Number         0  depilogue.o ABSOLUTE
    ../fplib/microlib/fpfix.c                0x00000000   Number         0  dfixul.o ABSOLUTE
    ../fplib/microlib/fpfix.c                0x00000000   Number         0  dfixi.o ABSOLUTE
    ../fplib/microlib/fpflt.c                0x00000000   Number         0  dflti.o ABSOLUTE
    ../fplib/microlib/fpflt.c                0x00000000   Number         0  dfltui.o ABSOLUTE
    ../fplib/microlib/fpflt.c                0x00000000   Number         0  dfltul.o ABSOLUTE
    ../fplib/microlib/fpmul.c                0x00000000   Number         0  dmul.o ABSOLUTE
    ../mathlib/strtod.c                      0x00000000   Number         0  strtod.o ABSOLUTE
    ../mathlib/strtof.c                      0x00000000   Number         0  strtof.o ABSOLUTE
    ..\Libraries\CMSIS\core_cm3.c            0x00000000   Number         0  core_cm3.o ABSOLUTE
    ..\Libraries\CMSIS\startup\startup_stm32f10x_hd.s 0x00000000   Number         0  startup_stm32f10x_hd.o ABSOLUTE
    ..\Libraries\CMSIS\system_stm32f10x.c    0x00000000   Number         0  system_stm32f10x.o ABSOLUTE
    ..\Libraries\FWlib\src\misc.c            0x00000000   Number         0  misc.o ABSOLUTE
    ..\Libraries\FWlib\src\stm32f10x_adc.c   0x00000000   Number         0  stm32f10x_adc.o ABSOLUTE
    ..\Libraries\FWlib\src\stm32f10x_bkp.c   0x00000000   Number         0  stm32f10x_bkp.o ABSOLUTE
    ..\Libraries\FWlib\src\stm32f10x_can.c   0x00000000   Number         0  stm32f10x_can.o ABSOLUTE
    ..\Libraries\FWlib\src\stm32f10x_cec.c   0x00000000   Number         0  stm32f10x_cec.o ABSOLUTE
    ..\Libraries\FWlib\src\stm32f10x_crc.c   0x00000000   Number         0  stm32f10x_crc.o ABSOLUTE
    ..\Libraries\FWlib\src\stm32f10x_dac.c   0x00000000   Number         0  stm32f10x_dac.o ABSOLUTE
    ..\Libraries\FWlib\src\stm32f10x_dbgmcu.c 0x00000000   Number         0  stm32f10x_dbgmcu.o ABSOLUTE
    ..\Libraries\FWlib\src\stm32f10x_dma.c   0x00000000   Number         0  stm32f10x_dma.o ABSOLUTE
    ..\Libraries\FWlib\src\stm32f10x_exti.c  0x00000000   Number         0  stm32f10x_exti.o ABSOLUTE
    ..\Libraries\FWlib\src\stm32f10x_flash.c 0x00000000   Number         0  stm32f10x_flash.o ABSOLUTE
    ..\Libraries\FWlib\src\stm32f10x_fsmc.c  0x00000000   Number         0  stm32f10x_fsmc.o ABSOLUTE
    ..\Libraries\FWlib\src\stm32f10x_gpio.c  0x00000000   Number         0  stm32f10x_gpio.o ABSOLUTE
    ..\Libraries\FWlib\src\stm32f10x_i2c.c   0x00000000   Number         0  stm32f10x_i2c.o ABSOLUTE
    ..\Libraries\FWlib\src\stm32f10x_iwdg.c  0x00000000   Number         0  stm32f10x_iwdg.o ABSOLUTE
    ..\Libraries\FWlib\src\stm32f10x_pwr.c   0x00000000   Number         0  stm32f10x_pwr.o ABSOLUTE
    ..\Libraries\FWlib\src\stm32f10x_rcc.c   0x00000000   Number         0  stm32f10x_rcc.o ABSOLUTE
    ..\Libraries\FWlib\src\stm32f10x_rtc.c   0x00000000   Number         0  stm32f10x_rtc.o ABSOLUTE
    ..\Libraries\FWlib\src\stm32f10x_sdio.c  0x00000000   Number         0  stm32f10x_sdio.o ABSOLUTE
    ..\Libraries\FWlib\src\stm32f10x_spi.c   0x00000000   Number         0  stm32f10x_spi.o ABSOLUTE
    ..\Libraries\FWlib\src\stm32f10x_tim.c   0x00000000   Number         0  stm32f10x_tim.o ABSOLUTE
    ..\Libraries\FWlib\src\stm32f10x_usart.c 0x00000000   Number         0  stm32f10x_usart.o ABSOLUTE
    ..\Libraries\FWlib\src\stm32f10x_wwdg.c  0x00000000   Number         0  stm32f10x_wwdg.o ABSOLUTE
    ..\Source\Cdh_stm32\cJSON.c              0x00000000   Number         0  cjson.o ABSOLUTE
    ..\Source\Cdh_stm32\cdh_fun_stm32.c      0x00000000   Number         0  cdh_fun_stm32.o ABSOLUTE
    ..\Source\Cdh_stm32\data_helper.c        0x00000000   Number         0  data_helper.o ABSOLUTE
    ..\Source\Dev\adc.c                      0x00000000   Number         0  adc.o ABSOLUTE
    ..\Source\Dev\timer.c                    0x00000000   Number         0  timer.o ABSOLUTE
    ..\Source\Dev\usart.c                    0x00000000   Number         0  usart.o ABSOLUTE
    ..\Source\Main\main.c                    0x00000000   Number         0  main.o ABSOLUTE
    ..\Source\Main\stm32f10x_it.c            0x00000000   Number         0  stm32f10x_it.o ABSOLUTE
    ..\Source\System\system.c                0x00000000   Number         0  system.o ABSOLUTE
    ..\Source\System\systick.c               0x00000000   Number         0  systick.o ABSOLUTE
    ..\Source\System\task.c                  0x00000000   Number         0  task.o ABSOLUTE
    ..\Source\Use\command.c                  0x00000000   Number         0  command.o ABSOLUTE
    ..\Source\Use\data_receive.c             0x00000000   Number         0  data_receive.o ABSOLUTE
    ..\Source\Use\led.c                      0x00000000   Number         0  led.o ABSOLUTE
    ..\Source\Use\uploading.c                0x00000000   Number         0  uploading.o ABSOLUTE
    ..\Source\Use\wifi.c                     0x00000000   Number         0  wifi.o ABSOLUTE
    ..\\Libraries\\CMSIS\\core_cm3.c         0x00000000   Number         0  core_cm3.o ABSOLUTE
    cdcmple.s                                0x00000000   Number         0  cdcmple.o ABSOLUTE
    cdrcmple.s                               0x00000000   Number         0  cdrcmple.o ABSOLUTE
    dc.s                                     0x00000000   Number         0  dc.o ABSOLUTE
    handlers.s                               0x00000000   Number         0  handlers.o ABSOLUTE
    init.s                                   0x00000000   Number         0  init.o ABSOLUTE
    RESET                                    0x08000000   Section      304  startup_stm32f10x_hd.o(RESET)
    .ARM.Collect$$$$00000000                 0x08000130   Section        0  entry.o(.ARM.Collect$$$$00000000)
    .ARM.Collect$$$$00000001                 0x08000130   Section        4  entry2.o(.ARM.Collect$$$$00000001)
    .ARM.Collect$$$$00000004                 0x08000134   Section        4  entry5.o(.ARM.Collect$$$$00000004)
    .ARM.Collect$$$$00000008                 0x08000138   Section        0  entry7b.o(.ARM.Collect$$$$00000008)
    .ARM.Collect$$$$0000000A                 0x08000138   Section        0  entry8b.o(.ARM.Collect$$$$0000000A)
    .ARM.Collect$$$$0000000B                 0x08000138   Section        8  entry9a.o(.ARM.Collect$$$$0000000B)
    .ARM.Collect$$$$0000000D                 0x08000140   Section        0  entry10a.o(.ARM.Collect$$$$0000000D)
    .ARM.Collect$$$$0000000F                 0x08000140   Section        0  entry11a.o(.ARM.Collect$$$$0000000F)
    .ARM.Collect$$$$00002712                 0x08000140   Section        4  entry2.o(.ARM.Collect$$$$00002712)
    __lit__00000000                          0x08000140   Data           4  entry2.o(.ARM.Collect$$$$00002712)
    .text                                    0x08000144   Section       36  startup_stm32f10x_hd.o(.text)
    .text                                    0x08000168   Section        0  tolower.o(.text)
    .text                                    0x08000174   Section        0  memcpya.o(.text)
    .text                                    0x08000198   Section        0  memseta.o(.text)
    .text                                    0x080001bc   Section        0  strstr.o(.text)
    .text                                    0x080001e0   Section        0  strlen.o(.text)
    .text                                    0x080001ee   Section        0  strcmp.o(.text)
    .text                                    0x0800020a   Section        0  strcpy.o(.text)
    .text                                    0x0800021c   Section        0  strncmp.o(.text)
    .text                                    0x0800023c   Section        0  __0sscanf.o(.text)
    .text                                    0x08000274   Section        0  _scanf_int.o(.text)
    .text                                    0x080003c0   Section        0  scanf_fp.o(.text)
    _fp_value                                0x080003c1   Thumb Code   256  scanf_fp.o(.text)
    .text                                    0x080006f8   Section        0  strtoul.o(.text)
    .text                                    0x0800076a   Section        0  dadd.o(.text)
    .text                                    0x080008b8   Section        0  dmul.o(.text)
    .text                                    0x0800099c   Section        0  dflti.o(.text)
    .text                                    0x080009be   Section        0  dfltui.o(.text)
    .text                                    0x080009d8   Section        0  dfixi.o(.text)
    .text                                    0x08000a16   Section        0  f2d.o(.text)
    .text                                    0x08000a3c   Section       48  cdcmple.o(.text)
    .text                                    0x08000a6c   Section       48  cdrcmple.o(.text)
    .text                                    0x08000a9c   Section        0  d2f.o(.text)
    .text                                    0x08000ad4   Section        0  uidiv.o(.text)
    .text                                    0x08000b00   Section        0  uldiv.o(.text)
    .text                                    0x08000b62   Section        0  llshl.o(.text)
    .text                                    0x08000b80   Section        0  llushr.o(.text)
    .text                                    0x08000ba0   Section        0  llsshr.o(.text)
    .text                                    0x08000bc4   Section        0  ctype_o.o(.text)
    .text                                    0x08000bcc   Section        0  isspace_o.o(.text)
    .text                                    0x08000bde   Section        0  _chval.o(.text)
    .text                                    0x08000bfc   Section        0  scanf_char.o(.text)
    _scanf_char_input                        0x08000bfd   Thumb Code    12  scanf_char.o(.text)
    .text                                    0x08000c24   Section        0  _sgetc.o(.text)
    .text                                    0x08000c64   Section        0  _strtoul.o(.text)
    .text                                    0x08000d04   Section        0  strtod.o(.text)
    _local_sscanf                            0x08000d05   Thumb Code    54  strtod.o(.text)
    .text                                    0x08000da0   Section        0  fepilogue.o(.text)
    .text                                    0x08000da0   Section        0  iusefp.o(.text)
    .text                                    0x08000e0e   Section        0  depilogue.o(.text)
    .text                                    0x08000ec8   Section        0  ddiv.o(.text)
    .text                                    0x08000fa6   Section        0  dfltul.o(.text)
    .text                                    0x08000fbe   Section        0  dfixul.o(.text)
    .text                                    0x08000ff0   Section       36  init.o(.text)
    .text                                    0x08001014   Section        0  _scanf.o(.text)
    i.BusFault_Handler                       0x08001340   Section        0  stm32f10x_it.o(i.BusFault_Handler)
    i.DebugMon_Handler                       0x08001344   Section        0  stm32f10x_it.o(i.DebugMon_Handler)
    i.DelayMs                                0x08001346   Section        0  systick.o(i.DelayMs)
    i.GPIO_Init                              0x08001362   Section        0  stm32f10x_gpio.o(i.GPIO_Init)
    i.HardFault_Handler                      0x08001478   Section        0  stm32f10x_it.o(i.HardFault_Handler)
    i.InitLed                                0x0800147c   Section        0  led.o(i.InitLed)
    i.MemManage_Handler                      0x08001502   Section        0  stm32f10x_it.o(i.MemManage_Handler)
    i.NMI_Handler                            0x08001506   Section        0  stm32f10x_it.o(i.NMI_Handler)
    i.NVIC_Init                              0x08001508   Section        0  misc.o(i.NVIC_Init)
    i.NVIC_PriorityGroupConfig               0x0800157e   Section        0  misc.o(i.NVIC_PriorityGroupConfig)
    i.ParseIndent_string                     0x08001592   Section        0  data_receive.o(i.ParseIndent_string)
    i.PendSV_Handler                         0x080016a8   Section        0  stm32f10x_it.o(i.PendSV_Handler)
    i.RCC_APB1PeriphClockCmd                 0x080016aa   Section        0  stm32f10x_rcc.o(i.RCC_APB1PeriphClockCmd)
    i.RCC_APB2PeriphClockCmd                 0x080016dc   Section        0  stm32f10x_rcc.o(i.RCC_APB2PeriphClockCmd)
    i.RCC_GetClocksFreq                      0x0800170e   Section        0  stm32f10x_rcc.o(i.RCC_GetClocksFreq)
    i.RunAllTask                             0x0800183a   Section        0  main.o(i.RunAllTask)
    i.SVC_Handler                            0x08001862   Section        0  stm32f10x_it.o(i.SVC_Handler)
    i.SendCommandTo_ScanCode                 0x08001864   Section        0  command.o(i.SendCommandTo_ScanCode)
    i.SendCommandTo_ScanCode_Add_Goods       0x08001906   Section        0  command.o(i.SendCommandTo_ScanCode_Add_Goods)
    i.SendCommandTo_Security_and_sensing     0x080019b0   Section        0  command.o(i.SendCommandTo_Security_and_sensing)
    i.SendCommandTo_entrance                 0x080019e4   Section        0  command.o(i.SendCommandTo_entrance)
    i.SendMessageTo_PC                       0x08001a12   Section        0  command.o(i.SendMessageTo_PC)
    i.SetSysClock                            0x08001a26   Section        0  system_stm32f10x.o(i.SetSysClock)
    SetSysClock                              0x08001a27   Thumb Code     8  system_stm32f10x.o(i.SetSysClock)
    i.SetSysClockTo72                        0x08001a2e   Section        0  system_stm32f10x.o(i.SetSysClockTo72)
    SetSysClockTo72                          0x08001a2f   Thumb Code   286  system_stm32f10x.o(i.SetSysClockTo72)
    i.SysInit                                0x08001b4c   Section        0  system.o(i.SysInit)
    i.SysTick_Handler                        0x08001b64   Section        0  systick.o(i.SysTick_Handler)
    i.SystemInit                             0x08001b9c   Section        0  system_stm32f10x.o(i.SystemInit)
    i.SystickInit                            0x08001c08   Section        0  systick.o(i.SystickInit)
    i.Task1                                  0x08001c80   Section        0  task.o(i.Task1)
    i.Task2                                  0x08001cac   Section        0  task.o(i.Task2)
    i.Task3                                  0x08001cd2   Section        0  task.o(i.Task3)
    i.Task4                                  0x08001cf8   Section        0  task.o(i.Task4)
    i.UART4_IRQHandler                       0x08001d1e   Section        0  usart.o(i.UART4_IRQHandler)
    i.UART4_RecProcess                       0x08001d82   Section        0  usart.o(i.UART4_RecProcess)
    i.UART5_IRQHandler                       0x08001de0   Section        0  usart.o(i.UART5_IRQHandler)
    i.UART5_RecProcess                       0x08001e44   Section        0  usart.o(i.UART5_RecProcess)
    i.USART1_IRQHandler                      0x08001ea2   Section        0  usart.o(i.USART1_IRQHandler)
    i.USART1_RecProcess                      0x08001f06   Section        0  usart.o(i.USART1_RecProcess)
    i.USART2_IRQHandler                      0x08001f5e   Section        0  usart.o(i.USART2_IRQHandler)
    i.USART2_RecProcess                      0x08001fc2   Section        0  usart.o(i.USART2_RecProcess)
    i.USART3_IRQHandler                      0x08002020   Section        0  usart.o(i.USART3_IRQHandler)
    i.USART3_RecProcess                      0x08002084   Section        0  usart.o(i.USART3_RecProcess)
    i.USART_ClearFlag                        0x080020e2   Section        0  stm32f10x_usart.o(i.USART_ClearFlag)
    i.USART_ClearITPendingBit                0x080020f4   Section        0  stm32f10x_usart.o(i.USART_ClearITPendingBit)
    i.USART_Cmd                              0x08002112   Section        0  stm32f10x_usart.o(i.USART_Cmd)
    i.USART_GetFlagStatus                    0x0800212a   Section        0  stm32f10x_usart.o(i.USART_GetFlagStatus)
    i.USART_GetITStatus                      0x08002144   Section        0  stm32f10x_usart.o(i.USART_GetITStatus)
    i.USART_ITConfig                         0x08002198   Section        0  stm32f10x_usart.o(i.USART_ITConfig)
    i.USART_Init                             0x080021e2   Section        0  stm32f10x_usart.o(i.USART_Init)
    i.USART_ReceiveData                      0x080022ba   Section        0  stm32f10x_usart.o(i.USART_ReceiveData)
    i.USART_SendData                         0x080022c4   Section        0  stm32f10x_usart.o(i.USART_SendData)
    i.UploadFeedbackData                     0x080022cc   Section        0  uploading.o(i.UploadFeedbackData)
    i.UsageFault_Handler                     0x080024d6   Section        0  stm32f10x_it.o(i.UsageFault_Handler)
    i.__0snprintf                            0x080024dc   Section        0  printfa.o(i.__0snprintf)
    i.__0sprintf                             0x08002504   Section        0  printfa.o(i.__0sprintf)
    i.__aeabi_errno_addr                     0x0800252c   Section        0  errno.o(i.__aeabi_errno_addr)
    i.__free$realloc                         0x08002534   Section        0  mallocr.o(i.__free$realloc)
    i.__malloc$realloc                       0x08002590   Section        0  mallocr.o(i.__malloc$realloc)
    i.__scatterload_copy                     0x080025e0   Section       14  handlers.o(i.__scatterload_copy)
    i.__scatterload_null                     0x080025ee   Section        2  handlers.o(i.__scatterload_null)
    i.__scatterload_zeroinit                 0x080025f0   Section       14  handlers.o(i.__scatterload_zeroinit)
    i._fp_digits                             0x08002600   Section        0  printfa.o(i._fp_digits)
    _fp_digits                               0x08002601   Thumb Code   334  printfa.o(i._fp_digits)
    i._is_digit                              0x08002764   Section        0  scanf_fp.o(i._is_digit)
    i._printf_core                           0x08002774   Section        0  printfa.o(i._printf_core)
    _printf_core                             0x08002775   Thumb Code  1744  printfa.o(i._printf_core)
    i._printf_post_padding                   0x08002e50   Section        0  printfa.o(i._printf_post_padding)
    _printf_post_padding                     0x08002e51   Thumb Code    36  printfa.o(i._printf_post_padding)
    i._printf_pre_padding                    0x08002e74   Section        0  printfa.o(i._printf_pre_padding)
    _printf_pre_padding                      0x08002e75   Thumb Code    46  printfa.o(i._printf_pre_padding)
    i._snputc                                0x08002ea2   Section        0  printfa.o(i._snputc)
    _snputc                                  0x08002ea3   Thumb Code    22  printfa.o(i._snputc)
    i._sputc                                 0x08002eb8   Section        0  printfa.o(i._sputc)
    _sputc                                   0x08002eb9   Thumb Code    10  printfa.o(i._sputc)
    i.add_item_to_array                      0x08002ec2   Section        0  cjson.o(i.add_item_to_array)
    add_item_to_array                        0x08002ec3   Thumb Code    54  cjson.o(i.add_item_to_array)
    i.add_item_to_object                     0x08002ef8   Section        0  cjson.o(i.add_item_to_object)
    add_item_to_object                       0x08002ef9   Thumb Code   122  cjson.o(i.add_item_to_object)
    i.buffer_skip_whitespace                 0x08002f72   Section        0  cjson.o(i.buffer_skip_whitespace)
    buffer_skip_whitespace                   0x08002f73   Thumb Code    72  cjson.o(i.buffer_skip_whitespace)
    i.cJSON_AddItemToArray                   0x08002fba   Section        0  cjson.o(i.cJSON_AddItemToArray)
    i.cJSON_AddItemToObject                  0x08002fca   Section        0  cjson.o(i.cJSON_AddItemToObject)
    i.cJSON_AddNumberToObject                0x08002fea   Section        0  cjson.o(i.cJSON_AddNumberToObject)
    i.cJSON_AddStringToObject                0x08003028   Section        0  cjson.o(i.cJSON_AddStringToObject)
    i.cJSON_CreateArray                      0x0800305e   Section        0  cjson.o(i.cJSON_CreateArray)
    i.cJSON_CreateNumber                     0x08003078   Section        0  cjson.o(i.cJSON_CreateNumber)
    i.cJSON_CreateObject                     0x080030de   Section        0  cjson.o(i.cJSON_CreateObject)
    i.cJSON_CreateString                     0x080030f8   Section        0  cjson.o(i.cJSON_CreateString)
    i.cJSON_Delete                           0x08003132   Section        0  cjson.o(i.cJSON_Delete)
    i.cJSON_GetObjectItem                    0x08003198   Section        0  cjson.o(i.cJSON_GetObjectItem)
    i.cJSON_New_Item                         0x080031aa   Section        0  cjson.o(i.cJSON_New_Item)
    cJSON_New_Item                           0x080031ab   Thumb Code    26  cjson.o(i.cJSON_New_Item)
    i.cJSON_Parse                            0x080031c4   Section        0  cjson.o(i.cJSON_Parse)
    i.cJSON_ParseWithLengthOpts              0x080031d4   Section        0  cjson.o(i.cJSON_ParseWithLengthOpts)
    i.cJSON_ParseWithOpts                    0x080032b8   Section        0  cjson.o(i.cJSON_ParseWithOpts)
    i.cJSON_Print                            0x080032e0   Section        0  cjson.o(i.cJSON_Print)
    i.cJSON_free                             0x080032f6   Section        0  cjson.o(i.cJSON_free)
    i.cJSON_strdup                           0x0800330a   Section        0  cjson.o(i.cJSON_strdup)
    cJSON_strdup                             0x0800330b   Thumb Code    56  cjson.o(i.cJSON_strdup)
    i.case_insensitive_strcmp                0x08003342   Section        0  cjson.o(i.case_insensitive_strcmp)
    case_insensitive_strcmp                  0x08003343   Thumb Code    72  cjson.o(i.case_insensitive_strcmp)
    i.cast_away_const                        0x0800338a   Section        0  cjson.o(i.cast_away_const)
    cast_away_const                          0x0800338b   Thumb Code     2  cjson.o(i.cast_away_const)
    i.compare_double                         0x0800338c   Section        0  cjson.o(i.compare_double)
    compare_double                           0x0800338d   Thumb Code   116  cjson.o(i.compare_double)
    i.ensure                                 0x08003400   Section        0  cjson.o(i.ensure)
    ensure                                   0x08003401   Thumb Code   184  cjson.o(i.ensure)
    i.get_decimal_point                      0x080034b8   Section        0  cjson.o(i.get_decimal_point)
    get_decimal_point                        0x080034b9   Thumb Code     4  cjson.o(i.get_decimal_point)
    i.get_object_item                        0x080034bc   Section        0  cjson.o(i.get_object_item)
    get_object_item                          0x080034bd   Thumb Code    82  cjson.o(i.get_object_item)
    i.init_all                               0x0800350e   Section        0  main.o(i.init_all)
    i.init_all_data                          0x0800354a   Section        0  data_receive.o(i.init_all_data)
    i.init_uart4                             0x08003580   Section        0  usart.o(i.init_uart4)
    i.init_uart5                             0x08003652   Section        0  usart.o(i.init_uart5)
    i.init_usart1                            0x08003722   Section        0  usart.o(i.init_usart1)
    i.init_usart2                            0x080037ee   Section        0  usart.o(i.init_usart2)
    i.init_usart3                            0x080038bc   Section        0  usart.o(i.init_usart3)
    i.init_wifi                              0x0800398e   Section        0  wifi.o(i.init_wifi)
    i.internal_alloc                         0x08003a20   Section        0  mallocr.o(i.internal_alloc)
    internal_alloc                           0x08003a21   Thumb Code    76  mallocr.o(i.internal_alloc)
    i.main                                   0x08003a70   Section        0  main.o(i.main)
    i.parse_array                            0x08003a7c   Section        0  cjson.o(i.parse_array)
    parse_array                              0x08003a7d   Thumb Code   248  cjson.o(i.parse_array)
    i.parse_hex4                             0x08003b74   Section        0  cjson.o(i.parse_hex4)
    parse_hex4                               0x08003b75   Thumb Code    90  cjson.o(i.parse_hex4)
    i.parse_number                           0x08003bce   Section        0  cjson.o(i.parse_number)
    parse_number                             0x08003bcf   Thumb Code   310  cjson.o(i.parse_number)
    i.parse_object                           0x08003d04   Section        0  cjson.o(i.parse_object)
    parse_object                             0x08003d05   Thumb Code   318  cjson.o(i.parse_object)
    i.parse_string                           0x08003e42   Section        0  cjson.o(i.parse_string)
    parse_string                             0x08003e43   Thumb Code   396  cjson.o(i.parse_string)
    i.parse_value                            0x08003fce   Section        0  cjson.o(i.parse_value)
    parse_value                              0x08003fcf   Thumb Code   308  cjson.o(i.parse_value)
    i.print                                  0x08004102   Section        0  cjson.o(i.print)
    print                                    0x08004103   Thumb Code   178  cjson.o(i.print)
    i.print_array                            0x080041b4   Section        0  cjson.o(i.print_array)
    print_array                              0x080041b5   Thumb Code   178  cjson.o(i.print_array)
    i.print_number                           0x08004266   Section        0  cjson.o(i.print_number)
    print_number                             0x08004267   Thumb Code   344  cjson.o(i.print_number)
    i.print_object                           0x080043be   Section        0  cjson.o(i.print_object)
    print_object                             0x080043bf   Thumb Code   372  cjson.o(i.print_object)
    i.print_string                           0x08004532   Section        0  cjson.o(i.print_string)
    print_string                             0x08004533   Thumb Code    16  cjson.o(i.print_string)
    i.print_string_ptr                       0x08004542   Section        0  cjson.o(i.print_string_ptr)
    print_string_ptr                         0x08004543   Thumb Code   372  cjson.o(i.print_string_ptr)
    i.print_value                            0x080046b6   Section        0  cjson.o(i.print_value)
    print_value                              0x080046b7   Thumb Code   254  cjson.o(i.print_value)
    i.realloc                                0x080047b4   Section        0  mallocr.o(i.realloc)
    i.receive_App                            0x08004820   Section        0  data_receive.o(i.receive_App)
    i.receive_Entrance                       0x08004a22   Section        0  data_receive.o(i.receive_Entrance)
    i.receive_ScanCode                       0x08004a40   Section        0  data_receive.o(i.receive_ScanCode)
    i.receive_Sensor                         0x08004ad2   Section        0  data_receive.o(i.receive_Sensor)
    i.skip_utf8_bom                          0x08004b10   Section        0  cjson.o(i.skip_utf8_bom)
    skip_utf8_bom                            0x08004b11   Thumb Code    62  cjson.o(i.skip_utf8_bom)
    i.strtod                                 0x08004b4e   Section        0  strtod.o(i.strtod)
    i.suffix_object                          0x08004b6a   Section        0  cjson.o(i.suffix_object)
    suffix_object                            0x08004b6b   Thumb Code     6  cjson.o(i.suffix_object)
    i.update_offset                          0x08004b70   Section        0  cjson.o(i.update_offset)
    update_offset                            0x08004b71   Thumb Code    36  cjson.o(i.update_offset)
    i.upload_indent_data                     0x08004b94   Section        0  uploading.o(i.upload_indent_data)
    i.usart_send_byte                        0x08004ce8   Section        0  usart.o(i.usart_send_byte)
    i.usart_send_string                      0x08004d06   Section        0  usart.o(i.usart_send_string)
    i.utf16_literal_to_utf8                  0x08004d22   Section        0  cjson.o(i.utf16_literal_to_utf8)
    utf16_literal_to_utf8                    0x08004d23   Thumb Code   300  cjson.o(i.utf16_literal_to_utf8)
    .constdata                               0x08004e50   Section       16  task.o(.constdata)
    .constdata                               0x08004e60   Section       24  data_receive.o(.constdata)
    .constdata                               0x08004e78   Section      129  ctype_o.o(.constdata)
    .constdata                               0x08004efc   Section        4  ctype_o.o(.constdata)
    table                                    0x08004efc   Data           4  ctype_o.o(.constdata)
    .conststring                             0x08004f00   Section       76  cjson.o(.conststring)
    .conststring                             0x08004f4c   Section      220  command.o(.conststring)
    .conststring                             0x08005028   Section      436  data_receive.o(.conststring)
    .conststring                             0x080051dc   Section      280  uploading.o(.conststring)
    .conststring                             0x080052f4   Section      112  wifi.o(.conststring)
    c.parse_number.00000040                  0x08005384   Section        9  cjson.o(c.parse_number.00000040)
    .data                                    0x20000000   Section       20  stm32f10x_rcc.o(.data)
    APBAHBPrescTable                         0x20000000   Data          16  stm32f10x_rcc.o(.data)
    ADCPrescTable                            0x20000010   Data           4  stm32f10x_rcc.o(.data)
    .data                                    0x20000014   Section       20  cjson.o(.data)
    global_error                             0x20000014   Data           8  cjson.o(.data)
    global_hooks                             0x2000001c   Data          12  cjson.o(.data)
    .data                                    0x20000028   Section       10  usart.o(.data)
    .data                                    0x20000034   Section       16  data_receive.o(.data)
    .data                                    0x20000044   Section        4  mvars.o(.data)
    .data                                    0x20000048   Section        4  mvars.o(.data)
    .data                                    0x2000004c   Section        4  errno.o(.data)
    _errno                                   0x2000004c   Data           4  errno.o(.data)
    .bss                                     0x20000050   Section       72  systick.o(.bss)
    .bss                                     0x20000098   Section     1280  usart.o(.bss)
    .bss                                     0x20000598   Section      848  data_receive.o(.bss)
    HEAP                                     0x200008e8   Section     8192  startup_stm32f10x_hd.o(HEAP)
    STACK                                    0x200028e8   Section     8192  startup_stm32f10x_hd.o(STACK)

    Global Symbols

    Symbol Name                              Value     Ov Type        Size  Object(Section)

    BuildAttributes$$THM_ISAv4$P$D$K$B$S$PE$A:L22UL41UL21$X:L11$S22US41US21$IEEE1$IW$USESV6$~STKCKD$USESV7$~SHL$OTIME$ROPI$IEEEJ$EBA8$MICROLIB$REQ8$PRES8$EABIv2 0x00000000   Number         0  anon$$obj.o ABSOLUTE
    __ARM_use_no_argv                        0x00000000   Number         0  main.o ABSOLUTE
    _printf_a                                0x00000000   Number         0  stubs.o ABSOLUTE
    _printf_c                                0x00000000   Number         0  stubs.o ABSOLUTE
    _printf_charcount                        0x00000000   Number         0  stubs.o ABSOLUTE
    _printf_d                                0x00000000   Number         0  stubs.o ABSOLUTE
    _printf_e                                0x00000000   Number         0  stubs.o ABSOLUTE
    _printf_f                                0x00000000   Number         0  stubs.o ABSOLUTE
    _printf_flags                            0x00000000   Number         0  stubs.o ABSOLUTE
    _printf_fp_dec                           0x00000000   Number         0  stubs.o ABSOLUTE
    _printf_fp_hex                           0x00000000   Number         0  stubs.o ABSOLUTE
    _printf_g                                0x00000000   Number         0  stubs.o ABSOLUTE
    _printf_i                                0x00000000   Number         0  stubs.o ABSOLUTE
    _printf_int_dec                          0x00000000   Number         0  stubs.o ABSOLUTE
    _printf_l                                0x00000000   Number         0  stubs.o ABSOLUTE
    _printf_lc                               0x00000000   Number         0  stubs.o ABSOLUTE
    _printf_ll                               0x00000000   Number         0  stubs.o ABSOLUTE
    _printf_lld                              0x00000000   Number         0  stubs.o ABSOLUTE
    _printf_lli                              0x00000000   Number         0  stubs.o ABSOLUTE
    _printf_llo                              0x00000000   Number         0  stubs.o ABSOLUTE
    _printf_llu                              0x00000000   Number         0  stubs.o ABSOLUTE
    _printf_llx                              0x00000000   Number         0  stubs.o ABSOLUTE
    _printf_longlong_dec                     0x00000000   Number         0  stubs.o ABSOLUTE
    _printf_longlong_hex                     0x00000000   Number         0  stubs.o ABSOLUTE
    _printf_longlong_oct                     0x00000000   Number         0  stubs.o ABSOLUTE
    _printf_ls                               0x00000000   Number         0  stubs.o ABSOLUTE
    _printf_mbtowc                           0x00000000   Number         0  stubs.o ABSOLUTE
    _printf_n                                0x00000000   Number         0  stubs.o ABSOLUTE
    _printf_o                                0x00000000   Number         0  stubs.o ABSOLUTE
    _printf_p                                0x00000000   Number         0  stubs.o ABSOLUTE
    _printf_percent                          0x00000000   Number         0  stubs.o ABSOLUTE
    _printf_pre_padding                      0x00000000   Number         0  stubs.o ABSOLUTE
    _printf_return_value                     0x00000000   Number         0  stubs.o ABSOLUTE
    _printf_s                                0x00000000   Number         0  stubs.o ABSOLUTE
    _printf_sizespec                         0x00000000   Number         0  stubs.o ABSOLUTE
    _printf_str                              0x00000000   Number         0  stubs.o ABSOLUTE
    _printf_truncate_signed                  0x00000000   Number         0  stubs.o ABSOLUTE
    _printf_truncate_unsigned                0x00000000   Number         0  stubs.o ABSOLUTE
    _printf_u                                0x00000000   Number         0  stubs.o ABSOLUTE
    _printf_wc                               0x00000000   Number         0  stubs.o ABSOLUTE
    _printf_wctomb                           0x00000000   Number         0  stubs.o ABSOLUTE
    _printf_widthprec                        0x00000000   Number         0  stubs.o ABSOLUTE
    _printf_x                                0x00000000   Number         0  stubs.o ABSOLUTE
    __cpp_initialize__aeabi_                  - Undefined Weak Reference
    __cxa_finalize                            - Undefined Weak Reference
    __decompress                              - Undefined Weak Reference
    _clock_init                               - Undefined Weak Reference
    _microlib_exit                            - Undefined Weak Reference
    _scanf_longlong                           - Undefined Weak Reference
    _scanf_string                             - Undefined Weak Reference
    __Vectors_Size                           0x00000130   Number         0  startup_stm32f10x_hd.o ABSOLUTE
    __Vectors                                0x08000000   Data           4  startup_stm32f10x_hd.o(RESET)
    __Vectors_End                            0x08000130   Data           0  startup_stm32f10x_hd.o(RESET)
    __main                                   0x08000131   Thumb Code     0  entry.o(.ARM.Collect$$$$00000000)
    _main_stk                                0x08000131   Thumb Code     0  entry2.o(.ARM.Collect$$$$00000001)
    _main_scatterload                        0x08000135   Thumb Code     0  entry5.o(.ARM.Collect$$$$00000004)
    __main_after_scatterload                 0x08000139   Thumb Code     0  entry5.o(.ARM.Collect$$$$00000004)
    _main_clock                              0x08000139   Thumb Code     0  entry7b.o(.ARM.Collect$$$$00000008)
    _main_cpp_init                           0x08000139   Thumb Code     0  entry8b.o(.ARM.Collect$$$$0000000A)
    _main_init                               0x08000139   Thumb Code     0  entry9a.o(.ARM.Collect$$$$0000000B)
    __rt_final_cpp                           0x08000141   Thumb Code     0  entry10a.o(.ARM.Collect$$$$0000000D)
    __rt_final_exit                          0x08000141   Thumb Code     0  entry11a.o(.ARM.Collect$$$$0000000F)
    Reset_Handler                            0x08000145   Thumb Code     8  startup_stm32f10x_hd.o(.text)
    ADC1_2_IRQHandler                        0x0800015f   Thumb Code     0  startup_stm32f10x_hd.o(.text)
    ADC3_IRQHandler                          0x0800015f   Thumb Code     0  startup_stm32f10x_hd.o(.text)
    CAN1_RX1_IRQHandler                      0x0800015f   Thumb Code     0  startup_stm32f10x_hd.o(.text)
    CAN1_SCE_IRQHandler                      0x0800015f   Thumb Code     0  startup_stm32f10x_hd.o(.text)
    DMA1_Channel1_IRQHandler                 0x0800015f   Thumb Code     0  startup_stm32f10x_hd.o(.text)
    DMA1_Channel2_IRQHandler                 0x0800015f   Thumb Code     0  startup_stm32f10x_hd.o(.text)
    DMA1_Channel3_IRQHandler                 0x0800015f   Thumb Code     0  startup_stm32f10x_hd.o(.text)
    DMA1_Channel4_IRQHandler                 0x0800015f   Thumb Code     0  startup_stm32f10x_hd.o(.text)
    DMA1_Channel5_IRQHandler                 0x0800015f   Thumb Code     0  startup_stm32f10x_hd.o(.text)
    DMA1_Channel6_IRQHandler                 0x0800015f   Thumb Code     0  startup_stm32f10x_hd.o(.text)
    DMA1_Channel7_IRQHandler                 0x0800015f   Thumb Code     0  startup_stm32f10x_hd.o(.text)
    DMA2_Channel1_IRQHandler                 0x0800015f   Thumb Code     0  startup_stm32f10x_hd.o(.text)
    DMA2_Channel2_IRQHandler                 0x0800015f   Thumb Code     0  startup_stm32f10x_hd.o(.text)
    DMA2_Channel3_IRQHandler                 0x0800015f   Thumb Code     0  startup_stm32f10x_hd.o(.text)
    DMA2_Channel4_5_IRQHandler               0x0800015f   Thumb Code     0  startup_stm32f10x_hd.o(.text)
    EXTI0_IRQHandler                         0x0800015f   Thumb Code     0  startup_stm32f10x_hd.o(.text)
    EXTI15_10_IRQHandler                     0x0800015f   Thumb Code     0  startup_stm32f10x_hd.o(.text)
    EXTI1_IRQHandler                         0x0800015f   Thumb Code     0  startup_stm32f10x_hd.o(.text)
    EXTI2_IRQHandler                         0x0800015f   Thumb Code     0  startup_stm32f10x_hd.o(.text)
    EXTI3_IRQHandler                         0x0800015f   Thumb Code     0  startup_stm32f10x_hd.o(.text)
    EXTI4_IRQHandler                         0x0800015f   Thumb Code     0  startup_stm32f10x_hd.o(.text)
    EXTI9_5_IRQHandler                       0x0800015f   Thumb Code     0  startup_stm32f10x_hd.o(.text)
    FLASH_IRQHandler                         0x0800015f   Thumb Code     0  startup_stm32f10x_hd.o(.text)
    FSMC_IRQHandler                          0x0800015f   Thumb Code     0  startup_stm32f10x_hd.o(.text)
    I2C1_ER_IRQHandler                       0x0800015f   Thumb Code     0  startup_stm32f10x_hd.o(.text)
    I2C1_EV_IRQHandler                       0x0800015f   Thumb Code     0  startup_stm32f10x_hd.o(.text)
    I2C2_ER_IRQHandler                       0x0800015f   Thumb Code     0  startup_stm32f10x_hd.o(.text)
    I2C2_EV_IRQHandler                       0x0800015f   Thumb Code     0  startup_stm32f10x_hd.o(.text)
    PVD_IRQHandler                           0x0800015f   Thumb Code     0  startup_stm32f10x_hd.o(.text)
    RCC_IRQHandler                           0x0800015f   Thumb Code     0  startup_stm32f10x_hd.o(.text)
    RTCAlarm_IRQHandler                      0x0800015f   Thumb Code     0  startup_stm32f10x_hd.o(.text)
    RTC_IRQHandler                           0x0800015f   Thumb Code     0  startup_stm32f10x_hd.o(.text)
    SDIO_IRQHandler                          0x0800015f   Thumb Code     0  startup_stm32f10x_hd.o(.text)
    SPI1_IRQHandler                          0x0800015f   Thumb Code     0  startup_stm32f10x_hd.o(.text)
    SPI2_IRQHandler                          0x0800015f   Thumb Code     0  startup_stm32f10x_hd.o(.text)
    SPI3_IRQHandler                          0x0800015f   Thumb Code     0  startup_stm32f10x_hd.o(.text)
    TAMPER_IRQHandler                        0x0800015f   Thumb Code     0  startup_stm32f10x_hd.o(.text)
    TIM1_BRK_IRQHandler                      0x0800015f   Thumb Code     0  startup_stm32f10x_hd.o(.text)
    TIM1_CC_IRQHandler                       0x0800015f   Thumb Code     0  startup_stm32f10x_hd.o(.text)
    TIM1_TRG_COM_IRQHandler                  0x0800015f   Thumb Code     0  startup_stm32f10x_hd.o(.text)
    TIM1_UP_IRQHandler                       0x0800015f   Thumb Code     0  startup_stm32f10x_hd.o(.text)
    TIM2_IRQHandler                          0x0800015f   Thumb Code     0  startup_stm32f10x_hd.o(.text)
    TIM3_IRQHandler                          0x0800015f   Thumb Code     0  startup_stm32f10x_hd.o(.text)
    TIM4_IRQHandler                          0x0800015f   Thumb Code     0  startup_stm32f10x_hd.o(.text)
    TIM5_IRQHandler                          0x0800015f   Thumb Code     0  startup_stm32f10x_hd.o(.text)
    TIM6_IRQHandler                          0x0800015f   Thumb Code     0  startup_stm32f10x_hd.o(.text)
    TIM7_IRQHandler                          0x0800015f   Thumb Code     0  startup_stm32f10x_hd.o(.text)
    TIM8_BRK_IRQHandler                      0x0800015f   Thumb Code     0  startup_stm32f10x_hd.o(.text)
    TIM8_CC_IRQHandler                       0x0800015f   Thumb Code     0  startup_stm32f10x_hd.o(.text)
    TIM8_TRG_COM_IRQHandler                  0x0800015f   Thumb Code     0  startup_stm32f10x_hd.o(.text)
    TIM8_UP_IRQHandler                       0x0800015f   Thumb Code     0  startup_stm32f10x_hd.o(.text)
    USBWakeUp_IRQHandler                     0x0800015f   Thumb Code     0  startup_stm32f10x_hd.o(.text)
    USB_HP_CAN1_TX_IRQHandler                0x0800015f   Thumb Code     0  startup_stm32f10x_hd.o(.text)
    USB_LP_CAN1_RX0_IRQHandler               0x0800015f   Thumb Code     0  startup_stm32f10x_hd.o(.text)
    WWDG_IRQHandler                          0x0800015f   Thumb Code     0  startup_stm32f10x_hd.o(.text)
    tolower                                  0x08000169   Thumb Code    12  tolower.o(.text)
    __aeabi_memcpy                           0x08000175   Thumb Code    36  memcpya.o(.text)
    __aeabi_memcpy4                          0x08000175   Thumb Code     0  memcpya.o(.text)
    __aeabi_memcpy8                          0x08000175   Thumb Code     0  memcpya.o(.text)
    __aeabi_memset                           0x08000199   Thumb Code    14  memseta.o(.text)
    __aeabi_memset4                          0x08000199   Thumb Code     0  memseta.o(.text)
    __aeabi_memset8                          0x08000199   Thumb Code     0  memseta.o(.text)
    __aeabi_memclr                           0x080001a7   Thumb Code     4  memseta.o(.text)
    __aeabi_memclr4                          0x080001a7   Thumb Code     0  memseta.o(.text)
    __aeabi_memclr8                          0x080001a7   Thumb Code     0  memseta.o(.text)
    _memset$wrapper                          0x080001ab   Thumb Code    18  memseta.o(.text)
    strstr                                   0x080001bd   Thumb Code    36  strstr.o(.text)
    strlen                                   0x080001e1   Thumb Code    14  strlen.o(.text)
    strcmp                                   0x080001ef   Thumb Code    28  strcmp.o(.text)
    strcpy                                   0x0800020b   Thumb Code    18  strcpy.o(.text)
    strncmp                                  0x0800021d   Thumb Code    30  strncmp.o(.text)
    __0sscanf                                0x0800023d   Thumb Code    48  __0sscanf.o(.text)
    _scanf_int                               0x08000275   Thumb Code   332  _scanf_int.o(.text)
    _scanf_real                              0x080004c1   Thumb Code     0  scanf_fp.o(.text)
    _scanf_really_real                       0x080004c1   Thumb Code   556  scanf_fp.o(.text)
    strtoul                                  0x080006f9   Thumb Code   114  strtoul.o(.text)
    __aeabi_dadd                             0x0800076b   Thumb Code   322  dadd.o(.text)
    __aeabi_dsub                             0x080008ad   Thumb Code     6  dadd.o(.text)
    __aeabi_drsub                            0x080008b3   Thumb Code     6  dadd.o(.text)
    __aeabi_dmul                             0x080008b9   Thumb Code   228  dmul.o(.text)
    __aeabi_i2d                              0x0800099d   Thumb Code    34  dflti.o(.text)
    __aeabi_ui2d                             0x080009bf   Thumb Code    26  dfltui.o(.text)
    __aeabi_d2iz                             0x080009d9   Thumb Code    62  dfixi.o(.text)
    __aeabi_f2d                              0x08000a17   Thumb Code    38  f2d.o(.text)
    __aeabi_cdcmpeq                          0x08000a3d   Thumb Code     0  cdcmple.o(.text)
    __aeabi_cdcmple                          0x08000a3d   Thumb Code    48  cdcmple.o(.text)
    __aeabi_cdrcmple                         0x08000a6d   Thumb Code    48  cdrcmple.o(.text)
    __aeabi_d2f                              0x08000a9d   Thumb Code    56  d2f.o(.text)
    __aeabi_uidiv                            0x08000ad5   Thumb Code     0  uidiv.o(.text)
    __aeabi_uidivmod                         0x08000ad5   Thumb Code    44  uidiv.o(.text)
    __aeabi_uldivmod                         0x08000b01   Thumb Code    98  uldiv.o(.text)
    __aeabi_llsl                             0x08000b63   Thumb Code    30  llshl.o(.text)
    _ll_shift_l                              0x08000b63   Thumb Code     0  llshl.o(.text)
    __aeabi_llsr                             0x08000b81   Thumb Code    32  llushr.o(.text)
    _ll_ushift_r                             0x08000b81   Thumb Code     0  llushr.o(.text)
    __aeabi_lasr                             0x08000ba1   Thumb Code    36  llsshr.o(.text)
    _ll_sshift_r                             0x08000ba1   Thumb Code     0  llsshr.o(.text)
    __rt_ctype_table                         0x08000bc5   Thumb Code     4  ctype_o.o(.text)
    isspace                                  0x08000bcd   Thumb Code    18  isspace_o.o(.text)
    _chval                                   0x08000bdf   Thumb Code    28  _chval.o(.text)
    __vfscanf_char                           0x08000c09   Thumb Code    20  scanf_char.o(.text)
    _sgetc                                   0x08000c25   Thumb Code    30  _sgetc.o(.text)
    _sbackspace                              0x08000c43   Thumb Code    34  _sgetc.o(.text)
    _strtoul                                 0x08000c65   Thumb Code   158  _strtoul.o(.text)
    __strtod_int                             0x08000d3b   Thumb Code    88  strtod.o(.text)
    __I$use$fp                               0x08000da1   Thumb Code     0  iusefp.o(.text)
    _float_round                             0x08000da1   Thumb Code    18  fepilogue.o(.text)
    _float_epilogue                          0x08000db3   Thumb Code    92  fepilogue.o(.text)
    _double_round                            0x08000e0f   Thumb Code    30  depilogue.o(.text)
    _double_epilogue                         0x08000e2d   Thumb Code   156  depilogue.o(.text)
    __aeabi_ddiv                             0x08000ec9   Thumb Code   222  ddiv.o(.text)
    __aeabi_ul2d                             0x08000fa7   Thumb Code    24  dfltul.o(.text)
    __aeabi_d2ulz                            0x08000fbf   Thumb Code    48  dfixul.o(.text)
    __scatterload                            0x08000ff1   Thumb Code    28  init.o(.text)
    __scatterload_rt2                        0x08000ff1   Thumb Code     0  init.o(.text)
    __vfscanf                                0x08001015   Thumb Code   808  _scanf.o(.text)
    BusFault_Handler                         0x08001341   Thumb Code     4  stm32f10x_it.o(i.BusFault_Handler)
    DebugMon_Handler                         0x08001345   Thumb Code     2  stm32f10x_it.o(i.DebugMon_Handler)
    DelayMs                                  0x08001347   Thumb Code    28  systick.o(i.DelayMs)
    GPIO_Init                                0x08001363   Thumb Code   278  stm32f10x_gpio.o(i.GPIO_Init)
    HardFault_Handler                        0x08001479   Thumb Code     4  stm32f10x_it.o(i.HardFault_Handler)
    InitLed                                  0x0800147d   Thumb Code   134  led.o(i.InitLed)
    MemManage_Handler                        0x08001503   Thumb Code     4  stm32f10x_it.o(i.MemManage_Handler)
    NMI_Handler                              0x08001507   Thumb Code     2  stm32f10x_it.o(i.NMI_Handler)
    NVIC_Init                                0x08001509   Thumb Code   118  misc.o(i.NVIC_Init)
    NVIC_PriorityGroupConfig                 0x0800157f   Thumb Code    20  misc.o(i.NVIC_PriorityGroupConfig)
    ParseIndent_string                       0x08001593   Thumb Code   278  data_receive.o(i.ParseIndent_string)
    PendSV_Handler                           0x080016a9   Thumb Code     2  stm32f10x_it.o(i.PendSV_Handler)
    RCC_APB1PeriphClockCmd                   0x080016ab   Thumb Code    50  stm32f10x_rcc.o(i.RCC_APB1PeriphClockCmd)
    RCC_APB2PeriphClockCmd                   0x080016dd   Thumb Code    50  stm32f10x_rcc.o(i.RCC_APB2PeriphClockCmd)
    RCC_GetClocksFreq                        0x0800170f   Thumb Code   300  stm32f10x_rcc.o(i.RCC_GetClocksFreq)
    RunAllTask                               0x0800183b   Thumb Code    40  main.o(i.RunAllTask)
    SVC_Handler                              0x08001863   Thumb Code     2  stm32f10x_it.o(i.SVC_Handler)
    SendCommandTo_ScanCode                   0x08001865   Thumb Code   162  command.o(i.SendCommandTo_ScanCode)
    SendCommandTo_ScanCode_Add_Goods         0x08001907   Thumb Code   170  command.o(i.SendCommandTo_ScanCode_Add_Goods)
    SendCommandTo_Security_and_sensing       0x080019b1   Thumb Code    52  command.o(i.SendCommandTo_Security_and_sensing)
    SendCommandTo_entrance                   0x080019e5   Thumb Code    46  command.o(i.SendCommandTo_entrance)
    SendMessageTo_PC                         0x08001a13   Thumb Code    20  command.o(i.SendMessageTo_PC)
    SysInit                                  0x08001b4d   Thumb Code    24  system.o(i.SysInit)
    SysTick_Handler                          0x08001b65   Thumb Code    56  systick.o(i.SysTick_Handler)
    SystemInit                               0x08001b9d   Thumb Code   108  system_stm32f10x.o(i.SystemInit)
    SystickInit                              0x08001c09   Thumb Code   120  systick.o(i.SystickInit)
    Task1                                    0x08001c81   Thumb Code    44  task.o(i.Task1)
    Task2                                    0x08001cad   Thumb Code    38  task.o(i.Task2)
    Task3                                    0x08001cd3   Thumb Code    38  task.o(i.Task3)
    Task4                                    0x08001cf9   Thumb Code    38  task.o(i.Task4)
    UART4_IRQHandler                         0x08001d1f   Thumb Code   100  usart.o(i.UART4_IRQHandler)
    UART4_RecProcess                         0x08001d83   Thumb Code    94  usart.o(i.UART4_RecProcess)
    UART5_IRQHandler                         0x08001de1   Thumb Code   100  usart.o(i.UART5_IRQHandler)
    UART5_RecProcess                         0x08001e45   Thumb Code    94  usart.o(i.UART5_RecProcess)
    USART1_IRQHandler                        0x08001ea3   Thumb Code   100  usart.o(i.USART1_IRQHandler)
    USART1_RecProcess                        0x08001f07   Thumb Code    88  usart.o(i.USART1_RecProcess)
    USART2_IRQHandler                        0x08001f5f   Thumb Code   100  usart.o(i.USART2_IRQHandler)
    USART2_RecProcess                        0x08001fc3   Thumb Code    94  usart.o(i.USART2_RecProcess)
    USART3_IRQHandler                        0x08002021   Thumb Code   100  usart.o(i.USART3_IRQHandler)
    USART3_RecProcess                        0x08002085   Thumb Code    94  usart.o(i.USART3_RecProcess)
    USART_ClearFlag                          0x080020e3   Thumb Code    18  stm32f10x_usart.o(i.USART_ClearFlag)
    USART_ClearITPendingBit                  0x080020f5   Thumb Code    30  stm32f10x_usart.o(i.USART_ClearITPendingBit)
    USART_Cmd                                0x08002113   Thumb Code    24  stm32f10x_usart.o(i.USART_Cmd)
    USART_GetFlagStatus                      0x0800212b   Thumb Code    26  stm32f10x_usart.o(i.USART_GetFlagStatus)
    USART_GetITStatus                        0x08002145   Thumb Code    84  stm32f10x_usart.o(i.USART_GetITStatus)
    USART_ITConfig                           0x08002199   Thumb Code    74  stm32f10x_usart.o(i.USART_ITConfig)
    USART_Init                               0x080021e3   Thumb Code   216  stm32f10x_usart.o(i.USART_Init)
    USART_ReceiveData                        0x080022bb   Thumb Code    10  stm32f10x_usart.o(i.USART_ReceiveData)
    USART_SendData                           0x080022c5   Thumb Code     8  stm32f10x_usart.o(i.USART_SendData)
    UploadFeedbackData                       0x080022cd   Thumb Code   522  uploading.o(i.UploadFeedbackData)
    UsageFault_Handler                       0x080024d7   Thumb Code     4  stm32f10x_it.o(i.UsageFault_Handler)
    __0snprintf                              0x080024dd   Thumb Code    36  printfa.o(i.__0snprintf)
    __1snprintf                              0x080024dd   Thumb Code     0  printfa.o(i.__0snprintf)
    __2snprintf                              0x080024dd   Thumb Code     0  printfa.o(i.__0snprintf)
    __c89snprintf                            0x080024dd   Thumb Code     0  printfa.o(i.__0snprintf)
    snprintf                                 0x080024dd   Thumb Code     0  printfa.o(i.__0snprintf)
    __0sprintf                               0x08002505   Thumb Code    34  printfa.o(i.__0sprintf)
    __1sprintf                               0x08002505   Thumb Code     0  printfa.o(i.__0sprintf)
    __2sprintf                               0x08002505   Thumb Code     0  printfa.o(i.__0sprintf)
    __c89sprintf                             0x08002505   Thumb Code     0  printfa.o(i.__0sprintf)
    sprintf                                  0x08002505   Thumb Code     0  printfa.o(i.__0sprintf)
    __aeabi_errno_addr                       0x0800252d   Thumb Code     4  errno.o(i.__aeabi_errno_addr)
    __rt_errno_addr                          0x0800252d   Thumb Code     0  errno.o(i.__aeabi_errno_addr)
    free                                     0x08002535   Thumb Code    88  mallocr.o(i.__free$realloc)
    malloc                                   0x08002591   Thumb Code    64  mallocr.o(i.__malloc$realloc)
    __scatterload_copy                       0x080025e1   Thumb Code    14  handlers.o(i.__scatterload_copy)
    __scatterload_null                       0x080025ef   Thumb Code     2  handlers.o(i.__scatterload_null)
    __scatterload_zeroinit                   0x080025f1   Thumb Code    14  handlers.o(i.__scatterload_zeroinit)
    _is_digit                                0x08002765   Thumb Code    14  scanf_fp.o(i._is_digit)
    cJSON_AddItemToArray                     0x08002fbb   Thumb Code    16  cjson.o(i.cJSON_AddItemToArray)
    cJSON_AddItemToObject                    0x08002fcb   Thumb Code    32  cjson.o(i.cJSON_AddItemToObject)
    cJSON_AddNumberToObject                  0x08002feb   Thumb Code    62  cjson.o(i.cJSON_AddNumberToObject)
    cJSON_AddStringToObject                  0x08003029   Thumb Code    54  cjson.o(i.cJSON_AddStringToObject)
    cJSON_CreateArray                        0x0800305f   Thumb Code    26  cjson.o(i.cJSON_CreateArray)
    cJSON_CreateNumber                       0x08003079   Thumb Code   102  cjson.o(i.cJSON_CreateNumber)
    cJSON_CreateObject                       0x080030df   Thumb Code    26  cjson.o(i.cJSON_CreateObject)
    cJSON_CreateString                       0x080030f9   Thumb Code    58  cjson.o(i.cJSON_CreateString)
    cJSON_Delete                             0x08003133   Thumb Code   102  cjson.o(i.cJSON_Delete)
    cJSON_GetObjectItem                      0x08003199   Thumb Code    18  cjson.o(i.cJSON_GetObjectItem)
    cJSON_Parse                              0x080031c5   Thumb Code    16  cjson.o(i.cJSON_Parse)
    cJSON_ParseWithLengthOpts                0x080031d5   Thumb Code   228  cjson.o(i.cJSON_ParseWithLengthOpts)
    cJSON_ParseWithOpts                      0x080032b9   Thumb Code    40  cjson.o(i.cJSON_ParseWithOpts)
    cJSON_Print                              0x080032e1   Thumb Code    22  cjson.o(i.cJSON_Print)
    cJSON_free                               0x080032f7   Thumb Code    20  cjson.o(i.cJSON_free)
    init_all                                 0x0800350f   Thumb Code    60  main.o(i.init_all)
    init_all_data                            0x0800354b   Thumb Code    54  data_receive.o(i.init_all_data)
    init_uart4                               0x08003581   Thumb Code   210  usart.o(i.init_uart4)
    init_uart5                               0x08003653   Thumb Code   208  usart.o(i.init_uart5)
    init_usart1                              0x08003723   Thumb Code   204  usart.o(i.init_usart1)
    init_usart2                              0x080037ef   Thumb Code   206  usart.o(i.init_usart2)
    init_usart3                              0x080038bd   Thumb Code   210  usart.o(i.init_usart3)
    init_wifi                                0x0800398f   Thumb Code   144  wifi.o(i.init_wifi)
    main                                     0x08003a71   Thumb Code    12  main.o(i.main)
    realloc                                  0x080047b5   Thumb Code   102  mallocr.o(i.realloc)
    receive_App                              0x08004821   Thumb Code   514  data_receive.o(i.receive_App)
    receive_Entrance                         0x08004a23   Thumb Code    30  data_receive.o(i.receive_Entrance)
    receive_ScanCode                         0x08004a41   Thumb Code   146  data_receive.o(i.receive_ScanCode)
    receive_Sensor                           0x08004ad3   Thumb Code    62  data_receive.o(i.receive_Sensor)
    strtod                                   0x08004b4f   Thumb Code    28  strtod.o(i.strtod)
    upload_indent_data                       0x08004b95   Thumb Code   340  uploading.o(i.upload_indent_data)
    usart_send_byte                          0x08004ce9   Thumb Code    30  usart.o(i.usart_send_byte)
    usart_send_string                        0x08004d07   Thumb Code    28  usart.o(i.usart_send_string)
    ConstTaskTime                            0x08004e50   Data          16  task.o(.constdata)
    __ctype_table                            0x08004e78   Data         129  ctype_o.o(.constdata)
    Region$$Table$$Base                      0x08005364   Number         0  anon$$obj.o(Region$$Table)
    Region$$Table$$Limit                     0x08005384   Number         0  anon$$obj.o(Region$$Table)
    usart1_pos                               0x20000028   Data           2  usart.o(.data)
    usart2_pos                               0x2000002a   Data           2  usart.o(.data)
    usart3_pos                               0x2000002c   Data           2  usart.o(.data)
    uart4_pos                                0x2000002e   Data           2  usart.o(.data)
    uart5_pos                                0x20000030   Data           2  usart.o(.data)
    entrance_data_X                          0x20000034   Data           8  data_receive.o(.data)
    con_data_X                               0x2000003c   Data           8  data_receive.o(.data)
    __microlib_freelist                      0x20000044   Data           4  mvars.o(.data)
    __microlib_freelist_initialised          0x20000048   Data           4  mvars.o(.data)
    sysTimer                                 0x20000050   Data          72  systick.o(.bss)
    usart1_rx_buf                            0x20000098   Data         256  usart.o(.bss)
    usart2_rx_buf                            0x20000198   Data         256  usart.o(.bss)
    usart3_rx_buf                            0x20000298   Data         256  usart.o(.bss)
    uart4_rx_buf                             0x20000398   Data         256  usart.o(.bss)
    uart5_rx_buf                             0x20000498   Data         256  usart.o(.bss)
    sensor_data_X                            0x20000598   Data          36  data_receive.o(.bss)
    indent_data_X                            0x200005bc   Data         812  data_receive.o(.bss)
    __heap_base                              0x200008e8   Data           0  startup_stm32f10x_hd.o(HEAP)
    __heap_limit                             0x200028e8   Data           0  startup_stm32f10x_hd.o(HEAP)
    __initial_sp                             0x200048e8   Data           0  startup_stm32f10x_hd.o(STACK)



==============================================================================

Memory Map of the image

  Image Entry point : 0x08000131

  Load Region LR_IROM1 (Base: 0x08000000, Size: 0x000053e0, Max: 0x00080000, ABSOLUTE)

    Execution Region ER_IROM1 (Exec base: 0x08000000, Load base: 0x08000000, Size: 0x00005390, Max: 0x00080000, ABSOLUTE)

    Exec Addr    Load Addr    Size         Type   Attr      Idx    E Section Name        Object

    0x08000000   0x08000000   0x00000130   Data   RO            3    RESET               startup_stm32f10x_hd.o
    0x08000130   0x08000130   0x00000000   Code   RO         4371  * .ARM.Collect$$$$00000000  mc_w.l(entry.o)
    0x08000130   0x08000130   0x00000004   Code   RO         4711    .ARM.Collect$$$$00000001  mc_w.l(entry2.o)
    0x08000134   0x08000134   0x00000004   Code   RO         4714    .ARM.Collect$$$$00000004  mc_w.l(entry5.o)
    0x08000138   0x08000138   0x00000000   Code   RO         4716    .ARM.Collect$$$$00000008  mc_w.l(entry7b.o)
    0x08000138   0x08000138   0x00000000   Code   RO         4718    .ARM.Collect$$$$0000000A  mc_w.l(entry8b.o)
    0x08000138   0x08000138   0x00000008   Code   RO         4719    .ARM.Collect$$$$0000000B  mc_w.l(entry9a.o)
    0x08000140   0x08000140   0x00000000   Code   RO         4721    .ARM.Collect$$$$0000000D  mc_w.l(entry10a.o)
    0x08000140   0x08000140   0x00000000   Code   RO         4723    .ARM.Collect$$$$0000000F  mc_w.l(entry11a.o)
    0x08000140   0x08000140   0x00000004   Code   RO         4712    .ARM.Collect$$$$00002712  mc_w.l(entry2.o)
    0x08000144   0x08000144   0x00000024   Code   RO            4    .text               startup_stm32f10x_hd.o
    0x08000168   0x08000168   0x0000000c   Code   RO         4374    .text               mc_w.l(tolower.o)
    0x08000174   0x08000174   0x00000024   Code   RO         4376    .text               mc_w.l(memcpya.o)
    0x08000198   0x08000198   0x00000024   Code   RO         4378    .text               mc_w.l(memseta.o)
    0x080001bc   0x080001bc   0x00000024   Code   RO         4380    .text               mc_w.l(strstr.o)
    0x080001e0   0x080001e0   0x0000000e   Code   RO         4382    .text               mc_w.l(strlen.o)
    0x080001ee   0x080001ee   0x0000001c   Code   RO         4384    .text               mc_w.l(strcmp.o)
    0x0800020a   0x0800020a   0x00000012   Code   RO         4386    .text               mc_w.l(strcpy.o)
    0x0800021c   0x0800021c   0x0000001e   Code   RO         4388    .text               mc_w.l(strncmp.o)
    0x0800023a   0x0800023a   0x00000002   PAD
    0x0800023c   0x0800023c   0x00000038   Code   RO         4681    .text               mc_w.l(__0sscanf.o)
    0x08000274   0x08000274   0x0000014c   Code   RO         4683    .text               mc_w.l(_scanf_int.o)
    0x080003c0   0x080003c0   0x00000338   Code   RO         4685    .text               mc_w.l(scanf_fp.o)
    0x080006f8   0x080006f8   0x00000072   Code   RO         4691    .text               mc_w.l(strtoul.o)
    0x0800076a   0x0800076a   0x0000014e   Code   RO         4693    .text               mf_w.l(dadd.o)
    0x080008b8   0x080008b8   0x000000e4   Code   RO         4695    .text               mf_w.l(dmul.o)
    0x0800099c   0x0800099c   0x00000022   Code   RO         4697    .text               mf_w.l(dflti.o)
    0x080009be   0x080009be   0x0000001a   Code   RO         4699    .text               mf_w.l(dfltui.o)
    0x080009d8   0x080009d8   0x0000003e   Code   RO         4701    .text               mf_w.l(dfixi.o)
    0x08000a16   0x08000a16   0x00000026   Code   RO         4703    .text               mf_w.l(f2d.o)
    0x08000a3c   0x08000a3c   0x00000030   Code   RO         4705    .text               mf_w.l(cdcmple.o)
    0x08000a6c   0x08000a6c   0x00000030   Code   RO         4707    .text               mf_w.l(cdrcmple.o)
    0x08000a9c   0x08000a9c   0x00000038   Code   RO         4709    .text               mf_w.l(d2f.o)
    0x08000ad4   0x08000ad4   0x0000002c   Code   RO         4726    .text               mc_w.l(uidiv.o)
    0x08000b00   0x08000b00   0x00000062   Code   RO         4728    .text               mc_w.l(uldiv.o)
    0x08000b62   0x08000b62   0x0000001e   Code   RO         4730    .text               mc_w.l(llshl.o)
    0x08000b80   0x08000b80   0x00000020   Code   RO         4732    .text               mc_w.l(llushr.o)
    0x08000ba0   0x08000ba0   0x00000024   Code   RO         4734    .text               mc_w.l(llsshr.o)
    0x08000bc4   0x08000bc4   0x00000008   Code   RO         4736    .text               mc_w.l(ctype_o.o)
    0x08000bcc   0x08000bcc   0x00000012   Code   RO         4758    .text               mc_w.l(isspace_o.o)
    0x08000bde   0x08000bde   0x0000001c   Code   RO         4773    .text               mc_w.l(_chval.o)
    0x08000bfa   0x08000bfa   0x00000002   PAD
    0x08000bfc   0x08000bfc   0x00000028   Code   RO         4775    .text               mc_w.l(scanf_char.o)
    0x08000c24   0x08000c24   0x00000040   Code   RO         4777    .text               mc_w.l(_sgetc.o)
    0x08000c64   0x08000c64   0x0000009e   Code   RO         4779    .text               mc_w.l(_strtoul.o)
    0x08000d02   0x08000d02   0x00000002   PAD
    0x08000d04   0x08000d04   0x0000009c   Code   RO         4781    .text               mc_w.l(strtod.o)
    0x08000da0   0x08000da0   0x00000000   Code   RO         4783    .text               mc_w.l(iusefp.o)
    0x08000da0   0x08000da0   0x0000006e   Code   RO         4784    .text               mf_w.l(fepilogue.o)
    0x08000e0e   0x08000e0e   0x000000ba   Code   RO         4786    .text               mf_w.l(depilogue.o)
    0x08000ec8   0x08000ec8   0x000000de   Code   RO         4788    .text               mf_w.l(ddiv.o)
    0x08000fa6   0x08000fa6   0x00000018   Code   RO         4790    .text               mf_w.l(dfltul.o)
    0x08000fbe   0x08000fbe   0x00000030   Code   RO         4792    .text               mf_w.l(dfixul.o)
    0x08000fee   0x08000fee   0x00000002   PAD
    0x08000ff0   0x08000ff0   0x00000024   Code   RO         4794    .text               mc_w.l(init.o)
    0x08001014   0x08001014   0x0000032c   Code   RO         4798    .text               mc_w.l(_scanf.o)
    0x08001340   0x08001340   0x00000004   Code   RO         4002    i.BusFault_Handler  stm32f10x_it.o
    0x08001344   0x08001344   0x00000002   Code   RO         4003    i.DebugMon_Handler  stm32f10x_it.o
    0x08001346   0x08001346   0x0000001c   Code   RO         3905    i.DelayMs           systick.o
    0x08001362   0x08001362   0x00000116   Code   RO         1292    i.GPIO_Init         stm32f10x_gpio.o
    0x08001478   0x08001478   0x00000004   Code   RO         4004    i.HardFault_Handler  stm32f10x_it.o
    0x0800147c   0x0800147c   0x00000086   Code   RO         4225    i.InitLed           led.o
    0x08001502   0x08001502   0x00000004   Code   RO         4005    i.MemManage_Handler  stm32f10x_it.o
    0x08001506   0x08001506   0x00000002   Code   RO         4006    i.NMI_Handler       stm32f10x_it.o
    0x08001508   0x08001508   0x00000076   Code   RO          137    i.NVIC_Init         misc.o
    0x0800157e   0x0800157e   0x00000014   Code   RO          138    i.NVIC_PriorityGroupConfig  misc.o
    0x08001592   0x08001592   0x00000116   Code   RO         4280    i.ParseIndent_string  data_receive.o
    0x080016a8   0x080016a8   0x00000002   Code   RO         4007    i.PendSV_Handler    stm32f10x_it.o
    0x080016aa   0x080016aa   0x00000032   Code   RO         1708    i.RCC_APB1PeriphClockCmd  stm32f10x_rcc.o
    0x080016dc   0x080016dc   0x00000032   Code   RO         1710    i.RCC_APB2PeriphClockCmd  stm32f10x_rcc.o
    0x0800170e   0x0800170e   0x0000012c   Code   RO         1718    i.RCC_GetClocksFreq  stm32f10x_rcc.o
    0x0800183a   0x0800183a   0x00000028   Code   RO         3978    i.RunAllTask        main.o
    0x08001862   0x08001862   0x00000002   Code   RO         4008    i.SVC_Handler       stm32f10x_it.o
    0x08001864   0x08001864   0x000000a2   Code   RO         4243    i.SendCommandTo_ScanCode  command.o
    0x08001906   0x08001906   0x000000aa   Code   RO         4244    i.SendCommandTo_ScanCode_Add_Goods  command.o
    0x080019b0   0x080019b0   0x00000034   Code   RO         4245    i.SendCommandTo_Security_and_sensing  command.o
    0x080019e4   0x080019e4   0x0000002e   Code   RO         4246    i.SendCommandTo_entrance  command.o
    0x08001a12   0x08001a12   0x00000014   Code   RO         4247    i.SendMessageTo_PC  command.o
    0x08001a26   0x08001a26   0x00000008   Code   RO           24    i.SetSysClock       system_stm32f10x.o
    0x08001a2e   0x08001a2e   0x0000011e   Code   RO           25    i.SetSysClockTo72   system_stm32f10x.o
    0x08001b4c   0x08001b4c   0x00000018   Code   RO         3842    i.SysInit           system.o
    0x08001b64   0x08001b64   0x00000038   Code   RO         3907    i.SysTick_Handler   systick.o
    0x08001b9c   0x08001b9c   0x0000006c   Code   RO           27    i.SystemInit        system_stm32f10x.o
    0x08001c08   0x08001c08   0x00000078   Code   RO         3908    i.SystickInit       systick.o
    0x08001c80   0x08001c80   0x0000002c   Code   RO         3945    i.Task1             task.o
    0x08001cac   0x08001cac   0x00000026   Code   RO         3946    i.Task2             task.o
    0x08001cd2   0x08001cd2   0x00000026   Code   RO         3947    i.Task3             task.o
    0x08001cf8   0x08001cf8   0x00000026   Code   RO         3948    i.Task4             task.o
    0x08001d1e   0x08001d1e   0x00000064   Code   RO         4059    i.UART4_IRQHandler  usart.o
    0x08001d82   0x08001d82   0x0000005e   Code   RO         4060    i.UART4_RecProcess  usart.o
    0x08001de0   0x08001de0   0x00000064   Code   RO         4061    i.UART5_IRQHandler  usart.o
    0x08001e44   0x08001e44   0x0000005e   Code   RO         4062    i.UART5_RecProcess  usart.o
    0x08001ea2   0x08001ea2   0x00000064   Code   RO         4063    i.USART1_IRQHandler  usart.o
    0x08001f06   0x08001f06   0x00000058   Code   RO         4064    i.USART1_RecProcess  usart.o
    0x08001f5e   0x08001f5e   0x00000064   Code   RO         4065    i.USART2_IRQHandler  usart.o
    0x08001fc2   0x08001fc2   0x0000005e   Code   RO         4066    i.USART2_RecProcess  usart.o
    0x08002020   0x08002020   0x00000064   Code   RO         4067    i.USART3_IRQHandler  usart.o
    0x08002084   0x08002084   0x0000005e   Code   RO         4068    i.USART3_RecProcess  usart.o
    0x080020e2   0x080020e2   0x00000012   Code   RO         2874    i.USART_ClearFlag   stm32f10x_usart.o
    0x080020f4   0x080020f4   0x0000001e   Code   RO         2875    i.USART_ClearITPendingBit  stm32f10x_usart.o
    0x08002112   0x08002112   0x00000018   Code   RO         2878    i.USART_Cmd         stm32f10x_usart.o
    0x0800212a   0x0800212a   0x0000001a   Code   RO         2881    i.USART_GetFlagStatus  stm32f10x_usart.o
    0x08002144   0x08002144   0x00000054   Code   RO         2882    i.USART_GetITStatus  stm32f10x_usart.o
    0x08002198   0x08002198   0x0000004a   Code   RO         2884    i.USART_ITConfig    stm32f10x_usart.o
    0x080021e2   0x080021e2   0x000000d8   Code   RO         2885    i.USART_Init        stm32f10x_usart.o
    0x080022ba   0x080022ba   0x0000000a   Code   RO         2892    i.USART_ReceiveData  stm32f10x_usart.o
    0x080022c4   0x080022c4   0x00000008   Code   RO         2895    i.USART_SendData    stm32f10x_usart.o
    0x080022cc   0x080022cc   0x0000020a   Code   RO         4331    i.UploadFeedbackData  uploading.o
    0x080024d6   0x080024d6   0x00000004   Code   RO         4009    i.UsageFault_Handler  stm32f10x_it.o
    0x080024da   0x080024da   0x00000002   PAD
    0x080024dc   0x080024dc   0x00000028   Code   RO         4626    i.__0snprintf       mc_w.l(printfa.o)
    0x08002504   0x08002504   0x00000028   Code   RO         4627    i.__0sprintf        mc_w.l(printfa.o)
    0x0800252c   0x0800252c   0x00000008   Code   RO         4766    i.__aeabi_errno_addr  mc_w.l(errno.o)
    0x08002534   0x08002534   0x0000005c   Code   RO         4657    i.__free$realloc    mc_w.l(mallocr.o)
    0x08002590   0x08002590   0x00000050   Code   RO         4658    i.__malloc$realloc  mc_w.l(mallocr.o)
    0x080025e0   0x080025e0   0x0000000e   Code   RO         4805    i.__scatterload_copy  mc_w.l(handlers.o)
    0x080025ee   0x080025ee   0x00000002   Code   RO         4806    i.__scatterload_null  mc_w.l(handlers.o)
    0x080025f0   0x080025f0   0x0000000e   Code   RO         4807    i.__scatterload_zeroinit  mc_w.l(handlers.o)
    0x080025fe   0x080025fe   0x00000002   PAD
    0x08002600   0x08002600   0x00000164   Code   RO         4632    i._fp_digits        mc_w.l(printfa.o)
    0x08002764   0x08002764   0x0000000e   Code   RO         4687    i._is_digit         mc_w.l(scanf_fp.o)
    0x08002772   0x08002772   0x00000002   PAD
    0x08002774   0x08002774   0x000006dc   Code   RO         4633    i._printf_core      mc_w.l(printfa.o)
    0x08002e50   0x08002e50   0x00000024   Code   RO         4634    i._printf_post_padding  mc_w.l(printfa.o)
    0x08002e74   0x08002e74   0x0000002e   Code   RO         4635    i._printf_pre_padding  mc_w.l(printfa.o)
    0x08002ea2   0x08002ea2   0x00000016   Code   RO         4636    i._snputc           mc_w.l(printfa.o)
    0x08002eb8   0x08002eb8   0x0000000a   Code   RO         4637    i._sputc            mc_w.l(printfa.o)
    0x08002ec2   0x08002ec2   0x00000036   Code   RO         3164    i.add_item_to_array  cjson.o
    0x08002ef8   0x08002ef8   0x0000007a   Code   RO         3165    i.add_item_to_object  cjson.o
    0x08002f72   0x08002f72   0x00000048   Code   RO         3166    i.buffer_skip_whitespace  cjson.o
    0x08002fba   0x08002fba   0x00000010   Code   RO         3172    i.cJSON_AddItemToArray  cjson.o
    0x08002fca   0x08002fca   0x00000020   Code   RO         3173    i.cJSON_AddItemToObject  cjson.o
    0x08002fea   0x08002fea   0x0000003e   Code   RO         3176    i.cJSON_AddNumberToObject  cjson.o
    0x08003028   0x08003028   0x00000036   Code   RO         3179    i.cJSON_AddStringToObject  cjson.o
    0x0800305e   0x0800305e   0x0000001a   Code   RO         3182    i.cJSON_CreateArray  cjson.o
    0x08003078   0x08003078   0x00000066   Code   RO         3190    i.cJSON_CreateNumber  cjson.o
    0x080030de   0x080030de   0x0000001a   Code   RO         3191    i.cJSON_CreateObject  cjson.o
    0x080030f8   0x080030f8   0x0000003a   Code   RO         3194    i.cJSON_CreateString  cjson.o
    0x08003132   0x08003132   0x00000066   Code   RO         3198    i.cJSON_Delete      cjson.o
    0x08003198   0x08003198   0x00000012   Code   RO         3211    i.cJSON_GetObjectItem  cjson.o
    0x080031aa   0x080031aa   0x0000001a   Code   RO         3228    i.cJSON_New_Item    cjson.o
    0x080031c4   0x080031c4   0x00000010   Code   RO         3229    i.cJSON_Parse       cjson.o
    0x080031d4   0x080031d4   0x000000e4   Code   RO         3231    i.cJSON_ParseWithLengthOpts  cjson.o
    0x080032b8   0x080032b8   0x00000028   Code   RO         3232    i.cJSON_ParseWithOpts  cjson.o
    0x080032e0   0x080032e0   0x00000016   Code   RO         3233    i.cJSON_Print       cjson.o
    0x080032f6   0x080032f6   0x00000014   Code   RO         3244    i.cJSON_free        cjson.o
    0x0800330a   0x0800330a   0x00000038   Code   RO         3246    i.cJSON_strdup      cjson.o
    0x08003342   0x08003342   0x00000048   Code   RO         3247    i.case_insensitive_strcmp  cjson.o
    0x0800338a   0x0800338a   0x00000002   Code   RO         3248    i.cast_away_const   cjson.o
    0x0800338c   0x0800338c   0x00000074   Code   RO         3249    i.compare_double    cjson.o
    0x08003400   0x08003400   0x000000b8   Code   RO         3251    i.ensure            cjson.o
    0x080034b8   0x080034b8   0x00000004   Code   RO         3253    i.get_decimal_point  cjson.o
    0x080034bc   0x080034bc   0x00000052   Code   RO         3254    i.get_object_item   cjson.o
    0x0800350e   0x0800350e   0x0000003c   Code   RO         3979    i.init_all          main.o
    0x0800354a   0x0800354a   0x00000036   Code   RO         4281    i.init_all_data     data_receive.o
    0x08003580   0x08003580   0x000000d2   Code   RO         4070    i.init_uart4        usart.o
    0x08003652   0x08003652   0x000000d0   Code   RO         4071    i.init_uart5        usart.o
    0x08003722   0x08003722   0x000000cc   Code   RO         4072    i.init_usart1       usart.o
    0x080037ee   0x080037ee   0x000000ce   Code   RO         4073    i.init_usart2       usart.o
    0x080038bc   0x080038bc   0x000000d2   Code   RO         4074    i.init_usart3       usart.o
    0x0800398e   0x0800398e   0x00000090   Code   RO         4350    i.init_wifi         wifi.o
    0x08003a1e   0x08003a1e   0x00000002   PAD
    0x08003a20   0x08003a20   0x00000050   Code   RO         4659    i.internal_alloc    mc_w.l(mallocr.o)
    0x08003a70   0x08003a70   0x0000000c   Code   RO         3980    i.main              main.o
    0x08003a7c   0x08003a7c   0x000000f8   Code   RO         3256    i.parse_array       cjson.o
    0x08003b74   0x08003b74   0x0000005a   Code   RO         3257    i.parse_hex4        cjson.o
    0x08003bce   0x08003bce   0x00000136   Code   RO         3258    i.parse_number      cjson.o
    0x08003d04   0x08003d04   0x0000013e   Code   RO         3259    i.parse_object      cjson.o
    0x08003e42   0x08003e42   0x0000018c   Code   RO         3260    i.parse_string      cjson.o
    0x08003fce   0x08003fce   0x00000134   Code   RO         3261    i.parse_value       cjson.o
    0x08004102   0x08004102   0x000000b2   Code   RO         3262    i.print             cjson.o
    0x080041b4   0x080041b4   0x000000b2   Code   RO         3263    i.print_array       cjson.o
    0x08004266   0x08004266   0x00000158   Code   RO         3264    i.print_number      cjson.o
    0x080043be   0x080043be   0x00000174   Code   RO         3265    i.print_object      cjson.o
    0x08004532   0x08004532   0x00000010   Code   RO         3266    i.print_string      cjson.o
    0x08004542   0x08004542   0x00000174   Code   RO         3267    i.print_string_ptr  cjson.o
    0x080046b6   0x080046b6   0x000000fe   Code   RO         3268    i.print_value       cjson.o
    0x080047b4   0x080047b4   0x0000006c   Code   RO         4660    i.realloc           mc_w.l(mallocr.o)
    0x08004820   0x08004820   0x00000202   Code   RO         4282    i.receive_App       data_receive.o
    0x08004a22   0x08004a22   0x0000001e   Code   RO         4283    i.receive_Entrance  data_receive.o
    0x08004a40   0x08004a40   0x00000092   Code   RO         4284    i.receive_ScanCode  data_receive.o
    0x08004ad2   0x08004ad2   0x0000003e   Code   RO         4285    i.receive_Sensor    data_receive.o
    0x08004b10   0x08004b10   0x0000003e   Code   RO         3272    i.skip_utf8_bom     cjson.o
    0x08004b4e   0x08004b4e   0x0000001c   Code   RO         4364    i.strtod            m_ws.l(strtod.o)
    0x08004b6a   0x08004b6a   0x00000006   Code   RO         3273    i.suffix_object     cjson.o
    0x08004b70   0x08004b70   0x00000024   Code   RO         3274    i.update_offset     cjson.o
    0x08004b94   0x08004b94   0x00000154   Code   RO         4332    i.upload_indent_data  uploading.o
    0x08004ce8   0x08004ce8   0x0000001e   Code   RO         4076    i.usart_send_byte   usart.o
    0x08004d06   0x08004d06   0x0000001c   Code   RO         4077    i.usart_send_string  usart.o
    0x08004d22   0x08004d22   0x0000012c   Code   RO         3275    i.utf16_literal_to_utf8  cjson.o
    0x08004e4e   0x08004e4e   0x00000002   PAD
    0x08004e50   0x08004e50   0x00000010   Data   RO         3949    .constdata          task.o
    0x08004e60   0x08004e60   0x00000018   Data   RO         4287    .constdata          data_receive.o
    0x08004e78   0x08004e78   0x00000081   Data   RO         4737    .constdata          mc_w.l(ctype_o.o)
    0x08004ef9   0x08004ef9   0x00000003   PAD
    0x08004efc   0x08004efc   0x00000004   Data   RO         4738    .constdata          mc_w.l(ctype_o.o)
    0x08004f00   0x08004f00   0x0000004c   Data   RO         3277    .conststring        cjson.o
    0x08004f4c   0x08004f4c   0x000000dc   Data   RO         4248    .conststring        command.o
    0x08005028   0x08005028   0x000001b4   Data   RO         4288    .conststring        data_receive.o
    0x080051dc   0x080051dc   0x00000118   Data   RO         4333    .conststring        uploading.o
    0x080052f4   0x080052f4   0x00000070   Data   RO         4351    .conststring        wifi.o
    0x08005364   0x08005364   0x00000020   Data   RO         4803    Region$$Table       anon$$obj.o
    0x08005384   0x08005384   0x00000009   Data   RO         3279    c.parse_number.00000040  cjson.o


    Execution Region RW_IRAM1 (Exec base: 0x20000000, Load base: 0x08005390, Size: 0x000048e8, Max: 0x00010000, ABSOLUTE)

    Exec Addr    Load Addr    Size         Type   Attr      Idx    E Section Name        Object

    0x20000000   0x08005390   0x00000014   Data   RW         1738    .data               stm32f10x_rcc.o
    0x20000014   0x080053a4   0x00000014   Data   RW         3278    .data               cjson.o
    0x20000028   0x080053b8   0x0000000a   Data   RW         4079    .data               usart.o
    0x20000032   0x080053c2   0x00000002   PAD
    0x20000034   0x080053c4   0x00000010   Data   RW         4289    .data               data_receive.o
    0x20000044   0x080053d4   0x00000004   Data   RW         4764    .data               mc_w.l(mvars.o)
    0x20000048   0x080053d8   0x00000004   Data   RW         4765    .data               mc_w.l(mvars.o)
    0x2000004c   0x080053dc   0x00000004   Data   RW         4769    .data               mc_w.l(errno.o)
    0x20000050        -       0x00000048   Zero   RW         3909    .bss                systick.o
    0x20000098        -       0x00000500   Zero   RW         4078    .bss                usart.o
    0x20000598        -       0x00000350   Zero   RW         4286    .bss                data_receive.o
    0x200008e8        -       0x00002000   Zero   RW            2    HEAP                startup_stm32f10x_hd.o
    0x200028e8        -       0x00002000   Zero   RW            1    STACK               startup_stm32f10x_hd.o


==============================================================================

Image component sizes


      Code (inc. data)   RO Data    RW Data    ZI Data      Debug   Object Name

      5400          0         85         20          0      41113   cjson.o
       450          0        220          0          0       3937   command.o
         0          0          0          0          0       4504   core_cm3.o
         0          0          0          0          0       1228   data_helper.o
      1084          0        460         16        848       6451   data_receive.o
       134          0          0          0          0        554   led.o
       112          0          0          0          0       1479   main.o
       138          0          0          0          0       1619   misc.o
        36          8        304          0      16384        896   startup_stm32f10x_hd.o
       278          0          0          0          0       2008   stm32f10x_gpio.o
        24          0          0          0          0       3776   stm32f10x_it.o
       400          0          0         20          0       4570   stm32f10x_rcc.o
       490          0          0          0          0       7585   stm32f10x_usart.o
        24          0          0          0          0      17357   system.o
       402          0          0          0          0     230241   system_stm32f10x.o
       204          0          0          0         72      17480   systick.o
       158          0         16          0          0       2432   task.o
       862          0        280          0          0       1958   uploading.o
      2060          0          0         10       1280      11497   usart.o
       144          0        112          0          0        500   wifi.o

    ----------------------------------------------------------------------
     12406          8       1512         68      18584     361185   Object Totals
         0          0         32          0          0          0   (incl. Generated)
         6          0          3          2          0          0   (incl. Padding)

    ----------------------------------------------------------------------

      Code (inc. data)   RO Data    RW Data    ZI Data      Debug   Library Member Name

        28          0          0          0          0         80   strtod.o
        56          8          0          0          0         84   __0sscanf.o
        28          0          0          0          0         68   _chval.o
       812          4          0          0          0        112   _scanf.o
       332          0          0          0          0         96   _scanf_int.o
        64          0          0          0          0         84   _sgetc.o
       158          0          0          0          0         92   _strtoul.o
         8          4        133          0          0         68   ctype_o.o
         0          0          0          0          0          0   entry.o
         0          0          0          0          0          0   entry10a.o
         0          0          0          0          0          0   entry11a.o
         8          4          0          0          0          0   entry2.o
         4          0          0          0          0          0   entry5.o
         0          0          0          0          0          0   entry7b.o
         0          0          0          0          0          0   entry8b.o
         8          4          0          0          0          0   entry9a.o
         8          4          0          4          0         68   errno.o
        30          0          0          0          0          0   handlers.o
        36          8          0          0          0         68   init.o
        18          0          0          0          0         76   isspace_o.o
         0          0          0          0          0          0   iusefp.o
        30          0          0          0          0         68   llshl.o
        36          0          0          0          0         68   llsshr.o
        32          0          0          0          0         68   llushr.o
       360         30          0          0          0        356   mallocr.o
        36          0          0          0          0         68   memcpya.o
        36          0          0          0          0        108   memseta.o
         0          0          0          8          0          0   mvars.o
      2306         90          0          0          0        664   printfa.o
        40          8          0          0          0         84   scanf_char.o
       838         12          0          0          0        216   scanf_fp.o
        28          0          0          0          0         76   strcmp.o
        18          0          0          0          0         68   strcpy.o
        14          0          0          0          0         68   strlen.o
        30          0          0          0          0         80   strncmp.o
        36          0          0          0          0         80   strstr.o
       156         14          0          0          0        120   strtod.o
       114          0          0          0          0         92   strtoul.o
        12          0          0          0          0         68   tolower.o
        44          0          0          0          0         80   uidiv.o
        98          0          0          0          0         92   uldiv.o
        48          0          0          0          0         68   cdcmple.o
        48          0          0          0          0         68   cdrcmple.o
        56          0          0          0          0         88   d2f.o
       334          0          0          0          0        148   dadd.o
       222          0          0          0          0        100   ddiv.o
       186          0          0          0          0        176   depilogue.o
        62          0          0          0          0         80   dfixi.o
        48          0          0          0          0         68   dfixul.o
        34          0          0          0          0         76   dflti.o
        26          0          0          0          0         76   dfltui.o
        24          0          0          0          0         76   dfltul.o
       228          0          0          0          0         96   dmul.o
        38          0          0          0          0         68   f2d.o
       110          0          0          0          0        168   fepilogue.o

    ----------------------------------------------------------------------
      7338        190        136         12          0       4776   Library Totals
        12          0          3          0          0          0   (incl. Padding)

    ----------------------------------------------------------------------

      Code (inc. data)   RO Data    RW Data    ZI Data      Debug   Library Name

        28          0          0          0          0         80   m_ws.l
      5834        190        133         12          0       3340   mc_w.l
      1464          0          0          0          0       1356   mf_w.l

    ----------------------------------------------------------------------
      7338        190        136         12          0       4776   Library Totals

    ----------------------------------------------------------------------

==============================================================================


      Code (inc. data)   RO Data    RW Data    ZI Data      Debug   

     19744        198       1648         80      18584     357793   Grand Totals
     19744        198       1648         80      18584     357793   ELF Image Totals
     19744        198       1648         80          0          0   ROM Totals

==============================================================================

    Total RO  Size (Code + RO Data)                21392 (  20.89kB)
    Total RW  Size (RW Data + ZI Data)             18664 (  18.23kB)
    Total ROM Size (Code + RO Data + RW Data)      21472 (  20.97kB)

==============================================================================

