Component: ARM Compiler 5.05 update 1 (build 106) Tool: armlink [4d0efa]

==============================================================================

Section Cross References

    startup_stm32f10x_hd.o(RESET) refers to startup_stm32f10x_hd.o(STACK) for __initial_sp
    startup_stm32f10x_hd.o(RESET) refers to startup_stm32f10x_hd.o(.text) for Reset_Handler
    startup_stm32f10x_hd.o(RESET) refers to stm32f10x_it.o(i.NMI_Handler) for NMI_Handler
    startup_stm32f10x_hd.o(RESET) refers to stm32f10x_it.o(i.HardFault_Handler) for HardFault_Handler
    startup_stm32f10x_hd.o(RESET) refers to stm32f10x_it.o(i.MemManage_Handler) for MemManage_Handler
    startup_stm32f10x_hd.o(RESET) refers to stm32f10x_it.o(i.BusFault_Handler) for BusFault_Handler
    startup_stm32f10x_hd.o(RESET) refers to stm32f10x_it.o(i.UsageFault_Handler) for UsageFault_Handler
    startup_stm32f10x_hd.o(RESET) refers to stm32f10x_it.o(i.SVC_Handler) for SVC_Handler
    startup_stm32f10x_hd.o(RESET) refers to stm32f10x_it.o(i.DebugMon_Handler) for DebugMon_Handler
    startup_stm32f10x_hd.o(RESET) refers to stm32f10x_it.o(i.PendSV_Handler) for PendSV_Handler
    startup_stm32f10x_hd.o(RESET) refers to systick.o(i.SysTick_Handler) for SysTick_Handler
    startup_stm32f10x_hd.o(RESET) refers to usart.o(i.USART1_IRQHandler) for USART1_IRQHandler
    startup_stm32f10x_hd.o(RESET) refers to usart.o(i.USART2_IRQHandler) for USART2_IRQHandler
    startup_stm32f10x_hd.o(RESET) refers to usart.o(i.USART3_IRQHandler) for USART3_IRQHandler
    startup_stm32f10x_hd.o(.text) refers to system_stm32f10x.o(i.SystemInit) for SystemInit
    startup_stm32f10x_hd.o(.text) refers to entry.o(.ARM.Collect$$$$00000000) for __main
    system_stm32f10x.o(i.SetSysClock) refers to system_stm32f10x.o(i.SetSysClockTo72) for SetSysClockTo72
    system_stm32f10x.o(i.SystemCoreClockUpdate) refers to system_stm32f10x.o(.data) for SystemCoreClock
    system_stm32f10x.o(i.SystemInit) refers to system_stm32f10x.o(i.SetSysClock) for SetSysClock
    stm32f10x_adc.o(i.ADC_DeInit) refers to stm32f10x_rcc.o(i.RCC_APB2PeriphResetCmd) for RCC_APB2PeriphResetCmd
    stm32f10x_bkp.o(i.BKP_DeInit) refers to stm32f10x_rcc.o(i.RCC_BackupResetCmd) for RCC_BackupResetCmd
    stm32f10x_can.o(i.CAN_DeInit) refers to stm32f10x_rcc.o(i.RCC_APB1PeriphResetCmd) for RCC_APB1PeriphResetCmd
    stm32f10x_can.o(i.CAN_GetITStatus) refers to stm32f10x_can.o(i.CheckITStatus) for CheckITStatus
    stm32f10x_cec.o(i.CEC_DeInit) refers to stm32f10x_rcc.o(i.RCC_APB1PeriphResetCmd) for RCC_APB1PeriphResetCmd
    stm32f10x_dac.o(i.DAC_DeInit) refers to stm32f10x_rcc.o(i.RCC_APB1PeriphResetCmd) for RCC_APB1PeriphResetCmd
    stm32f10x_flash.o(i.FLASH_EnableWriteProtection) refers to stm32f10x_flash.o(i.FLASH_WaitForLastOperation) for FLASH_WaitForLastOperation
    stm32f10x_flash.o(i.FLASH_EraseAllBank1Pages) refers to stm32f10x_flash.o(i.FLASH_WaitForLastBank1Operation) for FLASH_WaitForLastBank1Operation
    stm32f10x_flash.o(i.FLASH_EraseAllPages) refers to stm32f10x_flash.o(i.FLASH_WaitForLastOperation) for FLASH_WaitForLastOperation
    stm32f10x_flash.o(i.FLASH_EraseOptionBytes) refers to stm32f10x_flash.o(i.FLASH_GetReadOutProtectionStatus) for FLASH_GetReadOutProtectionStatus
    stm32f10x_flash.o(i.FLASH_EraseOptionBytes) refers to stm32f10x_flash.o(i.FLASH_WaitForLastOperation) for FLASH_WaitForLastOperation
    stm32f10x_flash.o(i.FLASH_ErasePage) refers to stm32f10x_flash.o(i.FLASH_WaitForLastOperation) for FLASH_WaitForLastOperation
    stm32f10x_flash.o(i.FLASH_ProgramHalfWord) refers to stm32f10x_flash.o(i.FLASH_WaitForLastOperation) for FLASH_WaitForLastOperation
    stm32f10x_flash.o(i.FLASH_ProgramOptionByteData) refers to stm32f10x_flash.o(i.FLASH_WaitForLastOperation) for FLASH_WaitForLastOperation
    stm32f10x_flash.o(i.FLASH_ProgramWord) refers to stm32f10x_flash.o(i.FLASH_WaitForLastOperation) for FLASH_WaitForLastOperation
    stm32f10x_flash.o(i.FLASH_ReadOutProtection) refers to stm32f10x_flash.o(i.FLASH_WaitForLastOperation) for FLASH_WaitForLastOperation
    stm32f10x_flash.o(i.FLASH_UserOptionByteConfig) refers to stm32f10x_flash.o(i.FLASH_WaitForLastOperation) for FLASH_WaitForLastOperation
    stm32f10x_flash.o(i.FLASH_WaitForLastBank1Operation) refers to stm32f10x_flash.o(i.FLASH_GetBank1Status) for FLASH_GetBank1Status
    stm32f10x_flash.o(i.FLASH_WaitForLastOperation) refers to stm32f10x_flash.o(i.FLASH_GetBank1Status) for FLASH_GetBank1Status
    stm32f10x_gpio.o(i.GPIO_AFIODeInit) refers to stm32f10x_rcc.o(i.RCC_APB2PeriphResetCmd) for RCC_APB2PeriphResetCmd
    stm32f10x_gpio.o(i.GPIO_DeInit) refers to stm32f10x_rcc.o(i.RCC_APB2PeriphResetCmd) for RCC_APB2PeriphResetCmd
    stm32f10x_i2c.o(i.I2C_DeInit) refers to stm32f10x_rcc.o(i.RCC_APB1PeriphResetCmd) for RCC_APB1PeriphResetCmd
    stm32f10x_i2c.o(i.I2C_Init) refers to stm32f10x_rcc.o(i.RCC_GetClocksFreq) for RCC_GetClocksFreq
[...]
    Removing stm32f10x_i2c.o(i.I2C_AcknowledgeConfig), (24 bytes).
    Removing stm32f10x_i2c.o(i.I2C_CalculatePEC), (24 bytes).
    Removing stm32f10x_i2c.o(i.I2C_CheckEvent), (42 bytes).
    Removing stm32f10x_i2c.o(i.I2C_ClearFlag), (12 bytes).
    Removing stm32f10x_i2c.o(i.I2C_ClearITPendingBit), (12 bytes).
    Removing stm32f10x_i2c.o(i.I2C_Cmd), (24 bytes).
    Removing stm32f10x_i2c.o(i.I2C_DMACmd), (24 bytes).
    Removing stm32f10x_i2c.o(i.I2C_DMALastTransferCmd), (24 bytes).
    Removing stm32f10x_i2c.o(i.I2C_DeInit), (56 bytes).
    Removing stm32f10x_i2c.o(i.I2C_DualAddressCmd), (24 bytes).
    Removing stm32f10x_i2c.o(i.I2C_FastModeDutyCycleConfig), (28 bytes).
    Removing stm32f10x_i2c.o(i.I2C_GeneralCallCmd), (24 bytes).
    Removing stm32f10x_i2c.o(i.I2C_GenerateSTART), (24 bytes).
    Removing stm32f10x_i2c.o(i.I2C_GenerateSTOP), (24 bytes).
    Removing stm32f10x_i2c.o(i.I2C_GetFlagStatus), (58 bytes).
    Removing stm32f10x_i2c.o(i.I2C_GetITStatus), (38 bytes).
    Removing stm32f10x_i2c.o(i.I2C_GetLastEvent), (26 bytes).
    Removing stm32f10x_i2c.o(i.I2C_GetPEC), (8 bytes).
    Removing stm32f10x_i2c.o(i.I2C_ITConfig), (18 bytes).
    Removing stm32f10x_i2c.o(i.I2C_Init), (238 bytes).
    Removing stm32f10x_i2c.o(i.I2C_NACKPositionConfig), (28 bytes).
    Removing stm32f10x_i2c.o(i.I2C_OwnAddress2Config), (22 bytes).
    Removing stm32f10x_i2c.o(i.I2C_PECPositionConfig), (28 bytes).
    Removing stm32f10x_i2c.o(i.I2C_ReadRegister), (22 bytes).
    Removing stm32f10x_i2c.o(i.I2C_ReceiveData), (8 bytes).
    Removing stm32f10x_i2c.o(i.I2C_SMBusAlertConfig), (28 bytes).
    Removing stm32f10x_i2c.o(i.I2C_Send7bitAddress), (18 bytes).
    Removing stm32f10x_i2c.o(i.I2C_SendData), (4 bytes).
    Removing stm32f10x_i2c.o(i.I2C_SoftwareResetCmd), (22 bytes).
    Removing stm32f10x_i2c.o(i.I2C_StretchClockCmd), (24 bytes).
    Removing stm32f10x_i2c.o(i.I2C_StructInit), (30 bytes).
    Removing stm32f10x_i2c.o(i.I2C_TransmitPEC), (24 bytes).
    Removing stm32f10x_iwdg.o(i.IWDG_Enable), (16 bytes).
    Removing stm32f10x_iwdg.o(i.IWDG_GetFlagStatus), (26 bytes).
    Removing stm32f10x_iwdg.o(i.IWDG_ReloadCounter), (16 bytes).
    Removing stm32f10x_iwdg.o(i.IWDG_SetPrescaler), (12 bytes).
    Removing stm32f10x_iwdg.o(i.IWDG_SetReload), (12 bytes).
    Removing stm32f10x_iwdg.o(i.IWDG_WriteAccessCmd), (12 bytes).
    Removing stm32f10x_pwr.o(i.PWR_BackupAccessCmd), (10 bytes).
    Removing stm32f10x_pwr.o(i.PWR_ClearFlag), (26 bytes).
    Removing stm32f10x_pwr.o(i.PWR_DeInit), (22 bytes).
    Removing stm32f10x_pwr.o(i.PWR_EnterSTANDBYMode), (66 bytes).
    Removing stm32f10x_pwr.o(i.PWR_EnterSTOPMode), (84 bytes).
    Removing stm32f10x_pwr.o(i.PWR_GetFlagStatus), (26 bytes).
    Removing stm32f10x_pwr.o(i.PWR_PVDCmd), (10 bytes).
    Removing stm32f10x_pwr.o(i.PWR_PVDLevelConfig), (24 bytes).
    Removing stm32f10x_pwr.o(i.PWR_WakeUpPinCmd), (10 bytes).
    Removing stm32f10x_rcc.o(i.RCC_ADCCLKConfig), (24 bytes).
    Removing stm32f10x_rcc.o(i.RCC_AHBPeriphClockCmd), (50 bytes).
    Removing stm32f10x_rcc.o(i.RCC_APB1PeriphResetCmd), (50 bytes).
    Removing stm32f10x_rcc.o(i.RCC_APB2PeriphResetCmd), (50 bytes).
    Removing stm32f10x_rcc.o(i.RCC_AdjustHSICalibrationValue), (26 bytes).
    Removing stm32f10x_rcc.o(i.RCC_BackupResetCmd), (12 bytes).
    Removing stm32f10x_rcc.o(i.RCC_ClearFlag), (26 bytes).
    Removing stm32f10x_rcc.o(i.RCC_ClearITPendingBit), (12 bytes).
    Removing stm32f10x_rcc.o(i.RCC_ClockSecuritySystemCmd), (10 bytes).
    Removing stm32f10x_rcc.o(i.RCC_DeInit), (88 bytes).
    Removing stm32f10x_rcc.o(i.RCC_GetFlagStatus), (74 bytes).
    Removing stm32f10x_rcc.o(i.RCC_GetITStatus), (26 bytes).
    Removing stm32f10x_rcc.o(i.RCC_GetSYSCLKSource), (16 bytes).
    Removing stm32f10x_rcc.o(i.RCC_HCLKConfig), (24 bytes).
    Removing stm32f10x_rcc.o(i.RCC_HSEConfig), (106 bytes).
    Removing stm32f10x_rcc.o(i.RCC_HSICmd), (10 bytes).
    Removing stm32f10x_rcc.o(i.RCC_ITConfig), (50 bytes).
    Removing stm32f10x_rcc.o(i.RCC_LSEConfig), (68 bytes).
    Removing stm32f10x_rcc.o(i.RCC_LSICmd), (12 bytes).
    Removing stm32f10x_rcc.o(i.RCC_MCOConfig), (12 bytes).
    Removing stm32f10x_rcc.o(i.RCC_PCLK1Config), (24 bytes).
    Removing stm32f10x_rcc.o(i.RCC_PCLK2Config), (26 bytes).
    Removing stm32f10x_rcc.o(i.RCC_PLLCmd), (10 bytes).
    Removing stm32f10x_rcc.o(i.RCC_PLLConfig), (36 bytes).
    Removing stm32f10x_rcc.o(i.RCC_RTCCLKCmd), (12 bytes).
    Removing stm32f10x_rcc.o(i.RCC_RTCCLKConfig), (24 bytes).
    Removing stm32f10x_rcc.o(i.RCC_SYSCLKConfig), (24 bytes).
    Removing stm32f10x_rcc.o(i.RCC_USBCLKConfig), (10 bytes).
    Removing stm32f10x_rcc.o(i.RCC_WaitForHSEStartUp), (56 bytes).
    Removing stm32f10x_rtc.o(i.RTC_ClearFlag), (24 bytes).
    Removing stm32f10x_rtc.o(i.RTC_ClearITPendingBit), (24 bytes).
    Removing stm32f10x_rtc.o(i.RTC_EnterConfigMode), (26 bytes).
    Removing stm32f10x_rtc.o(i.RTC_ExitConfigMode), (28 bytes).
    Removing stm32f10x_rtc.o(i.RTC_GetCounter), (22 bytes).
    Removing stm32f10x_rtc.o(i.RTC_GetDivider), (30 bytes).
    Removing stm32f10x_rtc.o(i.RTC_GetFlagStatus), (26 bytes).
    Removing stm32f10x_rtc.o(i.RTC_GetITStatus), (42 bytes).
    Removing stm32f10x_rtc.o(i.RTC_ITConfig), (50 bytes).
    Removing stm32f10x_rtc.o(i.RTC_SetAlarm), (30 bytes).
    Removing stm32f10x_rtc.o(i.RTC_SetCounter), (30 bytes).
    Removing stm32f10x_rtc.o(i.RTC_SetPrescaler), (32 bytes).
    Removing stm32f10x_rtc.o(i.RTC_WaitForLastTask), (22 bytes).
    Removing stm32f10x_rtc.o(i.RTC_WaitForSynchro), (48 bytes).
    Removing stm32f10x_sdio.o(i.SDIO_CEATAITCmd), (16 bytes).
    Removing stm32f10x_sdio.o(i.SDIO_ClearFlag), (12 bytes).
    Removing stm32f10x_sdio.o(i.SDIO_ClearITPendingBit), (12 bytes).
    Removing stm32f10x_sdio.o(i.SDIO_ClockCmd), (10 bytes).
    Removing stm32f10x_sdio.o(i.SDIO_CmdStructInit), (14 bytes).
    Removing stm32f10x_sdio.o(i.SDIO_CommandCompletionCmd), (12 bytes).
    Removing stm32f10x_sdio.o(i.SDIO_DMACmd), (12 bytes).
    Removing stm32f10x_sdio.o(i.SDIO_DataConfig), (54 bytes).
    Removing stm32f10x_sdio.o(i.SDIO_DataStructInit), (20 bytes).
    Removing stm32f10x_sdio.o(i.SDIO_DeInit), (40 bytes).
    Removing stm32f10x_sdio.o(i.SDIO_GetCommandResponse), (14 bytes).
    Removing stm32f10x_sdio.o(i.SDIO_GetDataCounter), (12 bytes).
    Removing stm32f10x_sdio.o(i.SDIO_GetFIFOCount), (12 bytes).
    Removing stm32f10x_sdio.o(i.SDIO_GetFlagStatus), (26 bytes).
    Removing stm32f10x_sdio.o(i.SDIO_GetITStatus), (26 bytes).
    Removing stm32f10x_sdio.o(i.SDIO_GetPowerState), (16 bytes).
    Removing stm32f10x_sdio.o(i.SDIO_GetResponse), (26 bytes).
    Removing stm32f10x_sdio.o(i.SDIO_ITConfig), (50 bytes).
    Removing stm32f10x_sdio.o(i.SDIO_Init), (56 bytes).
    Removing stm32f10x_sdio.o(i.SDIO_ReadData), (12 bytes).
    Removing stm32f10x_sdio.o(i.SDIO_SendCEATACmd), (12 bytes).
    Removing stm32f10x_sdio.o(i.SDIO_SendCommand), (50 bytes).
    Removing stm32f10x_sdio.o(i.SDIO_SendSDIOSuspendCmd), (12 bytes).
    Removing stm32f10x_sdio.o(i.SDIO_SetPowerState), (34 bytes).
    Removing stm32f10x_sdio.o(i.SDIO_SetSDIOOperation), (12 bytes).
    Removing stm32f10x_sdio.o(i.SDIO_SetSDIOReadWaitMode), (12 bytes).
    Removing stm32f10x_sdio.o(i.SDIO_StartSDIOReadWait), (12 bytes).
    Removing stm32f10x_sdio.o(i.SDIO_StopSDIOReadWait), (12 bytes).
    Removing stm32f10x_sdio.o(i.SDIO_StructInit), (16 bytes).
    Removing stm32f10x_sdio.o(i.SDIO_WriteData), (12 bytes).
    Removing stm32f10x_spi.o(i.I2S_Cmd), (24 bytes).
    Removing stm32f10x_spi.o(i.I2S_Init), (232 bytes).
    Removing stm32f10x_spi.o(i.I2S_StructInit), (20 bytes).
    Removing stm32f10x_spi.o(i.SPI_BiDirectionalLineConfig), (28 bytes).
    Removing stm32f10x_spi.o(i.SPI_CalculateCRC), (24 bytes).
    Removing stm32f10x_spi.o(i.SPI_Cmd), (24 bytes).
    Removing stm32f10x_spi.o(i.SPI_DataSizeConfig), (18 bytes).
    Removing stm32f10x_spi.o(i.SPI_GetCRC), (16 bytes).
    Removing stm32f10x_spi.o(i.SPI_GetCRCPolynomial), (6 bytes).
    Removing stm32f10x_spi.o(i.SPI_I2S_ClearFlag), (6 bytes).
    Removing stm32f10x_spi.o(i.SPI_I2S_ClearITPendingBit), (20 bytes).
    Removing stm32f10x_spi.o(i.SPI_I2S_DMACmd), (18 bytes).
    Removing stm32f10x_spi.o(i.SPI_I2S_DeInit), (94 bytes).
    Removing stm32f10x_spi.o(i.SPI_I2S_GetFlagStatus), (18 bytes).
    Removing stm32f10x_spi.o(i.SPI_I2S_GetITStatus), (52 bytes).
    Removing stm32f10x_spi.o(i.SPI_I2S_ITConfig), (32 bytes).
    Removing stm32f10x_spi.o(i.SPI_I2S_ReceiveData), (6 bytes).
    Removing stm32f10x_spi.o(i.SPI_I2S_SendData), (4 bytes).
    Removing stm32f10x_spi.o(i.SPI_Init), (60 bytes).
    Removing stm32f10x_spi.o(i.SPI_NSSInternalSoftwareConfig), (30 bytes).
    Removing stm32f10x_spi.o(i.SPI_SSOutputCmd), (24 bytes).
    Removing stm32f10x_spi.o(i.SPI_StructInit), (24 bytes).
    Removing stm32f10x_spi.o(i.SPI_TransmitCRC), (10 bytes).
    Removing stm32f10x_tim.o(i.TI1_Config), (138 bytes).
    Removing stm32f10x_tim.o(i.TI2_Config), (160 bytes).
    Removing stm32f10x_tim.o(i.TI3_Config), (152 bytes).
    Removing stm32f10x_tim.o(i.TI4_Config), (160 bytes).
    Removing stm32f10x_tim.o(i.TIM_ARRPreloadConfig), (24 bytes).
    Removing stm32f10x_tim.o(i.TIM_BDTRConfig), (32 bytes).
    Removing stm32f10x_tim.o(i.TIM_BDTRStructInit), (18 bytes).
    Removing stm32f10x_tim.o(i.TIM_CCPreloadControl), (24 bytes).
    Removing stm32f10x_tim.o(i.TIM_CCxCmd), (30 bytes).
    Removing stm32f10x_tim.o(i.TIM_CCxNCmd), (30 bytes).
    Removing stm32f10x_tim.o(i.TIM_ClearFlag), (6 bytes).
    Removing stm32f10x_tim.o(i.TIM_ClearITPendingBit), (6 bytes).
    Removing stm32f10x_tim.o(i.TIM_ClearOC1Ref), (18 bytes).
    Removing stm32f10x_tim.o(i.TIM_ClearOC2Ref), (24 bytes).
    Removing stm32f10x_tim.o(i.TIM_ClearOC3Ref), (18 bytes).
    Removing stm32f10x_tim.o(i.TIM_ClearOC4Ref), (24 bytes).
    Removing stm32f10x_tim.o(i.TIM_CounterModeConfig), (18 bytes).
    Removing stm32f10x_tim.o(i.TIM_CtrlPWMOutputs), (30 bytes).
    Removing stm32f10x_tim.o(i.TIM_DMACmd), (18 bytes).
    Removing stm32f10x_tim.o(i.TIM_DMAConfig), (10 bytes).
    Removing stm32f10x_tim.o(i.TIM_DeInit), (520 bytes).
    Removing stm32f10x_tim.o(i.TIM_ETRClockMode1Config), (54 bytes).
    Removing stm32f10x_tim.o(i.TIM_ETRClockMode2Config), (32 bytes).
    Removing stm32f10x_tim.o(i.TIM_ETRConfig), (28 bytes).
    Removing stm32f10x_tim.o(i.TIM_EncoderInterfaceConfig), (66 bytes).
    Removing stm32f10x_tim.o(i.TIM_ForcedOC1Config), (18 bytes).
    Removing stm32f10x_tim.o(i.TIM_ForcedOC2Config), (26 bytes).
    Removing stm32f10x_tim.o(i.TIM_ForcedOC3Config), (18 bytes).
    Removing stm32f10x_tim.o(i.TIM_ForcedOC4Config), (26 bytes).
    Removing stm32f10x_tim.o(i.TIM_GenerateEvent), (4 bytes).
    Removing stm32f10x_tim.o(i.TIM_GetCapture1), (6 bytes).
    Removing stm32f10x_tim.o(i.TIM_GetCapture2), (6 bytes).
    Removing stm32f10x_tim.o(i.TIM_GetCapture3), (6 bytes).
    Removing stm32f10x_tim.o(i.TIM_GetCapture4), (8 bytes).
    Removing stm32f10x_tim.o(i.TIM_GetCounter), (6 bytes).
    Removing stm32f10x_tim.o(i.TIM_GetFlagStatus), (18 bytes).
    Removing stm32f10x_tim.o(i.TIM_GetITStatus), (34 bytes).
    Removing stm32f10x_tim.o(i.TIM_GetPrescaler), (6 bytes).
    Removing stm32f10x_tim.o(i.TIM_ICInit), (180 bytes).
    Removing stm32f10x_tim.o(i.TIM_ICStructInit), (18 bytes).
    Removing stm32f10x_tim.o(i.TIM_ITConfig), (18 bytes).
    Removing stm32f10x_tim.o(i.TIM_ITRxExternalClockConfig), (24 bytes).
    Removing stm32f10x_tim.o(i.TIM_OC1FastConfig), (18 bytes).
    Removing stm32f10x_tim.o(i.TIM_OC1Init), (162 bytes).
    Removing stm32f10x_tim.o(i.TIM_OC1NPolarityConfig), (18 bytes).
    Removing stm32f10x_tim.o(i.TIM_OC1PolarityConfig), (18 bytes).
    Removing stm32f10x_tim.o(i.TIM_OC1PreloadConfig), (18 bytes).
    Removing stm32f10x_tim.o(i.TIM_OC2FastConfig), (26 bytes).
    Removing stm32f10x_tim.o(i.TIM_OC2NPolarityConfig), (26 bytes).
    Removing stm32f10x_tim.o(i.TIM_OC2PolarityConfig), (26 bytes).
    Removing stm32f10x_tim.o(i.TIM_OC2PreloadConfig), (26 bytes).
    Removing stm32f10x_tim.o(i.TIM_OC3FastConfig), (18 bytes).
    Removing stm32f10x_tim.o(i.TIM_OC3Init), (162 bytes).
    Removing stm32f10x_tim.o(i.TIM_OC3NPolarityConfig), (26 bytes).
    Removing stm32f10x_tim.o(i.TIM_OC3PolarityConfig), (26 bytes).
    Removing stm32f10x_tim.o(i.TIM_OC3PreloadConfig), (18 bytes).
    Removing stm32f10x_tim.o(i.TIM_OC4FastConfig), (26 bytes).
    Removing stm32f10x_tim.o(i.TIM_OC4Init), (126 bytes).
    Removing stm32f10x_tim.o(i.TIM_OC4PolarityConfig), (26 bytes).
    Removing stm32f10x_tim.o(i.TIM_OC4PreloadConfig), (26 bytes).
    Removing stm32f10x_tim.o(i.TIM_PWMIConfig), (124 bytes).
    Removing stm32f10x_tim.o(i.TIM_PrescalerConfig), (6 bytes).
    Removing stm32f10x_tim.o(i.TIM_SelectCCDMA), (24 bytes).
    Removing stm32f10x_tim.o(i.TIM_SelectCOM), (24 bytes).
    Removing stm32f10x_tim.o(i.TIM_SelectHallSensor), (24 bytes).
    Removing stm32f10x_tim.o(i.TIM_SelectInputTrigger), (18 bytes).
    Removing stm32f10x_tim.o(i.TIM_SelectMasterSlaveMode), (18 bytes).
    Removing stm32f10x_tim.o(i.TIM_SelectOCxM), (82 bytes).
    Removing stm32f10x_tim.o(i.TIM_SelectOnePulseMode), (18 bytes).
    Removing stm32f10x_tim.o(i.TIM_SelectOutputTrigger), (18 bytes).
    Removing stm32f10x_tim.o(i.TIM_SelectSlaveMode), (18 bytes).
    Removing stm32f10x_tim.o(i.TIM_SetAutoreload), (4 bytes).
    Removing stm32f10x_tim.o(i.TIM_SetClockDivision), (18 bytes).
    Removing stm32f10x_tim.o(i.TIM_SetCompare1), (4 bytes).
    Removing stm32f10x_tim.o(i.TIM_SetCompare3), (4 bytes).
    Removing stm32f10x_tim.o(i.TIM_SetCompare4), (6 bytes).
    Removing stm32f10x_tim.o(i.TIM_SetCounter), (4 bytes).
    Removing stm32f10x_tim.o(i.TIM_SetIC1Prescaler), (18 bytes).
    Removing stm32f10x_tim.o(i.TIM_SetIC2Prescaler), (26 bytes).
    Removing stm32f10x_tim.o(i.TIM_SetIC3Prescaler), (18 bytes).
    Removing stm32f10x_tim.o(i.TIM_SetIC4Prescaler), (26 bytes).
    Removing stm32f10x_tim.o(i.TIM_TIxExternalClockConfig), (62 bytes).
    Removing stm32f10x_tim.o(i.TIM_TimeBaseStructInit), (18 bytes).
    Removing stm32f10x_tim.o(i.TIM_UpdateDisableConfig), (24 bytes).
    Removing stm32f10x_tim.o(i.TIM_UpdateRequestConfig), (24 bytes).
    Removing stm32f10x_usart.o(i.USART_ClockInit), (34 bytes).
    Removing stm32f10x_usart.o(i.USART_ClockStructInit), (12 bytes).
    Removing stm32f10x_usart.o(i.USART_DMACmd), (18 bytes).
    Removing stm32f10x_usart.o(i.USART_DeInit), (164 bytes).
    Removing stm32f10x_usart.o(i.USART_HalfDuplexCmd), (24 bytes).
    Removing stm32f10x_usart.o(i.USART_IrDACmd), (24 bytes).
    Removing stm32f10x_usart.o(i.USART_IrDAConfig), (18 bytes).
    Removing stm32f10x_usart.o(i.USART_LINBreakDetectLengthConfig), (18 bytes).
    Removing stm32f10x_usart.o(i.USART_LINCmd), (24 bytes).
    Removing stm32f10x_usart.o(i.USART_OneBitMethodCmd), (24 bytes).
    Removing stm32f10x_usart.o(i.USART_OverSampling8Cmd), (22 bytes).
    Removing stm32f10x_usart.o(i.USART_ReceiverWakeUpCmd), (24 bytes).
    Removing stm32f10x_usart.o(i.USART_SendBreak), (10 bytes).
    Removing stm32f10x_usart.o(i.USART_SetAddress), (18 bytes).
    Removing stm32f10x_usart.o(i.USART_SetGuardTime), (16 bytes).
    Removing stm32f10x_usart.o(i.USART_SetPrescaler), (16 bytes).
    Removing stm32f10x_usart.o(i.USART_SmartCardCmd), (24 bytes).
    Removing stm32f10x_usart.o(i.USART_SmartCardNACKCmd), (24 bytes).
    Removing stm32f10x_usart.o(i.USART_StructInit), (24 bytes).
    Removing stm32f10x_usart.o(i.USART_WakeUpConfig), (18 bytes).
    Removing stm32f10x_wwdg.o(i.WWDG_ClearFlag), (14 bytes).
    Removing stm32f10x_wwdg.o(i.WWDG_DeInit), (22 bytes).
    Removing stm32f10x_wwdg.o(i.WWDG_Enable), (16 bytes).
    Removing stm32f10x_wwdg.o(i.WWDG_EnableIT), (14 bytes).
    Removing stm32f10x_wwdg.o(i.WWDG_GetFlagStatus), (14 bytes).
    Removing stm32f10x_wwdg.o(i.WWDG_SetCounter), (16 bytes).
    Removing stm32f10x_wwdg.o(i.WWDG_SetPrescaler), (30 bytes).
    Removing stm32f10x_wwdg.o(i.WWDG_SetWindowValue), (46 bytes).
    Removing cdh_fun_stm32.o(i.GPIO_Set_Bit), (30 bytes).
    Removing data_helper.o(i.float_to_str), (38 bytes).
    Removing data_helper.o(i.int_to_str), (26 bytes).
    Removing data_helper.o(i.str_to_float), (14 bytes).
    Removing data_helper.o(i.str_to_int), (16 bytes).
    Removing data_helper.o(.conststring), (7 bytes).
    Removing systick.o(i.DelayUs), (68 bytes).
    Removing usart.o(i.USART2_RecProcess), (88 bytes).
    Removing usart.o(i.USART3_RecProcess), (88 bytes).
    Removing usart.o(i.fputc), (44 bytes).
    Removing usart.o(i.init_usart2), (206 bytes).
    Removing usart.o(i.init_usart3), (210 bytes).
    Removing usart.o(i.usart_init_123), (28 bytes).
    Removing timer.o(i.PWM_TIM3_Init), (180 bytes).
    Removing timer.o(i.SetTIM3PWMCompare), (36 bytes).
    Removing adc.o(i.Get_Adc1_Average), (46 bytes).
    Removing adc.o(i.Get_adc1), (70 bytes).
    Removing adc.o(i.adc1_init), (180 bytes).
    Removing servo.o(i.Servo_angle), (64 bytes).
    Removing led.o(i.SetLedState), (102 bytes).
    Removing lcd.o(i.Draw_Circle), (158 bytes).
    Removing lcd.o(i.LCD_DrawLine), (172 bytes).
    Removing lcd.o(i.LCD_DrawRectangle), (74 bytes).
    Removing lcd.o(i.LCD_ShowChar), (352 bytes).
    Removing lcd.o(i.LCD_ShowFloatNum1), (162 bytes).
    Removing lcd.o(i.LCD_ShowInit), (22 bytes).
    Removing lcd.o(i.LCD_ShowIntNum), (150 bytes).
    Removing lcd.o(i.LCD_ShowPicture), (102 bytes).
    Removing lcd.o(i.LCD_ShowString), (66 bytes).
    Removing lcd.o(i.mypow), (22 bytes).
    Removing fadd.o(.text), (176 bytes).
    Removing fmul.o(.text), (100 bytes).
    Removing fdiv.o(.text), (124 bytes).
    Removing ffixui.o(.text), (40 bytes).
    Removing f2d.o(.text), (38 bytes).
    Removing fepilogue.o(.text), (110 bytes).
    Removing d2f.o(.text), (56 bytes).
    Removing dfltul.o(.text), (24 bytes).

490 unused section(s) (total 23299 bytes) removed from the image.

==============================================================================

Image Symbol Table

    Local Symbols

    Symbol Name                              Value     Ov Type        Size  Object(Section)

    ../clib/microlib/ctype/ctype.c           0x00000000   Number         0  ctype_o.o ABSOLUTE
    ../clib/microlib/ctype/ctype.c           0x00000000   Number         0  isspace_c.o ABSOLUTE
    ../clib/microlib/ctype/ctype.c           0x00000000   Number         0  ispunct_o.o ABSOLUTE
    ../clib/microlib/ctype/ctype.c           0x00000000   Number         0  isprint_o.o ABSOLUTE
    ../clib/microlib/ctype/ctype.c           0x00000000   Number         0  isupper_o.o ABSOLUTE
    ../clib/microlib/ctype/ctype.c           0x00000000   Number         0  isxdigit_o.o ABSOLUTE
    ../clib/microlib/ctype/ctype.c           0x00000000   Number         0  isspace_o.o ABSOLUTE
    ../clib/microlib/ctype/ctype.c           0x00000000   Number         0  ctype_c.o ABSOLUTE
    ../clib/microlib/ctype/ctype.c           0x00000000   Number         0  islower_o.o ABSOLUTE
    ../clib/microlib/ctype/ctype.c           0x00000000   Number         0  isgraph_o.o ABSOLUTE
    ../clib/microlib/ctype/ctype.c           0x00000000   Number         0  isdigit_o.o ABSOLUTE
    ../clib/microlib/ctype/ctype.c           0x00000000   Number         0  iscntrl_o.o ABSOLUTE
    ../clib/microlib/ctype/ctype.c           0x00000000   Number         0  isblank_o.o ABSOLUTE
    ../clib/microlib/ctype/ctype.c           0x00000000   Number         0  isalpha_o.o ABSOLUTE
    ../clib/microlib/ctype/ctype.c           0x00000000   Number         0  isalnum_o.o ABSOLUTE
    ../clib/microlib/division.c              0x00000000   Number         0  uldiv.o ABSOLUTE
    ../clib/microlib/division.c              0x00000000   Number         0  uidiv.o ABSOLUTE
    ../clib/microlib/errno.c                 0x00000000   Number         0  errno.o ABSOLUTE
    ../clib/microlib/init/entry.s            0x00000000   Number         0  entry10b.o ABSOLUTE
    ../clib/microlib/init/entry.s            0x00000000   Number         0  entry8a.o ABSOLUTE
    ../clib/microlib/init/entry.s            0x00000000   Number         0  entry11b.o ABSOLUTE
    ../clib/microlib/init/entry.s            0x00000000   Number         0  entry11a.o ABSOLUTE
    ../clib/microlib/init/entry.s            0x00000000   Number         0  entry.o ABSOLUTE
    ../clib/microlib/init/entry.s            0x00000000   Number         0  entry2.o ABSOLUTE
    ../clib/microlib/init/entry.s            0x00000000   Number         0  entry5.o ABSOLUTE
    ../clib/microlib/init/entry.s            0x00000000   Number         0  entry7a.o ABSOLUTE
    ../clib/microlib/init/entry.s            0x00000000   Number         0  entry7b.o ABSOLUTE
    ../clib/microlib/init/entry.s            0x00000000   Number         0  entry8b.o ABSOLUTE
    ../clib/microlib/init/entry.s            0x00000000   Number         0  entry9a.o ABSOLUTE
    ../clib/microlib/init/entry.s            0x00000000   Number         0  entry9b.o ABSOLUTE
    ../clib/microlib/init/entry.s            0x00000000   Number         0  entry10a.o ABSOLUTE
    ../clib/microlib/longlong.c              0x00000000   Number         0  llsshr.o ABSOLUTE
    ../clib/microlib/longlong.c              0x00000000   Number         0  llushr.o ABSOLUTE
    ../clib/microlib/longlong.c              0x00000000   Number         0  llshl.o ABSOLUTE
    ../clib/microlib/printf/printf.c         0x00000000   Number         0  printf1.o ABSOLUTE
    ../clib/microlib/printf/printf.c         0x00000000   Number         0  printfb.o ABSOLUTE
    ../clib/microlib/printf/printf.c         0x00000000   Number         0  printf2.o ABSOLUTE
    ../clib/microlib/printf/printf.c         0x00000000   Number         0  printfa.o ABSOLUTE
    ../clib/microlib/printf/printf.c         0x00000000   Number         0  printf0.o ABSOLUTE
    ../clib/microlib/printf/printf.c         0x00000000   Number         0  printf8.o ABSOLUTE
    ../clib/microlib/printf/printf.c         0x00000000   Number         0  printf6.o ABSOLUTE
    ../clib/microlib/printf/printf.c         0x00000000   Number         0  printf7.o ABSOLUTE
    ../clib/microlib/printf/printf.c         0x00000000   Number         0  printf5.o ABSOLUTE
    ../clib/microlib/printf/printf.c         0x00000000   Number         0  printf4.o ABSOLUTE
    ../clib/microlib/printf/printf.c         0x00000000   Number         0  printf3.o ABSOLUTE
    ../clib/microlib/printf/stubs.s          0x00000000   Number         0  stubs.o ABSOLUTE
    ../clib/microlib/stdio/streams.c         0x00000000   Number         0  stdout.o ABSOLUTE
    ../clib/microlib/string/memset.c         0x00000000   Number         0  memseta.o ABSOLUTE
    ../clib/microlib/string/strstr.c         0x00000000   Number         0  strstr.o ABSOLUTE
    ../clib/microlib/stubs.s                 0x00000000   Number         0  iusefp.o ABSOLUTE
    ../clib/scanf.c                          0x00000000   Number         0  _strtoul.o ABSOLUTE
    ../clib/scanf.c                          0x00000000   Number         0  strtod.o ABSOLUTE
    ../clib/scanf.c                          0x00000000   Number         0  scanf_char.o ABSOLUTE
    ../clib/scanf.c                          0x00000000   Number         0  _chval.o ABSOLUTE
    ../clib/scanf.c                          0x00000000   Number         0  strtol.o ABSOLUTE
    ../clib/scanf.c                          0x00000000   Number         0  _scanf_int.o ABSOLUTE
    ../clib/scanf.c                          0x00000000   Number         0  __0sscanf.o ABSOLUTE
    ../clib/scanf.c                          0x00000000   Number         0  _scanf.o ABSOLUTE
    ../clib/scanf.c                          0x00000000   Number         0  scanf_fp.o ABSOLUTE
    ../clib/scanf.c                          0x00000000   Number         0  _sgetc.o ABSOLUTE
    ../fplib/microlib/d2f.c                  0x00000000   Number         0  d2f.o ABSOLUTE
    ../fplib/microlib/f2d.c                  0x00000000   Number         0  f2d.o ABSOLUTE
    ../fplib/microlib/fpadd.c                0x00000000   Number         0  fadd.o ABSOLUTE
    ../fplib/microlib/fpadd.c                0x00000000   Number         0  dadd.o ABSOLUTE
    ../fplib/microlib/fpdiv.c                0x00000000   Number         0  ddiv.o ABSOLUTE
    ../fplib/microlib/fpdiv.c                0x00000000   Number         0  fdiv.o ABSOLUTE
    ../fplib/microlib/fpepilogue.c           0x00000000   Number         0  fepilogue.o ABSOLUTE
    ../fplib/microlib/fpepilogue.c           0x00000000   Number         0  depilogue.o ABSOLUTE
    ../fplib/microlib/fpfix.c                0x00000000   Number         0  dfixul.o ABSOLUTE
    ../fplib/microlib/fpfix.c                0x00000000   Number         0  ffixui.o ABSOLUTE
    ../fplib/microlib/fpflt.c                0x00000000   Number         0  dfltul.o ABSOLUTE
    ../fplib/microlib/fpmul.c                0x00000000   Number         0  fmul.o ABSOLUTE
    ../fplib/microlib/fpmul.c                0x00000000   Number         0  dmul.o ABSOLUTE
    ../mathlib/strtof.c                      0x00000000   Number         0  strtof.o ABSOLUTE
    ..\Libraries\CMSIS\core_cm3.c            0x00000000   Number         0  core_cm3.o ABSOLUTE
    ..\Libraries\CMSIS\startup\startup_stm32f10x_hd.s 0x00000000   Number         0  startup_stm32f10x_hd.o ABSOLUTE
    ..\Libraries\CMSIS\system_stm32f10x.c    0x00000000   Number         0  system_stm32f10x.o ABSOLUTE
    ..\Libraries\FWlib\src\misc.c            0x00000000   Number         0  misc.o ABSOLUTE
    ..\Libraries\FWlib\src\stm32f10x_adc.c   0x00000000   Number         0  stm32f10x_adc.o ABSOLUTE
    ..\Libraries\FWlib\src\stm32f10x_bkp.c   0x00000000   Number         0  stm32f10x_bkp.o ABSOLUTE
    ..\Libraries\FWlib\src\stm32f10x_can.c   0x00000000   Number         0  stm32f10x_can.o ABSOLUTE
    ..\Libraries\FWlib\src\stm32f10x_cec.c   0x00000000   Number         0  stm32f10x_cec.o ABSOLUTE
    ..\Libraries\FWlib\src\stm32f10x_crc.c   0x00000000   Number         0  stm32f10x_crc.o ABSOLUTE
    ..\Libraries\FWlib\src\stm32f10x_dac.c   0x00000000   Number         0  stm32f10x_dac.o ABSOLUTE
    ..\Libraries\FWlib\src\stm32f10x_dbgmcu.c 0x00000000   Number         0  stm32f10x_dbgmcu.o ABSOLUTE
    ..\Libraries\FWlib\src\stm32f10x_dma.c   0x00000000   Number         0  stm32f10x_dma.o ABSOLUTE
    ..\Libraries\FWlib\src\stm32f10x_exti.c  0x00000000   Number         0  stm32f10x_exti.o ABSOLUTE
    ..\Libraries\FWlib\src\stm32f10x_flash.c 0x00000000   Number         0  stm32f10x_flash.o ABSOLUTE
    ..\Libraries\FWlib\src\stm32f10x_fsmc.c  0x00000000   Number         0  stm32f10x_fsmc.o ABSOLUTE
    ..\Libraries\FWlib\src\stm32f10x_gpio.c  0x00000000   Number         0  stm32f10x_gpio.o ABSOLUTE
    ..\Libraries\FWlib\src\stm32f10x_i2c.c   0x00000000   Number         0  stm32f10x_i2c.o ABSOLUTE
    ..\Libraries\FWlib\src\stm32f10x_iwdg.c  0x00000000   Number         0  stm32f10x_iwdg.o ABSOLUTE
    ..\Libraries\FWlib\src\stm32f10x_pwr.c   0x00000000   Number         0  stm32f10x_pwr.o ABSOLUTE
    ..\Libraries\FWlib\src\stm32f10x_rcc.c   0x00000000   Number         0  stm32f10x_rcc.o ABSOLUTE
    ..\Libraries\FWlib\src\stm32f10x_rtc.c   0x00000000   Number         0  stm32f10x_rtc.o ABSOLUTE
    ..\Libraries\FWlib\src\stm32f10x_sdio.c  0x00000000   Number         0  stm32f10x_sdio.o ABSOLUTE
    ..\Libraries\FWlib\src\stm32f10x_spi.c   0x00000000   Number         0  stm32f10x_spi.o ABSOLUTE
    ..\Libraries\FWlib\src\stm32f10x_tim.c   0x00000000   Number         0  stm32f10x_tim.o ABSOLUTE
    ..\Libraries\FWlib\src\stm32f10x_usart.c 0x00000000   Number         0  stm32f10x_usart.o ABSOLUTE
    ..\Libraries\FWlib\src\stm32f10x_wwdg.c  0x00000000   Number         0  stm32f10x_wwdg.o ABSOLUTE
    ..\Source\Cdh_stm32\cdh_fun_stm32.c      0x00000000   Number         0  cdh_fun_stm32.o ABSOLUTE
    ..\Source\Cdh_stm32\data_helper.c        0x00000000   Number         0  data_helper.o ABSOLUTE
    ..\Source\Dev\adc.c                      0x00000000   Number         0  adc.o ABSOLUTE
    ..\Source\Dev\pir.c                      0x00000000   Number         0  pir.o ABSOLUTE
    ..\Source\Dev\servo.c                    0x00000000   Number         0  servo.o ABSOLUTE
    ..\Source\Dev\timer.c                    0x00000000   Number         0  timer.o ABSOLUTE
    ..\Source\Dev\usart.c                    0x00000000   Number         0  usart.o ABSOLUTE
    ..\Source\Lcd\lcd.c                      0x00000000   Number         0  lcd.o ABSOLUTE
    ..\Source\Lcd\lcd_init.c                 0x00000000   Number         0  lcd_init.o ABSOLUTE
    ..\Source\Lcd\sensor_lcd.c               0x00000000   Number         0  sensor_lcd.o ABSOLUTE
    ..\Source\Main\main.c                    0x00000000   Number         0  main.o ABSOLUTE
    ..\Source\Main\stm32f10x_it.c            0x00000000   Number         0  stm32f10x_it.o ABSOLUTE
    ..\Source\System\system.c                0x00000000   Number         0  system.o ABSOLUTE
    ..\Source\System\systick.c               0x00000000   Number         0  systick.o ABSOLUTE
    ..\Source\System\task.c                  0x00000000   Number         0  task.o ABSOLUTE
    ..\Source\Use\led.c                      0x00000000   Number         0  led.o ABSOLUTE
    ..\\Libraries\\CMSIS\\core_cm3.c         0x00000000   Number         0  core_cm3.o ABSOLUTE
    cdrcmple.s                               0x00000000   Number         0  cdrcmple.o ABSOLUTE
    dc.s                                     0x00000000   Number         0  dc.o ABSOLUTE
    handlers.s                               0x00000000   Number         0  handlers.o ABSOLUTE
    init.s                                   0x00000000   Number         0  init.o ABSOLUTE
    RESET                                    0x08000000   Section      304  startup_stm32f10x_hd.o(RESET)
    .ARM.Collect$$$$00000000                 0x08000130   Section        0  entry.o(.ARM.Collect$$$$00000000)
    .ARM.Collect$$$$00000001                 0x08000130   Section        4  entry2.o(.ARM.Collect$$$$00000001)
    .ARM.Collect$$$$00000004                 0x08000134   Section        4  entry5.o(.ARM.Collect$$$$00000004)
    .ARM.Collect$$$$00000008                 0x08000138   Section        0  entry7b.o(.ARM.Collect$$$$00000008)
    .ARM.Collect$$$$0000000A                 0x08000138   Section        0  entry8b.o(.ARM.Collect$$$$0000000A)
    .ARM.Collect$$$$0000000B                 0x08000138   Section        8  entry9a.o(.ARM.Collect$$$$0000000B)
    .ARM.Collect$$$$0000000D                 0x08000140   Section        0  entry10a.o(.ARM.Collect$$$$0000000D)
    .ARM.Collect$$$$0000000F                 0x08000140   Section        0  entry11a.o(.ARM.Collect$$$$0000000F)
    .ARM.Collect$$$$00002712                 0x08000140   Section        4  entry2.o(.ARM.Collect$$$$00002712)
    __lit__00000000                          0x08000140   Data           4  entry2.o(.ARM.Collect$$$$00002712)
    .text                                    0x08000144   Section       36  startup_stm32f10x_hd.o(.text)
    .text                                    0x08000168   Section        0  memseta.o(.text)
    .text                                    0x0800018c   Section        0  strstr.o(.text)
    .text                                    0x080001b0   Section        0  __0sscanf.o(.text)
    .text                                    0x080001e8   Section        0  _scanf_int.o(.text)
    .text                                    0x08000334   Section        0  uidiv.o(.text)
    .text                                    0x08000360   Section        0  uldiv.o(.text)
    .text                                    0x080003c4   Section        0  ctype_o.o(.text)
    .text                                    0x080003cc   Section        0  isspace_o.o(.text)
    .text                                    0x080003de   Section        0  _chval.o(.text)
    .text                                    0x080003fc   Section        0  scanf_char.o(.text)
    _scanf_char_input                        0x080003fd   Thumb Code    12  scanf_char.o(.text)
    .text                                    0x08000424   Section        0  _sgetc.o(.text)
    .text                                    0x08000464   Section        0  iusefp.o(.text)
    .text                                    0x08000464   Section        0  dadd.o(.text)
    .text                                    0x080005b2   Section        0  dmul.o(.text)
    .text                                    0x08000696   Section        0  ddiv.o(.text)
    .text                                    0x08000774   Section        0  dfixul.o(.text)
    .text                                    0x080007a4   Section       48  cdrcmple.o(.text)
    .text                                    0x080007d4   Section       36  init.o(.text)
    .text                                    0x080007f8   Section        0  llshl.o(.text)
    .text                                    0x08000816   Section        0  llushr.o(.text)
    .text                                    0x08000836   Section        0  llsshr.o(.text)
    .text                                    0x0800085c   Section        0  _scanf.o(.text)
    .text                                    0x08000b88   Section        0  depilogue.o(.text)
    i.BusFault_Handler                       0x08000c42   Section        0  stm32f10x_it.o(i.BusFault_Handler)
    i.DebugMon_Handler                       0x08000c46   Section        0  stm32f10x_it.o(i.DebugMon_Handler)
    i.DelayMs                                0x08000c48   Section        0  systick.o(i.DelayMs)
    i.GPIO_Init                              0x08000c64   Section        0  stm32f10x_gpio.o(i.GPIO_Init)
    i.GPIO_ReadInputDataBit                  0x08000d7a   Section        0  stm32f10x_gpio.o(i.GPIO_ReadInputDataBit)
    i.GPIO_ResetBits                         0x08000d8c   Section        0  stm32f10x_gpio.o(i.GPIO_ResetBits)
    i.GPIO_SetBits                           0x08000d90   Section        0  stm32f10x_gpio.o(i.GPIO_SetBits)
    i.GetColorA                              0x08000d94   Section        0  sensor_lcd.o(i.GetColorA)
    i.GetColorB                              0x08000dc0   Section        0  sensor_lcd.o(i.GetColorB)
    i.HardFault_Handler                      0x08000de8   Section        0  stm32f10x_it.o(i.HardFault_Handler)
    i.InitLed                                0x08000dec   Section        0  led.o(i.InitLed)
    i.LCD_Address_Set                        0x08000e74   Section        0  lcd_init.o(i.LCD_Address_Set)
    i.LCD_DrawPoint                          0x08000eae   Section        0  lcd.o(i.LCD_DrawPoint)
    i.LCD_Fill                               0x08000eca   Section        0  lcd.o(i.LCD_Fill)
    i.LCD_GPIO_Init                          0x08000f14   Section        0  lcd_init.o(i.LCD_GPIO_Init)
    i.LCD_Init                               0x08000f8c   Section        0  lcd_init.o(i.LCD_Init)
    i.LCD_Join_word                          0x08001168   Section        0  sensor_lcd.o(i.LCD_Join_word)
    i.LCD_ShowChinese                        0x0800125c   Section        0  lcd.o(i.LCD_ShowChinese)
    i.LCD_ShowChinese12x12                   0x080012e8   Section        0  lcd.o(i.LCD_ShowChinese12x12)
    i.LCD_ShowChinese16x16                   0x08001444   Section        0  lcd.o(i.LCD_ShowChinese16x16)
    i.LCD_ShowChinese24x24                   0x08001590   Section        0  lcd.o(i.LCD_ShowChinese24x24)
    i.LCD_ShowChinese32x32                   0x080016ec   Section        0  lcd.o(i.LCD_ShowChinese32x32)
    i.LCD_WR_DATA                            0x08001838   Section        0  lcd_init.o(i.LCD_WR_DATA)
    i.LCD_WR_DATA8                           0x0800184a   Section        0  lcd_init.o(i.LCD_WR_DATA8)
    i.LCD_WR_REG                             0x08001856   Section        0  lcd_init.o(i.LCD_WR_REG)
    i.LCD_Writ_Bus                           0x08001882   Section        0  lcd_init.o(i.LCD_Writ_Bus)
    i.LCD_cs_word                            0x080018fc   Section        0  sensor_lcd.o(i.LCD_cs_word)
    i.MemManage_Handler                      0x080019be   Section        0  stm32f10x_it.o(i.MemManage_Handler)
    i.NMI_Handler                            0x080019c2   Section        0  stm32f10x_it.o(i.NMI_Handler)
    i.NVIC_Init                              0x080019c4   Section        0  misc.o(i.NVIC_Init)
    i.NVIC_PriorityGroupConfig               0x08001a3a   Section        0  misc.o(i.NVIC_PriorityGroupConfig)
    i.PendSV_Handler                         0x08001a4e   Section        0  stm32f10x_it.o(i.PendSV_Handler)
    i.RCC_APB1PeriphClockCmd                 0x08001a50   Section        0  stm32f10x_rcc.o(i.RCC_APB1PeriphClockCmd)
    i.RCC_APB2PeriphClockCmd                 0x08001a82   Section        0  stm32f10x_rcc.o(i.RCC_APB2PeriphClockCmd)
    i.RCC_GetClocksFreq                      0x08001ab4   Section        0  stm32f10x_rcc.o(i.RCC_GetClocksFreq)
    i.RunAllTask                             0x08001be0   Section        0  main.o(i.RunAllTask)
    i.SVC_Handler                            0x08001bf8   Section        0  stm32f10x_it.o(i.SVC_Handler)
    i.Servo_Init                             0x08001bfa   Section        0  servo.o(i.Servo_Init)
    i.SetSysClock                            0x08001c92   Section        0  system_stm32f10x.o(i.SetSysClock)
    SetSysClock                              0x08001c93   Thumb Code     8  system_stm32f10x.o(i.SetSysClock)
    i.SetSysClockTo72                        0x08001c9a   Section        0  system_stm32f10x.o(i.SetSysClockTo72)
    SetSysClockTo72                          0x08001c9b   Thumb Code   286  system_stm32f10x.o(i.SetSysClockTo72)
    i.SysInit                                0x08001db8   Section        0  system.o(i.SysInit)
    i.SysTick_Handler                        0x08001dd0   Section        0  systick.o(i.SysTick_Handler)
    i.SystemInit                             0x08001e08   Section        0  system_stm32f10x.o(i.SystemInit)
    i.SystickInit                            0x08001e74   Section        0  systick.o(i.SystickInit)
    i.TIM_Cmd                                0x08001eec   Section        0  stm32f10x_tim.o(i.TIM_Cmd)
    i.TIM_InternalClockConfig                0x08001f04   Section        0  stm32f10x_tim.o(i.TIM_InternalClockConfig)
    i.TIM_OC2Init                            0x08001f10   Section        0  stm32f10x_tim.o(i.TIM_OC2Init)
    i.TIM_OCStructInit                       0x08001fb6   Section        0  stm32f10x_tim.o(i.TIM_OCStructInit)
    i.TIM_SetCompare2                        0x08001fca   Section        0  stm32f10x_tim.o(i.TIM_SetCompare2)
    i.TIM_TimeBaseInit                       0x08001fce   Section        0  stm32f10x_tim.o(i.TIM_TimeBaseInit)
    i.Task1                                  0x08002090   Section        0  task.o(i.Task1)
    i.Task2                                  0x080020bc   Section        0  task.o(i.Task2)
    i.Task3                                  0x08002100   Section        0  task.o(i.Task3)
    i.Task4                                  0x0800215a   Section        0  task.o(i.Task4)
    i.USART1_IRQHandler                      0x08002180   Section        0  usart.o(i.USART1_IRQHandler)
    i.USART1_RecProcess                      0x080021e4   Section        0  usart.o(i.USART1_RecProcess)
    i.USART2_IRQHandler                      0x08002242   Section        0  usart.o(i.USART2_IRQHandler)
    i.USART3_IRQHandler                      0x080022a6   Section        0  usart.o(i.USART3_IRQHandler)
    i.USART_ClearFlag                        0x0800230a   Section        0  stm32f10x_usart.o(i.USART_ClearFlag)
    i.USART_ClearITPendingBit                0x0800231c   Section        0  stm32f10x_usart.o(i.USART_ClearITPendingBit)
    i.USART_Cmd                              0x0800233a   Section        0  stm32f10x_usart.o(i.USART_Cmd)
    i.USART_GetFlagStatus                    0x08002352   Section        0  stm32f10x_usart.o(i.USART_GetFlagStatus)
    i.USART_GetITStatus                      0x0800236c   Section        0  stm32f10x_usart.o(i.USART_GetITStatus)
    i.USART_ITConfig                         0x080023c0   Section        0  stm32f10x_usart.o(i.USART_ITConfig)
    i.USART_Init                             0x0800240a   Section        0  stm32f10x_usart.o(i.USART_Init)
    i.USART_ReceiveData                      0x080024e2   Section        0  stm32f10x_usart.o(i.USART_ReceiveData)
    i.USART_SendData                         0x080024ec   Section        0  stm32f10x_usart.o(i.USART_SendData)
    i.UpdateWord                             0x080024f4   Section        0  sensor_lcd.o(i.UpdateWord)
    i.UsageFault_Handler                     0x08002532   Section        0  stm32f10x_it.o(i.UsageFault_Handler)
    i.__0snprintf                            0x08002538   Section        0  printfa.o(i.__0snprintf)
    i.__scatterload_copy                     0x08002560   Section       14  handlers.o(i.__scatterload_copy)
    i.__scatterload_null                     0x0800256e   Section        2  handlers.o(i.__scatterload_null)
    i.__scatterload_zeroinit                 0x08002570   Section       14  handlers.o(i.__scatterload_zeroinit)
    i._fp_digits                             0x08002580   Section        0  printfa.o(i._fp_digits)
    _fp_digits                               0x08002581   Thumb Code   334  printfa.o(i._fp_digits)
    i._printf_core                           0x080026e4   Section        0  printfa.o(i._printf_core)
    _printf_core                             0x080026e5   Thumb Code  1744  printfa.o(i._printf_core)
    i._printf_post_padding                   0x08002dc0   Section        0  printfa.o(i._printf_post_padding)
    _printf_post_padding                     0x08002dc1   Thumb Code    36  printfa.o(i._printf_post_padding)
    i._printf_pre_padding                    0x08002de4   Section        0  printfa.o(i._printf_pre_padding)
    _printf_pre_padding                      0x08002de5   Thumb Code    46  printfa.o(i._printf_pre_padding)
    i._snputc                                0x08002e12   Section        0  printfa.o(i._snputc)
    _snputc                                  0x08002e13   Thumb Code    22  printfa.o(i._snputc)
    i.close_door                             0x08002e28   Section        0  servo.o(i.close_door)
    i.getEIC                                 0x08002e42   Section        0  task.o(i.getEIC)
    i.get_pir                                0x08002e4e   Section        0  pir.o(i.get_pir)
    i.init_all                               0x08002e68   Section        0  main.o(i.init_all)
    i.init_lcd_word                          0x08002e8c   Section        0  sensor_lcd.o(i.init_lcd_word)
    i.init_usart1                            0x08002ea6   Section        0  usart.o(i.init_usart1)
    i.isDoor_                                0x08002f72   Section        0  servo.o(i.isDoor_)
    i.main                                   0x08002f7e   Section        0  main.o(i.main)
    i.open_door                              0x08002f8a   Section        0  servo.o(i.open_door)
    i.pir_init                               0x08002fa6   Section        0  pir.o(i.pir_init)
    i.pose                                   0x08002fd2   Section        0  task.o(i.pose)
    i.setEIC                                 0x0800301a   Section        0  task.o(i.setEIC)
    i.usart_send_byte                        0x08003026   Section        0  usart.o(i.usart_send_byte)
    i.usart_send_string                      0x08003044   Section        0  usart.o(i.usart_send_string)
    .constdata                               0x08003060   Section       16  task.o(.constdata)
    .constdata                               0x08003070   Section    18260  lcd.o(.constdata)
    .constdata                               0x080077c4   Section       20  sensor_lcd.o(.constdata)
    .constdata                               0x080077d8   Section      129  ctype_o.o(.constdata)
    .constdata                               0x0800785c   Section        4  ctype_o.o(.constdata)
    table                                    0x0800785c   Data           4  ctype_o.o(.constdata)
    .conststring                             0x08007860   Section       84  task.o(.conststring)
    .conststring                             0x080078b4   Section       40  sensor_lcd.o(.conststring)
    .data                                    0x20000000   Section       20  stm32f10x_rcc.o(.data)
    APBAHBPrescTable                         0x20000000   Data          16  stm32f10x_rcc.o(.data)
    ADCPrescTable                            0x20000010   Data           4  stm32f10x_rcc.o(.data)
    .data                                    0x20000014   Section        1  task.o(.data)
    .data                                    0x20000016   Section        6  usart.o(.data)
    .data                                    0x2000001c   Section        1  servo.o(.data)
    .data                                    0x20000020   Section        8  sensor_lcd.o(.data)
    .bss                                     0x20000028   Section       56  systick.o(.bss)
    .bss                                     0x20000060   Section      768  usart.o(.bss)
    STACK                                    0x20000360   Section     1024  startup_stm32f10x_hd.o(STACK)

    Global Symbols

    Symbol Name                              Value     Ov Type        Size  Object(Section)

    BuildAttributes$$THM_ISAv4$P$D$K$B$S$PE$A:L22UL41UL21$X:L11$S22US41US21$IEEE1$IW$USESV6$~STKCKD$USESV7$~SHL$OTIME$ROPI$IEEEJ$EBA8$MICROLIB$REQ8$PRES8$EABIv2 0x00000000   Number         0  anon$$obj.o ABSOLUTE
    __ARM_use_no_argv                        0x00000000   Number         0  main.o ABSOLUTE
    _printf_a                                0x00000000   Number         0  stubs.o ABSOLUTE
    _printf_c                                0x00000000   Number         0  stubs.o ABSOLUTE
    _printf_charcount                        0x00000000   Number         0  stubs.o ABSOLUTE
    _printf_d                                0x00000000   Number         0  stubs.o ABSOLUTE
    _printf_e                                0x00000000   Number         0  stubs.o ABSOLUTE
    _printf_f                                0x00000000   Number         0  stubs.o ABSOLUTE
    _printf_flags                            0x00000000   Number         0  stubs.o ABSOLUTE
    _printf_fp_dec                           0x00000000   Number         0  stubs.o ABSOLUTE
    _printf_fp_hex                           0x00000000   Number         0  stubs.o ABSOLUTE
    _printf_g                                0x00000000   Number         0  stubs.o ABSOLUTE
    _printf_i                                0x00000000   Number         0  stubs.o ABSOLUTE
    _printf_int_dec                          0x00000000   Number         0  stubs.o ABSOLUTE
    _printf_l                                0x00000000   Number         0  stubs.o ABSOLUTE
    _printf_lc                               0x00000000   Number         0  stubs.o ABSOLUTE
    _printf_ll                               0x00000000   Number         0  stubs.o ABSOLUTE
    _printf_lld                              0x00000000   Number         0  stubs.o ABSOLUTE
    _printf_lli                              0x00000000   Number         0  stubs.o ABSOLUTE
    _printf_llo                              0x00000000   Number         0  stubs.o ABSOLUTE
    _printf_llu                              0x00000000   Number         0  stubs.o ABSOLUTE
    _printf_llx                              0x00000000   Number         0  stubs.o ABSOLUTE
    _printf_longlong_dec                     0x00000000   Number         0  stubs.o ABSOLUTE
    _printf_longlong_hex                     0x00000000   Number         0  stubs.o ABSOLUTE
    _printf_longlong_oct                     0x00000000   Number         0  stubs.o ABSOLUTE
    _printf_ls                               0x00000000   Number         0  stubs.o ABSOLUTE
    _printf_mbtowc                           0x00000000   Number         0  stubs.o ABSOLUTE
    _printf_n                                0x00000000   Number         0  stubs.o ABSOLUTE
    _printf_o                                0x00000000   Number         0  stubs.o ABSOLUTE
    _printf_p                                0x00000000   Number         0  stubs.o ABSOLUTE
    _printf_percent                          0x00000000   Number         0  stubs.o ABSOLUTE
    _printf_pre_padding                      0x00000000   Number         0  stubs.o ABSOLUTE
    _printf_return_value                     0x00000000   Number         0  stubs.o ABSOLUTE
    _printf_s                                0x00000000   Number         0  stubs.o ABSOLUTE
    _printf_sizespec                         0x00000000   Number         0  stubs.o ABSOLUTE
    _printf_str                              0x00000000   Number         0  stubs.o ABSOLUTE
    _printf_truncate_signed                  0x00000000   Number         0  stubs.o ABSOLUTE
    _printf_truncate_unsigned                0x00000000   Number         0  stubs.o ABSOLUTE
    _printf_u                                0x00000000   Number         0  stubs.o ABSOLUTE
    _printf_wc                               0x00000000   Number         0  stubs.o ABSOLUTE
    _printf_wctomb                           0x00000000   Number         0  stubs.o ABSOLUTE
    _printf_widthprec                        0x00000000   Number         0  stubs.o ABSOLUTE
    _printf_x                                0x00000000   Number         0  stubs.o ABSOLUTE
    __cpp_initialize__aeabi_                  - Undefined Weak Reference
    __cxa_finalize                            - Undefined Weak Reference
    __decompress                              - Undefined Weak Reference
    _clock_init                               - Undefined Weak Reference
    _microlib_exit                            - Undefined Weak Reference
    _scanf_longlong                           - Undefined Weak Reference
    _scanf_string                             - Undefined Weak Reference
    __Vectors_Size                           0x00000130   Number         0  startup_stm32f10x_hd.o ABSOLUTE
    __Vectors                                0x08000000   Data           4  startup_stm32f10x_hd.o(RESET)
    __Vectors_End                            0x08000130   Data           0  startup_stm32f10x_hd.o(RESET)
    __main                                   0x08000131   Thumb Code     0  entry.o(.ARM.Collect$$$$00000000)
    _main_stk                                0x08000131   Thumb Code     0  entry2.o(.ARM.Collect$$$$00000001)
    _main_scatterload                        0x08000135   Thumb Code     0  entry5.o(.ARM.Collect$$$$00000004)
    __main_after_scatterload                 0x08000139   Thumb Code     0  entry5.o(.ARM.Collect$$$$00000004)
    _main_clock                              0x08000139   Thumb Code     0  entry7b.o(.ARM.Collect$$$$00000008)
    _main_cpp_init                           0x08000139   Thumb Code     0  entry8b.o(.ARM.Collect$$$$0000000A)
    _main_init                               0x08000139   Thumb Code     0  entry9a.o(.ARM.Collect$$$$0000000B)
    __rt_final_cpp                           0x08000141   Thumb Code     0  entry10a.o(.ARM.Collect$$$$0000000D)
    __rt_final_exit                          0x08000141   Thumb Code     0  entry11a.o(.ARM.Collect$$$$0000000F)
    Reset_Handler                            0x08000145   Thumb Code     8  startup_stm32f10x_hd.o(.text)
    ADC1_2_IRQHandler                        0x0800015f   Thumb Code     0  startup_stm32f10x_hd.o(.text)
    ADC3_IRQHandler                          0x0800015f   Thumb Code     0  startup_stm32f10x_hd.o(.text)
    CAN1_RX1_IRQHandler                      0x0800015f   Thumb Code     0  startup_stm32f10x_hd.o(.text)
    CAN1_SCE_IRQHandler                      0x0800015f   Thumb Code     0  startup_stm32f10x_hd.o(.text)
    DMA1_Channel1_IRQHandler                 0x0800015f   Thumb Code     0  startup_stm32f10x_hd.o(.text)
    DMA1_Channel2_IRQHandler                 0x0800015f   Thumb Code     0  startup_stm32f10x_hd.o(.text)
    DMA1_Channel3_IRQHandler                 0x0800015f   Thumb Code     0  startup_stm32f10x_hd.o(.text)
    DMA1_Channel4_IRQHandler                 0x0800015f   Thumb Code     0  startup_stm32f10x_hd.o(.text)
    DMA1_Channel5_IRQHandler                 0x0800015f   Thumb Code     0  startup_stm32f10x_hd.o(.text)
    DMA1_Channel6_IRQHandler                 0x0800015f   Thumb Code     0  startup_stm32f10x_hd.o(.text)
    DMA1_Channel7_IRQHandler                 0x0800015f   Thumb Code     0  startup_stm32f10x_hd.o(.text)
    DMA2_Channel1_IRQHandler                 0x0800015f   Thumb Code     0  startup_stm32f10x_hd.o(.text)
    DMA2_Channel2_IRQHandler                 0x0800015f   Thumb Code     0  startup_stm32f10x_hd.o(.text)
    DMA2_Channel3_IRQHandler                 0x0800015f   Thumb Code     0  startup_stm32f10x_hd.o(.text)
    DMA2_Channel4_5_IRQHandler               0x0800015f   Thumb Code     0  startup_stm32f10x_hd.o(.text)
    EXTI0_IRQHandler                         0x0800015f   Thumb Code     0  startup_stm32f10x_hd.o(.text)
    EXTI15_10_IRQHandler                     0x0800015f   Thumb Code     0  startup_stm32f10x_hd.o(.text)
    EXTI1_IRQHandler                         0x0800015f   Thumb Code     0  startup_stm32f10x_hd.o(.text)
    EXTI2_IRQHandler                         0x0800015f   Thumb Code     0  startup_stm32f10x_hd.o(.text)
    EXTI3_IRQHandler                         0x0800015f   Thumb Code     0  startup_stm32f10x_hd.o(.text)
    EXTI4_IRQHandler                         0x0800015f   Thumb Code     0  startup_stm32f10x_hd.o(.text)
    EXTI9_5_IRQHandler                       0x0800015f   Thumb Code     0  startup_stm32f10x_hd.o(.text)
    FLASH_IRQHandler                         0x0800015f   Thumb Code     0  startup_stm32f10x_hd.o(.text)
    FSMC_IRQHandler                          0x0800015f   Thumb Code     0  startup_stm32f10x_hd.o(.text)
    I2C1_ER_IRQHandler                       0x0800015f   Thumb Code     0  startup_stm32f10x_hd.o(.text)
    I2C1_EV_IRQHandler                       0x0800015f   Thumb Code     0  startup_stm32f10x_hd.o(.text)
    I2C2_ER_IRQHandler                       0x0800015f   Thumb Code     0  startup_stm32f10x_hd.o(.text)
    I2C2_EV_IRQHandler                       0x0800015f   Thumb Code     0  startup_stm32f10x_hd.o(.text)
    PVD_IRQHandler                           0x0800015f   Thumb Code     0  startup_stm32f10x_hd.o(.text)
    RCC_IRQHandler                           0x0800015f   Thumb Code     0  startup_stm32f10x_hd.o(.text)
    RTCAlarm_IRQHandler                      0x0800015f   Thumb Code     0  startup_stm32f10x_hd.o(.text)
    RTC_IRQHandler                           0x0800015f   Thumb Code     0  startup_stm32f10x_hd.o(.text)
    SDIO_IRQHandler                          0x0800015f   Thumb Code     0  startup_stm32f10x_hd.o(.text)
    SPI1_IRQHandler                          0x0800015f   Thumb Code     0  startup_stm32f10x_hd.o(.text)
    SPI2_IRQHandler                          0x0800015f   Thumb Code     0  startup_stm32f10x_hd.o(.text)
    SPI3_IRQHandler                          0x0800015f   Thumb Code     0  startup_stm32f10x_hd.o(.text)
    TAMPER_IRQHandler                        0x0800015f   Thumb Code     0  startup_stm32f10x_hd.o(.text)
    TIM1_BRK_IRQHandler                      0x0800015f   Thumb Code     0  startup_stm32f10x_hd.o(.text)
    TIM1_CC_IRQHandler                       0x0800015f   Thumb Code     0  startup_stm32f10x_hd.o(.text)
    TIM1_TRG_COM_IRQHandler                  0x0800015f   Thumb Code     0  startup_stm32f10x_hd.o(.text)
    TIM1_UP_IRQHandler                       0x0800015f   Thumb Code     0  startup_stm32f10x_hd.o(.text)
    TIM2_IRQHandler                          0x0800015f   Thumb Code     0  startup_stm32f10x_hd.o(.text)
    TIM3_IRQHandler                          0x0800015f   Thumb Code     0  startup_stm32f10x_hd.o(.text)
    TIM4_IRQHandler                          0x0800015f   Thumb Code     0  startup_stm32f10x_hd.o(.text)
    TIM5_IRQHandler                          0x0800015f   Thumb Code     0  startup_stm32f10x_hd.o(.text)
    TIM6_IRQHandler                          0x0800015f   Thumb Code     0  startup_stm32f10x_hd.o(.text)
    TIM7_IRQHandler                          0x0800015f   Thumb Code     0  startup_stm32f10x_hd.o(.text)
    TIM8_BRK_IRQHandler                      0x0800015f   Thumb Code     0  startup_stm32f10x_hd.o(.text)
    TIM8_CC_IRQHandler                       0x0800015f   Thumb Code     0  startup_stm32f10x_hd.o(.text)
    TIM8_TRG_COM_IRQHandler                  0x0800015f   Thumb Code     0  startup_stm32f10x_hd.o(.text)
    TIM8_UP_IRQHandler                       0x0800015f   Thumb Code     0  startup_stm32f10x_hd.o(.text)
    UART4_IRQHandler                         0x0800015f   Thumb Code     0  startup_stm32f10x_hd.o(.text)
    UART5_IRQHandler                         0x0800015f   Thumb Code     0  startup_stm32f10x_hd.o(.text)
    USBWakeUp_IRQHandler                     0x0800015f   Thumb Code     0  startup_stm32f10x_hd.o(.text)
    USB_HP_CAN1_TX_IRQHandler                0x0800015f   Thumb Code     0  startup_stm32f10x_hd.o(.text)
    USB_LP_CAN1_RX0_IRQHandler               0x0800015f   Thumb Code     0  startup_stm32f10x_hd.o(.text)
    WWDG_IRQHandler                          0x0800015f   Thumb Code     0  startup_stm32f10x_hd.o(.text)
    __aeabi_memset                           0x08000169   Thumb Code    14  memseta.o(.text)
    __aeabi_memset4                          0x08000169   Thumb Code     0  memseta.o(.text)
    __aeabi_memset8                          0x08000169   Thumb Code     0  memseta.o(.text)
    __aeabi_memclr                           0x08000177   Thumb Code     4  memseta.o(.text)
    __aeabi_memclr4                          0x08000177   Thumb Code     0  memseta.o(.text)
    __aeabi_memclr8                          0x08000177   Thumb Code     0  memseta.o(.text)
    _memset$wrapper                          0x0800017b   Thumb Code    18  memseta.o(.text)
    strstr                                   0x0800018d   Thumb Code    36  strstr.o(.text)
    __0sscanf                                0x080001b1   Thumb Code    48  __0sscanf.o(.text)
    _scanf_int                               0x080001e9   Thumb Code   332  _scanf_int.o(.text)
    __aeabi_uidiv                            0x08000335   Thumb Code     0  uidiv.o(.text)
    __aeabi_uidivmod                         0x08000335   Thumb Code    44  uidiv.o(.text)
    __aeabi_uldivmod                         0x08000361   Thumb Code    98  uldiv.o(.text)
    __rt_ctype_table                         0x080003c5   Thumb Code     4  ctype_o.o(.text)
    isspace                                  0x080003cd   Thumb Code    18  isspace_o.o(.text)
    _chval                                   0x080003df   Thumb Code    28  _chval.o(.text)
    __vfscanf_char                           0x08000409   Thumb Code    20  scanf_char.o(.text)
    _sgetc                                   0x08000425   Thumb Code    30  _sgetc.o(.text)
    _sbackspace                              0x08000443   Thumb Code    34  _sgetc.o(.text)
    __I$use$fp                               0x08000465   Thumb Code     0  iusefp.o(.text)
    __aeabi_dadd                             0x08000465   Thumb Code   322  dadd.o(.text)
    __aeabi_dsub                             0x080005a7   Thumb Code     6  dadd.o(.text)
    __aeabi_drsub                            0x080005ad   Thumb Code     6  dadd.o(.text)
    __aeabi_dmul                             0x080005b3   Thumb Code   228  dmul.o(.text)
    __aeabi_ddiv                             0x08000697   Thumb Code   222  ddiv.o(.text)
    __aeabi_d2ulz                            0x08000775   Thumb Code    48  dfixul.o(.text)
    __aeabi_cdrcmple                         0x080007a5   Thumb Code    48  cdrcmple.o(.text)
    __scatterload                            0x080007d5   Thumb Code    28  init.o(.text)
    __scatterload_rt2                        0x080007d5   Thumb Code     0  init.o(.text)
    __aeabi_llsl                             0x080007f9   Thumb Code    30  llshl.o(.text)
    _ll_shift_l                              0x080007f9   Thumb Code     0  llshl.o(.text)
    __aeabi_llsr                             0x08000817   Thumb Code    32  llushr.o(.text)
    _ll_ushift_r                             0x08000817   Thumb Code     0  llushr.o(.text)
    __aeabi_lasr                             0x08000837   Thumb Code    36  llsshr.o(.text)
    _ll_sshift_r                             0x08000837   Thumb Code     0  llsshr.o(.text)
    __vfscanf                                0x0800085d   Thumb Code   808  _scanf.o(.text)
    _double_round                            0x08000b89   Thumb Code    30  depilogue.o(.text)
    _double_epilogue                         0x08000ba7   Thumb Code   156  depilogue.o(.text)
    BusFault_Handler                         0x08000c43   Thumb Code     4  stm32f10x_it.o(i.BusFault_Handler)
    DebugMon_Handler                         0x08000c47   Thumb Code     2  stm32f10x_it.o(i.DebugMon_Handler)
    DelayMs                                  0x08000c49   Thumb Code    28  systick.o(i.DelayMs)
    GPIO_Init                                0x08000c65   Thumb Code   278  stm32f10x_gpio.o(i.GPIO_Init)
    GPIO_ReadInputDataBit                    0x08000d7b   Thumb Code    18  stm32f10x_gpio.o(i.GPIO_ReadInputDataBit)
    GPIO_ResetBits                           0x08000d8d   Thumb Code     4  stm32f10x_gpio.o(i.GPIO_ResetBits)
    GPIO_SetBits                             0x08000d91   Thumb Code     4  stm32f10x_gpio.o(i.GPIO_SetBits)
    GetColorA                                0x08000d95   Thumb Code    44  sensor_lcd.o(i.GetColorA)
    GetColorB                                0x08000dc1   Thumb Code    40  sensor_lcd.o(i.GetColorB)
    HardFault_Handler                        0x08000de9   Thumb Code     4  stm32f10x_it.o(i.HardFault_Handler)
    InitLed                                  0x08000ded   Thumb Code   136  led.o(i.InitLed)
    LCD_Address_Set                          0x08000e75   Thumb Code    58  lcd_init.o(i.LCD_Address_Set)
    LCD_DrawPoint                            0x08000eaf   Thumb Code    28  lcd.o(i.LCD_DrawPoint)
    LCD_Fill                                 0x08000ecb   Thumb Code    74  lcd.o(i.LCD_Fill)
    LCD_GPIO_Init                            0x08000f15   Thumb Code   120  lcd_init.o(i.LCD_GPIO_Init)
    LCD_Init                                 0x08000f8d   Thumb Code   476  lcd_init.o(i.LCD_Init)
    LCD_Join_word                            0x08001169   Thumb Code   244  sensor_lcd.o(i.LCD_Join_word)
    LCD_ShowChinese                          0x0800125d   Thumb Code   140  lcd.o(i.LCD_ShowChinese)
    LCD_ShowChinese12x12                     0x080012e9   Thumb Code   348  lcd.o(i.LCD_ShowChinese12x12)
    LCD_ShowChinese16x16                     0x08001445   Thumb Code   332  lcd.o(i.LCD_ShowChinese16x16)
    LCD_ShowChinese24x24                     0x08001591   Thumb Code   348  lcd.o(i.LCD_ShowChinese24x24)
    LCD_ShowChinese32x32                     0x080016ed   Thumb Code   332  lcd.o(i.LCD_ShowChinese32x32)
    LCD_WR_DATA                              0x08001839   Thumb Code    18  lcd_init.o(i.LCD_WR_DATA)
    LCD_WR_DATA8                             0x0800184b   Thumb Code    12  lcd_init.o(i.LCD_WR_DATA8)
    LCD_WR_REG                               0x08001857   Thumb Code    44  lcd_init.o(i.LCD_WR_REG)
    LCD_Writ_Bus                             0x08001883   Thumb Code   122  lcd_init.o(i.LCD_Writ_Bus)
    LCD_cs_word                              0x080018fd   Thumb Code   194  sensor_lcd.o(i.LCD_cs_word)
    MemManage_Handler                        0x080019bf   Thumb Code     4  stm32f10x_it.o(i.MemManage_Handler)
    NMI_Handler                              0x080019c3   Thumb Code     2  stm32f10x_it.o(i.NMI_Handler)
    NVIC_Init                                0x080019c5   Thumb Code   118  misc.o(i.NVIC_Init)
    NVIC_PriorityGroupConfig                 0x08001a3b   Thumb Code    20  misc.o(i.NVIC_PriorityGroupConfig)
    PendSV_Handler                           0x08001a4f   Thumb Code     2  stm32f10x_it.o(i.PendSV_Handler)
    RCC_APB1PeriphClockCmd                   0x08001a51   Thumb Code    50  stm32f10x_rcc.o(i.RCC_APB1PeriphClockCmd)
    RCC_APB2PeriphClockCmd                   0x08001a83   Thumb Code    50  stm32f10x_rcc.o(i.RCC_APB2PeriphClockCmd)
    RCC_GetClocksFreq                        0x08001ab5   Thumb Code   300  stm32f10x_rcc.o(i.RCC_GetClocksFreq)
    RunAllTask                               0x08001be1   Thumb Code    24  main.o(i.RunAllTask)
    SVC_Handler                              0x08001bf9   Thumb Code     2  stm32f10x_it.o(i.SVC_Handler)
    Servo_Init                               0x08001bfb   Thumb Code   152  servo.o(i.Servo_Init)
    SysInit                                  0x08001db9   Thumb Code    24  system.o(i.SysInit)
    SysTick_Handler                          0x08001dd1   Thumb Code    56  systick.o(i.SysTick_Handler)
    SystemInit                               0x08001e09   Thumb Code   108  system_stm32f10x.o(i.SystemInit)
    SystickInit                              0x08001e75   Thumb Code   120  systick.o(i.SystickInit)
    TIM_Cmd                                  0x08001eed   Thumb Code    24  stm32f10x_tim.o(i.TIM_Cmd)
    TIM_InternalClockConfig                  0x08001f05   Thumb Code    12  stm32f10x_tim.o(i.TIM_InternalClockConfig)
    TIM_OC2Init                              0x08001f11   Thumb Code   166  stm32f10x_tim.o(i.TIM_OC2Init)
    TIM_OCStructInit                         0x08001fb7   Thumb Code    20  stm32f10x_tim.o(i.TIM_OCStructInit)
    TIM_SetCompare2                          0x08001fcb   Thumb Code     4  stm32f10x_tim.o(i.TIM_SetCompare2)
    TIM_TimeBaseInit                         0x08001fcf   Thumb Code   194  stm32f10x_tim.o(i.TIM_TimeBaseInit)
    Task1                                    0x08002091   Thumb Code    44  task.o(i.Task1)
    Task2                                    0x080020bd   Thumb Code    68  task.o(i.Task2)
    Task3                                    0x08002101   Thumb Code    90  task.o(i.Task3)
    Task4                                    0x0800215b   Thumb Code    38  task.o(i.Task4)
    USART1_IRQHandler                        0x08002181   Thumb Code   100  usart.o(i.USART1_IRQHandler)
    USART1_RecProcess                        0x080021e5   Thumb Code    94  usart.o(i.USART1_RecProcess)
    USART2_IRQHandler                        0x08002243   Thumb Code   100  usart.o(i.USART2_IRQHandler)
    USART3_IRQHandler                        0x080022a7   Thumb Code   100  usart.o(i.USART3_IRQHandler)
    USART_ClearFlag                          0x0800230b   Thumb Code    18  stm32f10x_usart.o(i.USART_ClearFlag)
    USART_ClearITPendingBit                  0x0800231d   Thumb Code    30  stm32f10x_usart.o(i.USART_ClearITPendingBit)
    USART_Cmd                                0x0800233b   Thumb Code    24  stm32f10x_usart.o(i.USART_Cmd)
    USART_GetFlagStatus                      0x08002353   Thumb Code    26  stm32f10x_usart.o(i.USART_GetFlagStatus)
    USART_GetITStatus                        0x0800236d   Thumb Code    84  stm32f10x_usart.o(i.USART_GetITStatus)
    USART_ITConfig                           0x080023c1   Thumb Code    74  stm32f10x_usart.o(i.USART_ITConfig)
    USART_Init                               0x0800240b   Thumb Code   216  stm32f10x_usart.o(i.USART_Init)
    USART_ReceiveData                        0x080024e3   Thumb Code    10  stm32f10x_usart.o(i.USART_ReceiveData)
    USART_SendData                           0x080024ed   Thumb Code     8  stm32f10x_usart.o(i.USART_SendData)
    UpdateWord                               0x080024f5   Thumb Code    62  sensor_lcd.o(i.UpdateWord)
    UsageFault_Handler                       0x08002533   Thumb Code     4  stm32f10x_it.o(i.UsageFault_Handler)
    __0snprintf                              0x08002539   Thumb Code    36  printfa.o(i.__0snprintf)
    __1snprintf                              0x08002539   Thumb Code     0  printfa.o(i.__0snprintf)
    __2snprintf                              0x08002539   Thumb Code     0  printfa.o(i.__0snprintf)
    __c89snprintf                            0x08002539   Thumb Code     0  printfa.o(i.__0snprintf)
    snprintf                                 0x08002539   Thumb Code     0  printfa.o(i.__0snprintf)
    __scatterload_copy                       0x08002561   Thumb Code    14  handlers.o(i.__scatterload_copy)
    __scatterload_null                       0x0800256f   Thumb Code     2  handlers.o(i.__scatterload_null)
    __scatterload_zeroinit                   0x08002571   Thumb Code    14  handlers.o(i.__scatterload_zeroinit)
    close_door                               0x08002e29   Thumb Code    26  servo.o(i.close_door)
    getEIC                                   0x08002e43   Thumb Code    12  task.o(i.getEIC)
    get_pir                                  0x08002e4f   Thumb Code    26  pir.o(i.get_pir)
    init_all                                 0x08002e69   Thumb Code    36  main.o(i.init_all)
    init_lcd_word                            0x08002e8d   Thumb Code    26  sensor_lcd.o(i.init_lcd_word)
    init_usart1                              0x08002ea7   Thumb Code   204  usart.o(i.init_usart1)
    isDoor_                                  0x08002f73   Thumb Code    12  servo.o(i.isDoor_)
    main                                     0x08002f7f   Thumb Code    12  main.o(i.main)
    open_door                                0x08002f8b   Thumb Code    28  servo.o(i.open_door)
    pir_init                                 0x08002fa7   Thumb Code    44  pir.o(i.pir_init)
    pose                                     0x08002fd3   Thumb Code    72  task.o(i.pose)
    setEIC                                   0x0800301b   Thumb Code    12  task.o(i.setEIC)
    usart_send_byte                          0x08003027   Thumb Code    30  usart.o(i.usart_send_byte)
    usart_send_string                        0x08003045   Thumb Code    28  usart.o(i.usart_send_string)
    ConstTaskTime                            0x08003060   Data          16  task.o(.constdata)
    ascii_1206                               0x08003070   Data        1140  lcd.o(.constdata)
    ascii_1608                               0x080034e4   Data        1520  lcd.o(.constdata)
    ascii_2412                               0x08003ad4   Data        4560  lcd.o(.constdata)
    ascii_3216                               0x08004ca4   Data        6080  lcd.o(.constdata)
    tfont12                                  0x08006464   Data         130  lcd.o(.constdata)
    tfont16                                  0x080064e6   Data         170  lcd.o(.constdata)
    tfont24                                  0x08006590   Data         370  lcd.o(.constdata)
    tfont32                                  0x08006702   Data        4290  lcd.o(.constdata)
    __ctype_table                            0x080077d8   Data         129  ctype_o.o(.constdata)
    Region$$Table$$Base                      0x080078dc   Number         0  anon$$obj.o(Region$$Table)
    Region$$Table$$Limit                     0x080078fc   Number         0  anon$$obj.o(Region$$Table)
    is_EIC                                   0x20000014   Data           1  task.o(.data)
    usart1_pos                               0x20000016   Data           2  usart.o(.data)
    usart2_pos                               0x20000018   Data           2  usart.o(.data)
    usart3_pos                               0x2000001a   Data           2  usart.o(.data)
    is_door_                                 0x2000001c   Data           1  servo.o(.data)
    color_ii                                 0x20000020   Data           4  sensor_lcd.o(.data)
    color_jj                                 0x20000024   Data           4  sensor_lcd.o(.data)
    sysTimer                                 0x20000028   Data          56  systick.o(.bss)
    usart1_rx_buf                            0x20000060   Data         256  usart.o(.bss)
    usart2_rx_buf                            0x20000160   Data         256  usart.o(.bss)
    usart3_rx_buf                            0x20000260   Data         256  usart.o(.bss)
    __initial_sp                             0x20000760   Data           0  startup_stm32f10x_hd.o(STACK)



==============================================================================

Memory Map of the image

  Image Entry point : 0x08000131

  Load Region LR_IROM1 (Base: 0x08000000, Size: 0x00007924, Max: 0x00010000, ABSOLUTE)

    Execution Region ER_IROM1 (Exec base: 0x08000000, Load base: 0x08000000, Size: 0x000078fc, Max: 0x00010000, ABSOLUTE)

    Exec Addr    Load Addr    Size         Type   Attr      Idx    E Section Name        Object

    0x08000000   0x08000000   0x00000130   Data   RO            3    RESET               startup_stm32f10x_hd.o
    0x08000130   0x08000130   0x00000000   Code   RO         3873  * .ARM.Collect$$$$00000000  mc_w.l(entry.o)
    0x08000130   0x08000130   0x00000004   Code   RO         4157    .ARM.Collect$$$$00000001  mc_w.l(entry2.o)
    0x08000134   0x08000134   0x00000004   Code   RO         4160    .ARM.Collect$$$$00000004  mc_w.l(entry5.o)
    0x08000138   0x08000138   0x00000000   Code   RO         4162    .ARM.Collect$$$$00000008  mc_w.l(entry7b.o)
    0x08000138   0x08000138   0x00000000   Code   RO         4164    .ARM.Collect$$$$0000000A  mc_w.l(entry8b.o)
    0x08000138   0x08000138   0x00000008   Code   RO         4165    .ARM.Collect$$$$0000000B  mc_w.l(entry9a.o)
    0x08000140   0x08000140   0x00000000   Code   RO         4167    .ARM.Collect$$$$0000000D  mc_w.l(entry10a.o)
    0x08000140   0x08000140   0x00000000   Code   RO         4169    .ARM.Collect$$$$0000000F  mc_w.l(entry11a.o)
    0x08000140   0x08000140   0x00000004   Code   RO         4158    .ARM.Collect$$$$00002712  mc_w.l(entry2.o)
    0x08000144   0x08000144   0x00000024   Code   RO            4    .text               startup_stm32f10x_hd.o
    0x08000168   0x08000168   0x00000024   Code   RO         3876    .text               mc_w.l(memseta.o)
    0x0800018c   0x0800018c   0x00000024   Code   RO         3878    .text               mc_w.l(strstr.o)
    0x080001b0   0x080001b0   0x00000038   Code   RO         4141    .text               mc_w.l(__0sscanf.o)
    0x080001e8   0x080001e8   0x0000014c   Code   RO         4143    .text               mc_w.l(_scanf_int.o)
    0x08000334   0x08000334   0x0000002c   Code   RO         4172    .text               mc_w.l(uidiv.o)
    0x08000360   0x08000360   0x00000062   Code   RO         4174    .text               mc_w.l(uldiv.o)
    0x080003c2   0x080003c2   0x00000002   PAD
    0x080003c4   0x080003c4   0x00000008   Code   RO         4176    .text               mc_w.l(ctype_o.o)
    0x080003cc   0x080003cc   0x00000012   Code   RO         4198    .text               mc_w.l(isspace_o.o)
    0x080003de   0x080003de   0x0000001c   Code   RO         4211    .text               mc_w.l(_chval.o)
    0x080003fa   0x080003fa   0x00000002   PAD
    0x080003fc   0x080003fc   0x00000028   Code   RO         4213    .text               mc_w.l(scanf_char.o)
    0x08000424   0x08000424   0x00000040   Code   RO         4215    .text               mc_w.l(_sgetc.o)
    0x08000464   0x08000464   0x00000000   Code   RO         4221    .text               mc_w.l(iusefp.o)
    0x08000464   0x08000464   0x0000014e   Code   RO         4224    .text               mf_w.l(dadd.o)
    0x080005b2   0x080005b2   0x000000e4   Code   RO         4226    .text               mf_w.l(dmul.o)
    0x08000696   0x08000696   0x000000de   Code   RO         4228    .text               mf_w.l(ddiv.o)
    0x08000774   0x08000774   0x00000030   Code   RO         4230    .text               mf_w.l(dfixul.o)
    0x080007a4   0x080007a4   0x00000030   Code   RO         4232    .text               mf_w.l(cdrcmple.o)
    0x080007d4   0x080007d4   0x00000024   Code   RO         4236    .text               mc_w.l(init.o)
    0x080007f8   0x080007f8   0x0000001e   Code   RO         4238    .text               mc_w.l(llshl.o)
    0x08000816   0x08000816   0x00000020   Code   RO         4240    .text               mc_w.l(llushr.o)
    0x08000836   0x08000836   0x00000024   Code   RO         4242    .text               mc_w.l(llsshr.o)
    0x0800085a   0x0800085a   0x00000002   PAD
    0x0800085c   0x0800085c   0x0000032c   Code   RO         4246    .text               mc_w.l(_scanf.o)
    0x08000b88   0x08000b88   0x000000ba   Code   RO         4252    .text               mf_w.l(depilogue.o)
    0x08000c42   0x08000c42   0x00000004   Code   RO         3340    i.BusFault_Handler  stm32f10x_it.o
    0x08000c46   0x08000c46   0x00000002   Code   RO         3341    i.DebugMon_Handler  stm32f10x_it.o
    0x08000c48   0x08000c48   0x0000001c   Code   RO         3223    i.DelayMs           systick.o
    0x08000c64   0x08000c64   0x00000116   Code   RO         1292    i.GPIO_Init         stm32f10x_gpio.o
    0x08000d7a   0x08000d7a   0x00000012   Code   RO         1296    i.GPIO_ReadInputDataBit  stm32f10x_gpio.o
    0x08000d8c   0x08000d8c   0x00000004   Code   RO         1299    i.GPIO_ResetBits    stm32f10x_gpio.o
    0x08000d90   0x08000d90   0x00000004   Code   RO         1300    i.GPIO_SetBits      stm32f10x_gpio.o
    0x08000d94   0x08000d94   0x0000002c   Code   RO         3822    i.GetColorA         sensor_lcd.o
    0x08000dc0   0x08000dc0   0x00000028   Code   RO         3823    i.GetColorB         sensor_lcd.o
    0x08000de8   0x08000de8   0x00000004   Code   RO         3342    i.HardFault_Handler  stm32f10x_it.o
    0x08000dec   0x08000dec   0x00000088   Code   RO         3584    i.InitLed           led.o
    0x08000e74   0x08000e74   0x0000003a   Code   RO         3745    i.LCD_Address_Set   lcd_init.o
    0x08000eae   0x08000eae   0x0000001c   Code   RO         3604    i.LCD_DrawPoint     lcd.o
    0x08000eca   0x08000eca   0x0000004a   Code   RO         3606    i.LCD_Fill          lcd.o
    0x08000f14   0x08000f14   0x00000078   Code   RO         3746    i.LCD_GPIO_Init     lcd_init.o
    0x08000f8c   0x08000f8c   0x000001dc   Code   RO         3747    i.LCD_Init          lcd_init.o
    0x08001168   0x08001168   0x000000f4   Code   RO         3824    i.LCD_Join_word     sensor_lcd.o
    0x0800125c   0x0800125c   0x0000008c   Code   RO         3608    i.LCD_ShowChinese   lcd.o
    0x080012e8   0x080012e8   0x0000015c   Code   RO         3609    i.LCD_ShowChinese12x12  lcd.o
    0x08001444   0x08001444   0x0000014c   Code   RO         3610    i.LCD_ShowChinese16x16  lcd.o
    0x08001590   0x08001590   0x0000015c   Code   RO         3611    i.LCD_ShowChinese24x24  lcd.o
    0x080016ec   0x080016ec   0x0000014c   Code   RO         3612    i.LCD_ShowChinese32x32  lcd.o
    0x08001838   0x08001838   0x00000012   Code   RO         3748    i.LCD_WR_DATA       lcd_init.o
    0x0800184a   0x0800184a   0x0000000c   Code   RO         3749    i.LCD_WR_DATA8      lcd_init.o
    0x08001856   0x08001856   0x0000002c   Code   RO         3750    i.LCD_WR_REG        lcd_init.o
    0x08001882   0x08001882   0x0000007a   Code   RO         3751    i.LCD_Writ_Bus      lcd_init.o
    0x080018fc   0x080018fc   0x000000c2   Code   RO         3825    i.LCD_cs_word       sensor_lcd.o
    0x080019be   0x080019be   0x00000004   Code   RO         3343    i.MemManage_Handler  stm32f10x_it.o
    0x080019c2   0x080019c2   0x00000002   Code   RO         3344    i.NMI_Handler       stm32f10x_it.o
    0x080019c4   0x080019c4   0x00000076   Code   RO          137    i.NVIC_Init         misc.o
    0x08001a3a   0x08001a3a   0x00000014   Code   RO          138    i.NVIC_PriorityGroupConfig  misc.o
    0x08001a4e   0x08001a4e   0x00000002   Code   RO         3345    i.PendSV_Handler    stm32f10x_it.o
    0x08001a50   0x08001a50   0x00000032   Code   RO         1708    i.RCC_APB1PeriphClockCmd  stm32f10x_rcc.o
    0x08001a82   0x08001a82   0x00000032   Code   RO         1710    i.RCC_APB2PeriphClockCmd  stm32f10x_rcc.o
    0x08001ab4   0x08001ab4   0x0000012c   Code   RO         1718    i.RCC_GetClocksFreq  stm32f10x_rcc.o
    0x08001be0   0x08001be0   0x00000018   Code   RO         3316    i.RunAllTask        main.o
    0x08001bf8   0x08001bf8   0x00000002   Code   RO         3346    i.SVC_Handler       stm32f10x_it.o
    0x08001bfa   0x08001bfa   0x00000098   Code   RO         3545    i.Servo_Init        servo.o
    0x08001c92   0x08001c92   0x00000008   Code   RO           24    i.SetSysClock       system_stm32f10x.o
    0x08001c9a   0x08001c9a   0x0000011e   Code   RO           25    i.SetSysClockTo72   system_stm32f10x.o
    0x08001db8   0x08001db8   0x00000018   Code   RO         3164    i.SysInit           system.o
    0x08001dd0   0x08001dd0   0x00000038   Code   RO         3225    i.SysTick_Handler   systick.o
    0x08001e08   0x08001e08   0x0000006c   Code   RO           27    i.SystemInit        system_stm32f10x.o
    0x08001e74   0x08001e74   0x00000078   Code   RO         3226    i.SystickInit       systick.o
    0x08001eec   0x08001eec   0x00000018   Code   RO         2342    i.TIM_Cmd           stm32f10x_tim.o
    0x08001f04   0x08001f04   0x0000000c   Code   RO         2369    i.TIM_InternalClockConfig  stm32f10x_tim.o
    0x08001f10   0x08001f10   0x000000a6   Code   RO         2376    i.TIM_OC2Init       stm32f10x_tim.o
    0x08001fb6   0x08001fb6   0x00000014   Code   RO         2389    i.TIM_OCStructInit  stm32f10x_tim.o
    0x08001fca   0x08001fca   0x00000004   Code   RO         2404    i.TIM_SetCompare2   stm32f10x_tim.o
    0x08001fce   0x08001fce   0x000000c2   Code   RO         2413    i.TIM_TimeBaseInit  stm32f10x_tim.o
    0x08002090   0x08002090   0x0000002c   Code   RO         3263    i.Task1             task.o
    0x080020bc   0x080020bc   0x00000044   Code   RO         3264    i.Task2             task.o
    0x08002100   0x08002100   0x0000005a   Code   RO         3265    i.Task3             task.o
    0x0800215a   0x0800215a   0x00000026   Code   RO         3266    i.Task4             task.o
    0x08002180   0x08002180   0x00000064   Code   RO         3397    i.USART1_IRQHandler  usart.o
    0x080021e4   0x080021e4   0x0000005e   Code   RO         3398    i.USART1_RecProcess  usart.o
    0x08002242   0x08002242   0x00000064   Code   RO         3399    i.USART2_IRQHandler  usart.o
    0x080022a6   0x080022a6   0x00000064   Code   RO         3401    i.USART3_IRQHandler  usart.o
    0x0800230a   0x0800230a   0x00000012   Code   RO         2874    i.USART_ClearFlag   stm32f10x_usart.o
    0x0800231c   0x0800231c   0x0000001e   Code   RO         2875    i.USART_ClearITPendingBit  stm32f10x_usart.o
    0x0800233a   0x0800233a   0x00000018   Code   RO         2878    i.USART_Cmd         stm32f10x_usart.o
    0x08002352   0x08002352   0x0000001a   Code   RO         2881    i.USART_GetFlagStatus  stm32f10x_usart.o
    0x0800236c   0x0800236c   0x00000054   Code   RO         2882    i.USART_GetITStatus  stm32f10x_usart.o
    0x080023c0   0x080023c0   0x0000004a   Code   RO         2884    i.USART_ITConfig    stm32f10x_usart.o
    0x0800240a   0x0800240a   0x000000d8   Code   RO         2885    i.USART_Init        stm32f10x_usart.o
    0x080024e2   0x080024e2   0x0000000a   Code   RO         2892    i.USART_ReceiveData  stm32f10x_usart.o
    0x080024ec   0x080024ec   0x00000008   Code   RO         2895    i.USART_SendData    stm32f10x_usart.o
    0x080024f4   0x080024f4   0x0000003e   Code   RO         3826    i.UpdateWord        sensor_lcd.o
    0x08002532   0x08002532   0x00000004   Code   RO         3347    i.UsageFault_Handler  stm32f10x_it.o
    0x08002536   0x08002536   0x00000002   PAD
    0x08002538   0x08002538   0x00000028   Code   RO         4114    i.__0snprintf       mc_w.l(printfa.o)
    0x08002560   0x08002560   0x0000000e   Code   RO         4261    i.__scatterload_copy  mc_w.l(handlers.o)
    0x0800256e   0x0800256e   0x00000002   Code   RO         4262    i.__scatterload_null  mc_w.l(handlers.o)
    0x08002570   0x08002570   0x0000000e   Code   RO         4263    i.__scatterload_zeroinit  mc_w.l(handlers.o)
    0x0800257e   0x0800257e   0x00000002   PAD
    0x08002580   0x08002580   0x00000164   Code   RO         4120    i._fp_digits        mc_w.l(printfa.o)
    0x080026e4   0x080026e4   0x000006dc   Code   RO         4121    i._printf_core      mc_w.l(printfa.o)
    0x08002dc0   0x08002dc0   0x00000024   Code   RO         4122    i._printf_post_padding  mc_w.l(printfa.o)
    0x08002de4   0x08002de4   0x0000002e   Code   RO         4123    i._printf_pre_padding  mc_w.l(printfa.o)
    0x08002e12   0x08002e12   0x00000016   Code   RO         4124    i._snputc           mc_w.l(printfa.o)
    0x08002e28   0x08002e28   0x0000001a   Code   RO         3547    i.close_door        servo.o
    0x08002e42   0x08002e42   0x0000000c   Code   RO         3267    i.getEIC            task.o
    0x08002e4e   0x08002e4e   0x0000001a   Code   RO         3527    i.get_pir           pir.o
    0x08002e68   0x08002e68   0x00000024   Code   RO         3317    i.init_all          main.o
    0x08002e8c   0x08002e8c   0x0000001a   Code   RO         3827    i.init_lcd_word     sensor_lcd.o
    0x08002ea6   0x08002ea6   0x000000cc   Code   RO         3404    i.init_usart1       usart.o
    0x08002f72   0x08002f72   0x0000000c   Code   RO         3548    i.isDoor_           servo.o
    0x08002f7e   0x08002f7e   0x0000000c   Code   RO         3318    i.main              main.o
    0x08002f8a   0x08002f8a   0x0000001c   Code   RO         3549    i.open_door         servo.o
    0x08002fa6   0x08002fa6   0x0000002c   Code   RO         3528    i.pir_init          pir.o
    0x08002fd2   0x08002fd2   0x00000048   Code   RO         3268    i.pose              task.o
    0x0800301a   0x0800301a   0x0000000c   Code   RO         3269    i.setEIC            task.o
    0x08003026   0x08003026   0x0000001e   Code   RO         3408    i.usart_send_byte   usart.o
    0x08003044   0x08003044   0x0000001c   Code   RO         3409    i.usart_send_string  usart.o
    0x08003060   0x08003060   0x00000010   Data   RO         3270    .constdata          task.o
    0x08003070   0x08003070   0x00004754   Data   RO         3619    .constdata          lcd.o
    0x080077c4   0x080077c4   0x00000014   Data   RO         3828    .constdata          sensor_lcd.o
    0x080077d8   0x080077d8   0x00000081   Data   RO         4177    .constdata          mc_w.l(ctype_o.o)
    0x08007859   0x08007859   0x00000003   PAD
    0x0800785c   0x0800785c   0x00000004   Data   RO         4178    .constdata          mc_w.l(ctype_o.o)
    0x08007860   0x08007860   0x00000054   Data   RO         3271    .conststring        task.o
    0x080078b4   0x080078b4   0x00000028   Data   RO         3829    .conststring        sensor_lcd.o
    0x080078dc   0x080078dc   0x00000020   Data   RO         4259    Region$$Table       anon$$obj.o


    Execution Region RW_IRAM1 (Exec base: 0x20000000, Load base: 0x080078fc, Size: 0x00000760, Max: 0x00005000, ABSOLUTE)

    Exec Addr    Load Addr    Size         Type   Attr      Idx    E Section Name        Object

    0x20000000   0x080078fc   0x00000014   Data   RW         1738    .data               stm32f10x_rcc.o
    0x20000014   0x08007910   0x00000001   Data   RW         3272    .data               task.o
    0x20000015   0x08007911   0x00000001   PAD
    0x20000016   0x08007912   0x00000006   Data   RW         3411    .data               usart.o
    0x2000001c   0x08007918   0x00000001   Data   RW         3550    .data               servo.o
    0x2000001d   0x08007919   0x00000003   PAD
    0x20000020   0x0800791c   0x00000008   Data   RW         3830    .data               sensor_lcd.o
    0x20000028        -       0x00000038   Zero   RW         3227    .bss                systick.o
    0x20000060        -       0x00000300   Zero   RW         3410    .bss                usart.o
    0x20000360        -       0x00000400   Zero   RW            1    STACK               startup_stm32f10x_hd.o


==============================================================================

Image component sizes


      Code (inc. data)   RO Data    RW Data    ZI Data      Debug   Object Name

         0          0          0          0          0       4488   core_cm3.o
      1602          0      18260          0          0       8303   lcd.o
       850          0          0          0          0       4966   lcd_init.o
       136          0          0          0          0        522   led.o
        72          0          0          0          0       1375   main.o
       138          0          0          0          0       1527   misc.o
        70          0          0          0          0        973   pir.o
       610          0         60          8          0       3295   sensor_lcd.o
       218          0          0          1          0       2211   servo.o
        36          8        304          0       1024        860   startup_stm32f10x_hd.o
       304          0          0          0          0       3632   stm32f10x_gpio.o
        24          0          0          0          0       3544   stm32f10x_it.o
       400          0          0         20          0       4430   stm32f10x_rcc.o
       420          0          0          0          0       4022   stm32f10x_tim.o
       490          0          0          0          0       7297   stm32f10x_usart.o
        24          0          0          0          0      15625   system.o
       402          0          0          0          0     248941   system_stm32f10x.o
       204          0          0          0         56      17304   systick.o
       336          0        100          1          0       3952   task.o
       656          0          0          6        768       4685   usart.o

    ----------------------------------------------------------------------
      6994          8      18756         40       1848     341952   Object Totals
         0          0         32          0          0          0   (incl. Generated)
         2          0          0          4          0          0   (incl. Padding)

    ----------------------------------------------------------------------

      Code (inc. data)   RO Data    RW Data    ZI Data      Debug   Library Member Name

        56          8          0          0          0         84   __0sscanf.o
        28          0          0          0          0         68   _chval.o
       812          4          0          0          0        112   _scanf.o
       332          0          0          0          0         96   _scanf_int.o
        64          0          0          0          0         84   _sgetc.o
         8          4        133          0          0         68   ctype_o.o
         0          0          0          0          0          0   entry.o
         0          0          0          0          0          0   entry10a.o
         0          0          0          0          0          0   entry11a.o
         8          4          0          0          0          0   entry2.o
         4          0          0          0          0          0   entry5.o
         0          0          0          0          0          0   entry7b.o
         0          0          0          0          0          0   entry8b.o
         8          4          0          0          0          0   entry9a.o
        30          0          0          0          0          0   handlers.o
        36          8          0          0          0         68   init.o
        18          0          0          0          0         76   isspace_o.o
         0          0          0          0          0          0   iusefp.o
        30          0          0          0          0         68   llshl.o
        36          0          0          0          0         68   llsshr.o
        32          0          0          0          0         68   llushr.o
        36          0          0          0          0        108   memseta.o
      2256         84          0          0          0        512   printfa.o
        40          8          0          0          0         84   scanf_char.o
        36          0          0          0          0         80   strstr.o
        44          0          0          0          0         80   uidiv.o
        98          0          0          0          0         92   uldiv.o
        48          0          0          0          0         68   cdrcmple.o
       334          0          0          0          0        148   dadd.o
       222          0          0          0          0        100   ddiv.o
       186          0          0          0          0        176   depilogue.o
        48          0          0          0          0         68   dfixul.o
       228          0          0          0          0         96   dmul.o

    ----------------------------------------------------------------------
      5086        124        136          0          0       2472   Library Totals
         8          0          3          0          0          0   (incl. Padding)

    ----------------------------------------------------------------------

      Code (inc. data)   RO Data    RW Data    ZI Data      Debug   Library Name

      4012        124        133          0          0       1816   mc_w.l
      1066          0          0          0          0        656   mf_w.l

    ----------------------------------------------------------------------
      5086        124        136          0          0       2472   Library Totals

    ----------------------------------------------------------------------

==============================================================================


      Code (inc. data)   RO Data    RW Data    ZI Data      Debug   

     12080        132      18892         40       1848     339220   Grand Totals
     12080        132      18892         40       1848     339220   ELF Image Totals
     12080        132      18892         40          0          0   ROM Totals

==============================================================================

    Total RO  Size (Code + RO Data)                30972 (  30.25kB)
    Total RW  Size (RW Data + ZI Data)              1888 (   1.84kB)
    Total ROM Size (Code + RO Data + RW Data)      31012 (  30.29kB)

==============================================================================

