<html>
<body>
<pre>
<h1>礦ision Build Log</h1>
<h2>Tool Versions:</h2>
IDE-Version: μVision V5.38.0.0
Copyright (C) 2022 ARM Ltd and ARM Germany GmbH. All rights reserved.
License Information: 1 1, 1, LIC=21E4T-R0A5B-12ULE-5WLAI-WJZCM-3R697
 
Tool Versions:
Toolchain:       MDK-ARM Plus  Version: 5.38.0.0
Toolchain Path:  D:\Keil_v5\ARM\ARMCC\Bin
C Compiler:      Armcc.exe V5.06 update 7 (build 960)
Assembler:       Armasm.exe V5.06 update 7 (build 960)
Linker/Locator:  ArmLink.exe V5.06 update 7 (build 960)
Library Manager: ArmAr.exe V5.06 update 7 (build 960)
Hex Converter:   FromElf.exe V5.06 update 7 (build 960)
CPU DLL:         DARMSTM.dll V1.69.1.0
Dialog DLL:      DARMSTM.dll V1.69.1.0
Target DLL:      STLink\ST-LINKIII-KEIL_SWO.dll V3.1.0.0
Dialog DLL:      TCM.DLL V1.56.4.0
 
<h2>Project:</h2>
E:\MCU\Mcu-project\无人超市项目\code\智能无人超市Keil工程总和\2_c8t6_Security_and_sensing\Project\Security_and_sensing_c8t6.uvprojx
Project File Date:  12/04/2023

<h2>Output:</h2>
*** Using Compiler 'V5.06 update 7 (build 960)', folder: 'D:\Keil_v5\ARM\ARMCC\Bin'
Build target 'Security_and_sensing_c8t6'
compiling lcd_init.c...
linking...
..\OutPut\Security_and_sensing_output.axf: Warning: L6480W: Disabling string merging for to_main_zet6.o(.conststring). Relocated MOVT referring to string .conststring has a non-zero addend, which is not supported.
..\OutPut\Security_and_sensing_output.axf: Warning: L6480W: Disabling string merging for sensor_lcd.o(.conststring). Relocated MOVT referring to string .conststring has a non-zero addend, which is not supported.
Program Size: Code=18340 RO-data=19260 RW-data=48 ZI-data=2384  
Finished: 0 information, 2 warning and 0 error messages.
FromELF: creating hex file...
"..\OutPut\Security_and_sensing_output.axf" - 0 Error(s), 2 Warning(s).

<h2>Software Packages used:</h2>

Package Vendor: Keil
                http://www.keil.com/pack/Keil.STM32F1xx_DFP.2.4.0.pack
                Keil.STM32F1xx_DFP.2.4.0
                STMicroelectronics STM32F1 Series Device Support, Drivers and Examples

<h2>Collection of Component include folders:</h2>
  D:/Keil_v5/Pack/Keil/STM32F1xx_DFP/2.4.0/Device/Include

<h2>Collection of Component Files used:</h2>
Build Time Elapsed:  00:00:01
</pre>
</body>
</html>
