<html>
<body>
<pre>
<h1>µVision Build Log</h1>
<h2>Tool Versions:</h2>
IDE-Version: ¦ÌVision V5.38.0.0
Copyright (C) 2022 ARM Ltd and ARM Germany GmbH. All rights reserved.
License Information: A A, A, LIC=GMZI6-DNAM7-AREXW-QIGW2-RW7Z6-CN2QD
 
Tool Versions:
Toolchain:       MDK-ARM Plus  Version: 5.38.0.0
Toolchain Path:  D:\Keil_v5\ARM\ARMCC\Bin
C Compiler:      Armcc.exe V5.05 update 1 (build 106)
Assembler:       Armasm.exe V5.05 update 1 (build 106)
Linker/Locator:  ArmLink.exe V5.05 update 1 (build 106)
Library Manager: ArmAr.exe V5.05 update 1 (build 106)
Hex Converter:   FromElf.exe V5.05 update 1 (build 106)
CPU DLL:         SARMCM3.DLL V5.38.0.0
Dialog DLL:      DCM.DLL V1.17.5.0
Target DLL:      STLink\ST-LINKIII-KEIL_SWO.dll V3.1.0.0
Dialog DLL:      TCM.DLL V1.56.4.0
 
<h2>Project:</h2>
C:\Users\12245\Desktop\MCU_project\Four_Keil5_Project\4_zet6_Data_statistics_and_wifi\Project\zet6_Data_statistics_and_wifi.uvprojx
Project File Date:  05/05/2023

<h2>Output:</h2>
*** Using Compiler 'V5.05 update 1 (build 106)', folder: 'D:\Keil_v5\ARM\ARMCC\Bin'
Build target 'Data_statistics_and_wifi_zet6'
compiling task.c...
linking...
..\OutPut\Data_statistics_and_wifi_output.axf: Warning: L6480W: Disabling string merging for cjson.o(.conststring). Relocated MOVT referring to string .conststring has a non-zero addend, which is not supported.
..\OutPut\Data_statistics_and_wifi_output.axf: Warning: L6480W: Disabling string merging for command.o(.conststring). Relocated MOVT referring to string .conststring has a non-zero addend, which is not supported.
..\OutPut\Data_statistics_and_wifi_output.axf: Warning: L6480W: Disabling string merging for data_receive.o(.conststring). Relocated MOVT referring to string .conststring has a non-zero addend, which is not supported.
..\OutPut\Data_statistics_and_wifi_output.axf: Warning: L6480W: Disabling string merging for uploading.o(.conststring). Relocated MOVT referring to string .conststring has a non-zero addend, which is not supported.
..\OutPut\Data_statistics_and_wifi_output.axf: Warning: L6480W: Disabling string merging for wifi.o(.conststring). Relocated MOVT referring to string .conststring has a non-zero addend, which is not supported.
Program Size: Code=19744 RO-data=1648 RW-data=80 ZI-data=18584  
Finished: 0 information, 5 warning and 0 error messages.
FromELF: creating hex file...
"..\OutPut\Data_statistics_and_wifi_output.axf" - 0 Error(s), 5 Warning(s).

<h2>Software Packages used:</h2>

Package Vendor: Keil
                http://www.keil.com/pack/Keil.STM32F1xx_DFP.2.4.0.pack
                Keil.STM32F1xx_DFP.2.4.0
                STMicroelectronics STM32F1 Series Device Support, Drivers and Examples

<h2>Collection of Component include folders:</h2>
  D:/Keil_v5/Packs/Keil/STM32F1xx_DFP/2.4.0/Device/Include

<h2>Collection of Component Files used:</h2>
Build Time Elapsed:  00:00:00
</pre>
</body>
</html>
