Component: ARM Compiler 5.05 update 1 (build 106) Tool: armlink [4d0efa]

==============================================================================

Section Cross References

    startup_stm32f10x_hd.o(RESET) refers to startup_stm32f10x_hd.o(STACK) for __initial_sp
    startup_stm32f10x_hd.o(RESET) refers to startup_stm32f10x_hd.o(.text) for Reset_Handler
    startup_stm32f10x_hd.o(RESET) refers to stm32f10x_it.o(i.NMI_Handler) for NMI_Handler
    startup_stm32f10x_hd.o(RESET) refers to stm32f10x_it.o(i.HardFault_Handler) for HardFault_Handler
    startup_stm32f10x_hd.o(RESET) refers to stm32f10x_it.o(i.MemManage_Handler) for MemManage_Handler
    startup_stm32f10x_hd.o(RESET) refers to stm32f10x_it.o(i.BusFault_Handler) for BusFault_Handler
    startup_stm32f10x_hd.o(RESET) refers to stm32f10x_it.o(i.UsageFault_Handler) for UsageFault_Handler
    startup_stm32f10x_hd.o(RESET) refers to stm32f10x_it.o(i.SVC_Handler) for SVC_Handler
    startup_stm32f10x_hd.o(RESET) refers to stm32f10x_it.o(i.DebugMon_Handler) for DebugMon_Handler
    startup_stm32f10x_hd.o(RESET) refers to stm32f10x_it.o(i.PendSV_Handler) for PendSV_Handler
    startup_stm32f10x_hd.o(RESET) refers to systick.o(i.SysTick_Handler) for SysTick_Handler
    startup_stm32f10x_hd.o(RESET) refers to usart.o(i.USART1_IRQHandler) for USART1_IRQHandler
    startup_stm32f10x_hd.o(RESET) refers to usart.o(i.USART2_IRQHandler) for USART2_IRQHandler
    startup_stm32f10x_hd.o(RESET) refers to usart.o(i.USART3_IRQHandler) for USART3_IRQHandler
    startup_stm32f10x_hd.o(RESET) refers to usart.o(i.UART4_IRQHandler) for UART4_IRQHandler
    startup_stm32f10x_hd.o(RESET) refers to usart.o(i.UART5_IRQHandler) for UART5_IRQHandler
    startup_stm32f10x_hd.o(.text) refers to system_stm32f10x.o(i.SystemInit) for SystemInit
    startup_stm32f10x_hd.o(.text) refers to entry.o(.ARM.Collect$$$$00000000) for __main
    system_stm32f10x.o(i.SetSysClock) refers to system_stm32f10x.o(i.SetSysClockTo72) for SetSysClockTo72
    system_stm32f10x.o(i.SystemCoreClockUpdate) refers to system_stm32f10x.o(.data) for SystemCoreClock
    system_stm32f10x.o(i.SystemInit) refers to system_stm32f10x.o(i.SetSysClock) for SetSysClock
    stm32f10x_adc.o(i.ADC_DeInit) refers to stm32f10x_rcc.o(i.RCC_APB2PeriphResetCmd) for RCC_APB2PeriphResetCmd
    stm32f10x_bkp.o(i.BKP_DeInit) refers to stm32f10x_rcc.o(i.RCC_BackupResetCmd) for RCC_BackupResetCmd
    stm32f10x_can.o(i.CAN_DeInit) refers to stm32f10x_rcc.o(i.RCC_APB1PeriphResetCmd) for RCC_APB1PeriphResetCmd
    stm32f10x_can.o(i.CAN_GetITStatus) refers to stm32f10x_can.o(i.CheckITStatus) for CheckITStatus
    stm32f10x_cec.o(i.CEC_DeInit) refers to stm32f10x_rcc.o(i.RCC_APB1PeriphResetCmd) for RCC_APB1PeriphResetCmd
    stm32f10x_dac.o(i.DAC_DeInit) refers to stm32f10x_rcc.o(i.RCC_APB1PeriphResetCmd) for RCC_APB1PeriphResetCmd
    stm32f10x_flash.o(i.FLASH_EnableWriteProtection) refers to stm32f10x_flash.o(i.FLASH_WaitForLastOperation) for FLASH_WaitForLastOperation
    stm32f10x_flash.o(i.FLASH_EraseAllBank1Pages) refers to stm32f10x_flash.o(i.FLASH_WaitForLastBank1Operation) for FLASH_WaitForLastBank1Operation
    stm32f10x_flash.o(i.FLASH_EraseAllPages) refers to stm32f10x_flash.o(i.FLASH_WaitForLastOperation) for FLASH_WaitForLastOperation
    stm32f10x_flash.o(i.FLASH_EraseOptionBytes) refers to stm32f10x_flash.o(i.FLASH_GetReadOutProtectionStatus) for FLASH_GetReadOutProtectionStatus
    stm32f10x_flash.o(i.FLASH_EraseOptionBytes) refers to stm32f10x_flash.o(i.FLASH_WaitForLastOperation) for FLASH_WaitForLastOperation
    stm32f10x_flash.o(i.FLASH_ErasePage) refers to stm32f10x_flash.o(i.FLASH_WaitForLastOperation) for FLASH_WaitForLastOperation
    stm32f10x_flash.o(i.FLASH_ProgramHalfWord) refers to stm32f10x_flash.o(i.FLASH_WaitForLastOperation) for FLASH_WaitForLastOperation
    stm32f10x_flash.o(i.FLASH_ProgramOptionByteData) refers to stm32f10x_flash.o(i.FLASH_WaitForLastOperation) for FLASH_WaitForLastOperation
    stm32f10x_flash.o(i.FLASH_ProgramWord) refers to stm32f10x_flash.o(i.FLASH_WaitForLastOperation) for FLASH_WaitForLastOperation
    stm32f10x_flash.o(i.FLASH_ReadOutProtection) refers to stm32f10x_flash.o(i.FLASH_WaitForLastOperation) for FLASH_WaitForLastOperation
    stm32f10x_flash.o(i.FLASH_UserOptionByteConfig) refers to stm32f10x_flash.o(i.FLASH_WaitForLastOperation) for FLASH_WaitForLastOperation
    stm32f10x_flash.o(i.FLASH_WaitForLastBank1Operation) refers to stm32f10x_flash.o(i.FLASH_GetBank1Status) for FLASH_GetBank1Status
    stm32f10x_flash.o(i.FLASH_WaitForLastOperation) refers to stm32f10x_flash.o(i.FLASH_GetBank1Status) for FLASH_GetBank1Status
    stm32f10x_gpio.o(i.GPIO_AFIODeInit) refers to stm32f10x_rcc.o(i.RCC_APB2PeriphResetCmd) for RCC_APB2PeriphResetCmd
    stm32f10x_gpio.o(i.GPIO_DeInit) refers to stm32f10x_rcc.o(i.RCC_APB2PeriphResetCmd) for RCC_APB2PeriphResetCmd
    stm32f10x_i2c.o(i.I2C_DeInit) refers to stm32f10x_rcc.o(i.RCC_APB1PeriphResetCmd) for RCC_APB1PeriphResetCmd
[...]
    ..\Libraries\CMSIS\system_stm32f10x.c    0x00000000   Number         0  system_stm32f10x.o ABSOLUTE
    ..\Libraries\FWlib\src\misc.c            0x00000000   Number         0  misc.o ABSOLUTE
    ..\Libraries\FWlib\src\stm32f10x_adc.c   0x00000000   Number         0  stm32f10x_adc.o ABSOLUTE
    ..\Libraries\FWlib\src\stm32f10x_bkp.c   0x00000000   Number         0  stm32f10x_bkp.o ABSOLUTE
    ..\Libraries\FWlib\src\stm32f10x_can.c   0x00000000   Number         0  stm32f10x_can.o ABSOLUTE
    ..\Libraries\FWlib\src\stm32f10x_cec.c   0x00000000   Number         0  stm32f10x_cec.o ABSOLUTE
    ..\Libraries\FWlib\src\stm32f10x_crc.c   0x00000000   Number         0  stm32f10x_crc.o ABSOLUTE
    ..\Libraries\FWlib\src\stm32f10x_dac.c   0x00000000   Number         0  stm32f10x_dac.o ABSOLUTE
    ..\Libraries\FWlib\src\stm32f10x_dbgmcu.c 0x00000000   Number         0  stm32f10x_dbgmcu.o ABSOLUTE
    ..\Libraries\FWlib\src\stm32f10x_dma.c   0x00000000   Number         0  stm32f10x_dma.o ABSOLUTE
    ..\Libraries\FWlib\src\stm32f10x_exti.c  0x00000000   Number         0  stm32f10x_exti.o ABSOLUTE
    ..\Libraries\FWlib\src\stm32f10x_flash.c 0x00000000   Number         0  stm32f10x_flash.o ABSOLUTE
    ..\Libraries\FWlib\src\stm32f10x_fsmc.c  0x00000000   Number         0  stm32f10x_fsmc.o ABSOLUTE
    ..\Libraries\FWlib\src\stm32f10x_gpio.c  0x00000000   Number         0  stm32f10x_gpio.o ABSOLUTE
    ..\Libraries\FWlib\src\stm32f10x_i2c.c   0x00000000   Number         0  stm32f10x_i2c.o ABSOLUTE
    ..\Libraries\FWlib\src\stm32f10x_iwdg.c  0x00000000   Number         0  stm32f10x_iwdg.o ABSOLUTE
    ..\Libraries\FWlib\src\stm32f10x_pwr.c   0x00000000   Number         0  stm32f10x_pwr.o ABSOLUTE
    ..\Libraries\FWlib\src\stm32f10x_rcc.c   0x00000000   Number         0  stm32f10x_rcc.o ABSOLUTE
    ..\Libraries\FWlib\src\stm32f10x_rtc.c   0x00000000   Number         0  stm32f10x_rtc.o ABSOLUTE
    ..\Libraries\FWlib\src\stm32f10x_sdio.c  0x00000000   Number         0  stm32f10x_sdio.o ABSOLUTE
    ..\Libraries\FWlib\src\stm32f10x_spi.c   0x00000000   Number         0  stm32f10x_spi.o ABSOLUTE
    ..\Libraries\FWlib\src\stm32f10x_tim.c   0x00000000   Number         0  stm32f10x_tim.o ABSOLUTE
    ..\Libraries\FWlib\src\stm32f10x_usart.c 0x00000000   Number         0  stm32f10x_usart.o ABSOLUTE
    ..\Libraries\FWlib\src\stm32f10x_wwdg.c  0x00000000   Number         0  stm32f10x_wwdg.o ABSOLUTE
    ..\Source\Cdh_stm32\cJSON.c              0x00000000   Number         0  cjson.o ABSOLUTE
    ..\Source\Cdh_stm32\cdh_fun_stm32.c      0x00000000   Number         0  cdh_fun_stm32.o ABSOLUTE
    ..\Source\Cdh_stm32\data_helper.c        0x00000000   Number         0  data_helper.o ABSOLUTE
    ..\Source\DataGoods\Goods.c              0x00000000   Number         0  goods.o ABSOLUTE
    ..\Source\DataGoods\User.c               0x00000000   Number         0  user.o ABSOLUTE
    ..\Source\Dev\adc.c                      0x00000000   Number         0  adc.o ABSOLUTE
    ..\Source\Dev\timer.c                    0x00000000   Number         0  timer.o ABSOLUTE
    ..\Source\Dev\usart.c                    0x00000000   Number         0  usart.o ABSOLUTE
    ..\Source\Main\main.c                    0x00000000   Number         0  main.o ABSOLUTE
    ..\Source\Main\stm32f10x_it.c            0x00000000   Number         0  stm32f10x_it.o ABSOLUTE
    ..\Source\Payment\Openmv.c               0x00000000   Number         0  openmv.o ABSOLUTE
    ..\Source\Payment\ScanCode.c             0x00000000   Number         0  scancode.o ABSOLUTE
    ..\Source\Payment\Servo.c                0x00000000   Number         0  servo.o ABSOLUTE
    ..\Source\Payment\Uasrttft.c             0x00000000   Number         0  uasrttft.o ABSOLUTE
    ..\Source\Payment\order.c                0x00000000   Number         0  order.o ABSOLUTE
    ..\Source\Payment\spi.c                  0x00000000   Number         0  spi.o ABSOLUTE
    ..\Source\Payment\w25qxx.c               0x00000000   Number         0  w25qxx.o ABSOLUTE
    ..\Source\System\system.c                0x00000000   Number         0  system.o ABSOLUTE
    ..\Source\System\systick.c               0x00000000   Number         0  systick.o ABSOLUTE
    ..\Source\System\task.c                  0x00000000   Number         0  task.o ABSOLUTE
    ..\Source\Use\led.c                      0x00000000   Number         0  led.o ABSOLUTE
    ..\\Libraries\\CMSIS\\core_cm3.c         0x00000000   Number         0  core_cm3.o ABSOLUTE
    cdcmple.s                                0x00000000   Number         0  cdcmple.o ABSOLUTE
    cdrcmple.s                               0x00000000   Number         0  cdrcmple.o ABSOLUTE
    dc.s                                     0x00000000   Number         0  dc.o ABSOLUTE
    handlers.s                               0x00000000   Number         0  handlers.o ABSOLUTE
    init.s                                   0x00000000   Number         0  init.o ABSOLUTE
    RESET                                    0x08000000   Section      304  startup_stm32f10x_hd.o(RESET)
    .ARM.Collect$$$$00000000                 0x08000130   Section        0  entry.o(.ARM.Collect$$$$00000000)
    .ARM.Collect$$$$00000001                 0x08000130   Section        4  entry2.o(.ARM.Collect$$$$00000001)
    .ARM.Collect$$$$00000004                 0x08000134   Section        4  entry5.o(.ARM.Collect$$$$00000004)
    .ARM.Collect$$$$00000008                 0x08000138   Section        0  entry7b.o(.ARM.Collect$$$$00000008)
    .ARM.Collect$$$$0000000A                 0x08000138   Section        0  entry8b.o(.ARM.Collect$$$$0000000A)
    .ARM.Collect$$$$0000000B                 0x08000138   Section        8  entry9a.o(.ARM.Collect$$$$0000000B)
    .ARM.Collect$$$$0000000D                 0x08000140   Section        0  entry10a.o(.ARM.Collect$$$$0000000D)
    .ARM.Collect$$$$0000000F                 0x08000140   Section        0  entry11a.o(.ARM.Collect$$$$0000000F)
    .ARM.Collect$$$$00002712                 0x08000140   Section        4  entry2.o(.ARM.Collect$$$$00002712)
    __lit__00000000                          0x08000140   Data           4  entry2.o(.ARM.Collect$$$$00002712)
    .text                                    0x08000144   Section       36  startup_stm32f10x_hd.o(.text)
    .text                                    0x08000168   Section        0  tolower.o(.text)
    .text                                    0x08000174   Section        0  memcpya.o(.text)
    .text                                    0x08000198   Section        0  memseta.o(.text)
    .text                                    0x080001bc   Section        0  strcat.o(.text)
    .text                                    0x080001d4   Section        0  strlen.o(.text)
    .text                                    0x080001e2   Section        0  strcmp.o(.text)
    .text                                    0x080001fe   Section        0  strcpy.o(.text)
    .text                                    0x08000210   Section        0  strncmp.o(.text)
    .text                                    0x08000230   Section        0  __0sscanf.o(.text)
    .text                                    0x08000268   Section        0  scanf_fp.o(.text)
    _fp_value                                0x08000269   Thumb Code   256  scanf_fp.o(.text)
    .text                                    0x080005a0   Section        0  fadd.o(.text)
    .text                                    0x08000650   Section        0  fmul.o(.text)
    .text                                    0x080006b4   Section        0  fdiv.o(.text)
    .text                                    0x08000730   Section        0  dadd.o(.text)
    .text                                    0x0800087e   Section        0  dmul.o(.text)
    .text                                    0x08000962   Section        0  fflti.o(.text)
    .text                                    0x08000974   Section        0  dflti.o(.text)
    .text                                    0x08000996   Section        0  dfltui.o(.text)
    .text                                    0x080009b0   Section        0  ffixui.o(.text)
    .text                                    0x080009d8   Section        0  dfixi.o(.text)
    .text                                    0x08000a16   Section        0  f2d.o(.text)
    .text                                    0x08000a3c   Section       48  cdcmple.o(.text)
    .text                                    0x08000a6c   Section       48  cdrcmple.o(.text)
    .text                                    0x08000a9c   Section        0  d2f.o(.text)
    .text                                    0x08000ad4   Section        0  uidiv.o(.text)
    .text                                    0x08000b00   Section        0  uldiv.o(.text)
    .text                                    0x08000b62   Section        0  llshl.o(.text)
    .text                                    0x08000b80   Section        0  llushr.o(.text)
    .text                                    0x08000ba0   Section        0  llsshr.o(.text)
    .text                                    0x08000bc4   Section        0  ctype_o.o(.text)
    .text                                    0x08000bcc   Section        0  isspace_o.o(.text)
    .text                                    0x08000be0   Section        0  scanf_char.o(.text)
    _scanf_char_input                        0x08000be1   Thumb Code    12  scanf_char.o(.text)
    .text                                    0x08000c08   Section        0  _sgetc.o(.text)
    .text                                    0x08000c48   Section        0  strtod.o(.text)
    _local_sscanf                            0x08000c49   Thumb Code    54  strtod.o(.text)
    .text                                    0x08000ce4   Section        0  iusefp.o(.text)
    .text                                    0x08000ce4   Section        0  fepilogue.o(.text)
    .text                                    0x08000d52   Section        0  depilogue.o(.text)
    .text                                    0x08000e0c   Section        0  ddiv.o(.text)
    .text                                    0x08000eea   Section        0  dfltul.o(.text)
    .text                                    0x08000f02   Section        0  dfixul.o(.text)
    .text                                    0x08000f34   Section       36  init.o(.text)
    .text                                    0x08000f58   Section        0  _scanf.o(.text)
    i.BusFault_Handler                       0x08001284   Section        0  stm32f10x_it.o(i.BusFault_Handler)
    i.CalculateIndent                        0x08001288   Section        0  scancode.o(i.CalculateIndent)
    i.DebugMon_Handler                       0x080014e8   Section        0  stm32f10x_it.o(i.DebugMon_Handler)
    i.DelayMs                                0x080014ec   Section        0  systick.o(i.DelayMs)
    i.DisposeReturnData                      0x08001500   Section        0  openmv.o(i.DisposeReturnData)
    i.DisposeUsartTTFT                       0x0800150c   Section        0  uasrttft.o(i.DisposeUsartTTFT)
    i.Door_OFF                               0x080015d4   Section        0  servo.o(i.Door_OFF)
    i.Door_ON                                0x080015e4   Section        0  servo.o(i.Door_ON)
    i.GPIO_Init                              0x080015ee   Section        0  stm32f10x_gpio.o(i.GPIO_Init)
    i.HardFault_Handler                      0x08001704   Section        0  stm32f10x_it.o(i.HardFault_Handler)
    i.MemManage_Handler                      0x08001708   Section        0  stm32f10x_it.o(i.MemManage_Handler)
    i.NMI_Handler                            0x0800170c   Section        0  stm32f10x_it.o(i.NMI_Handler)
    i.NVIC_Init                              0x08001710   Section        0  misc.o(i.NVIC_Init)
    i.NVIC_PriorityGroupConfig               0x08001780   Section        0  misc.o(i.NVIC_PriorityGroupConfig)
    i.PendSV_Handler                         0x08001794   Section        0  stm32f10x_it.o(i.PendSV_Handler)
    i.RCC_APB1PeriphClockCmd                 0x08001798   Section        0  stm32f10x_rcc.o(i.RCC_APB1PeriphClockCmd)
    i.RCC_APB2PeriphClockCmd                 0x080017b8   Section        0  stm32f10x_rcc.o(i.RCC_APB2PeriphClockCmd)
    i.RCC_GetClocksFreq                      0x080017d8   Section        0  stm32f10x_rcc.o(i.RCC_GetClocksFreq)
    i.RunAllTask                             0x080018ac   Section        0  main.o(i.RunAllTask)
    i.SVC_Handler                            0x080018c8   Section        0  stm32f10x_it.o(i.SVC_Handler)
    i.Save_Goods_falsh                       0x080018cc   Section        0  goods.o(i.Save_Goods_falsh)
    i.Save_user_falsh                        0x08001b28   Section        0  user.o(i.Save_user_falsh)
    i.Servo_Init                             0x08001b70   Section        0  servo.o(i.Servo_Init)
    i.Servo_angle                            0x08001c08   Section        0  servo.o(i.Servo_angle)
    i.SetSysClock                            0x08001c48   Section        0  system_stm32f10x.o(i.SetSysClock)
    SetSysClock                              0x08001c49   Thumb Code     8  system_stm32f10x.o(i.SetSysClock)
    i.SetSysClockTo72                        0x08001c50   Section        0  system_stm32f10x.o(i.SetSysClockTo72)
    SetSysClockTo72                          0x08001c51   Thumb Code   214  system_stm32f10x.o(i.SetSysClockTo72)
    i.Startbill                              0x08001d30   Section        0  scancode.o(i.Startbill)
    i.SysInit                                0x08001d6c   Section        0  system.o(i.SysInit)
    i.SysTick_Handler                        0x08001d84   Section        0  systick.o(i.SysTick_Handler)
    i.SystemInit                             0x08001db0   Section        0  system_stm32f10x.o(i.SystemInit)
    i.SystickInit                            0x08001e10   Section        0  systick.o(i.SystickInit)
    i.TIM_Cmd                                0x08001e80   Section        0  stm32f10x_tim.o(i.TIM_Cmd)
    i.TIM_InternalClockConfig                0x08001e98   Section        0  stm32f10x_tim.o(i.TIM_InternalClockConfig)
    i.TIM_OC2Init                            0x08001ea4   Section        0  stm32f10x_tim.o(i.TIM_OC2Init)
    i.TIM_OCStructInit                       0x08001f48   Section        0  stm32f10x_tim.o(i.TIM_OCStructInit)
    i.TIM_SetCompare2                        0x08001f5c   Section        0  stm32f10x_tim.o(i.TIM_SetCompare2)
    i.TIM_TimeBaseInit                       0x08001f60   Section        0  stm32f10x_tim.o(i.TIM_TimeBaseInit)
    i.Task1                                  0x08002004   Section        0  task.o(i.Task1)
    i.Task2                                  0x08002048   Section        0  task.o(i.Task2)
    i.UART4_IRQHandler                       0x08002074   Section        0  usart.o(i.UART4_IRQHandler)
    i.UART4_RecProcess                       0x080020c0   Section        0  usart.o(i.UART4_RecProcess)
    i.UART5_IRQHandler                       0x08002108   Section        0  usart.o(i.UART5_IRQHandler)
    i.USART1_IRQHandler                      0x08002154   Section        0  usart.o(i.USART1_IRQHandler)
    i.USART1_RecProcess                      0x080021a0   Section        0  usart.o(i.USART1_RecProcess)
    i.USART2_IRQHandler                      0x080021e8   Section        0  usart.o(i.USART2_IRQHandler)
    i.USART2_RecProcess                      0x08002234   Section        0  usart.o(i.USART2_RecProcess)
    i.USART3_IRQHandler                      0x0800227c   Section        0  usart.o(i.USART3_IRQHandler)
    i.USART3_RecProcess                      0x080022c8   Section        0  usart.o(i.USART3_RecProcess)
    i.USART_ClearFlag                        0x08002310   Section        0  stm32f10x_usart.o(i.USART_ClearFlag)
    i.USART_ClearITPendingBit                0x08002322   Section        0  stm32f10x_usart.o(i.USART_ClearITPendingBit)
    i.USART_Cmd                              0x08002340   Section        0  stm32f10x_usart.o(i.USART_Cmd)
    i.USART_GetFlagStatus                    0x08002358   Section        0  stm32f10x_usart.o(i.USART_GetFlagStatus)
    i.USART_GetITStatus                      0x08002372   Section        0  stm32f10x_usart.o(i.USART_GetITStatus)
    i.USART_ITConfig                         0x080023c6   Section        0  stm32f10x_usart.o(i.USART_ITConfig)
    i.USART_Init                             0x08002410   Section        0  stm32f10x_usart.o(i.USART_Init)
    i.USART_ReceiveData                      0x080024e8   Section        0  stm32f10x_usart.o(i.USART_ReceiveData)
    i.USART_SendData                         0x080024f2   Section        0  stm32f10x_usart.o(i.USART_SendData)
    i.UpdateIndent                           0x080024fc   Section        0  scancode.o(i.UpdateIndent)
    i.UsageFault_Handler                     0x08002588   Section        0  stm32f10x_it.o(i.UsageFault_Handler)
    i.__0printf                              0x0800258c   Section        0  printfa.o(i.__0printf)
    i.__0snprintf                            0x080025ac   Section        0  printfa.o(i.__0snprintf)
    i.__0sprintf                             0x080025d4   Section        0  printfa.o(i.__0sprintf)
    i.__free$realloc                         0x080025fc   Section        0  mallocr.o(i.__free$realloc)
    i.__malloc$realloc                       0x08002658   Section        0  mallocr.o(i.__malloc$realloc)
    i.__scatterload_copy                     0x080026a8   Section       14  handlers.o(i.__scatterload_copy)
    i.__scatterload_null                     0x080026b6   Section        2  handlers.o(i.__scatterload_null)
    i.__scatterload_zeroinit                 0x080026b8   Section       14  handlers.o(i.__scatterload_zeroinit)
    i._fp_digits                             0x080026c8   Section        0  printfa.o(i._fp_digits)
    _fp_digits                               0x080026c9   Thumb Code   334  printfa.o(i._fp_digits)
    i._is_digit                              0x0800282c   Section        0  scanf_fp.o(i._is_digit)
    i._printf_core                           0x0800283c   Section        0  printfa.o(i._printf_core)
    _printf_core                             0x0800283d   Thumb Code  1744  printfa.o(i._printf_core)
    i._printf_post_padding                   0x08002f18   Section        0  printfa.o(i._printf_post_padding)
    _printf_post_padding                     0x08002f19   Thumb Code    36  printfa.o(i._printf_post_padding)
    i._printf_pre_padding                    0x08002f3c   Section        0  printfa.o(i._printf_pre_padding)
    _printf_pre_padding                      0x08002f3d   Thumb Code    46  printfa.o(i._printf_pre_padding)
    i._snputc                                0x08002f6a   Section        0  printfa.o(i._snputc)
    _snputc                                  0x08002f6b   Thumb Code    22  printfa.o(i._snputc)
    i._sputc                                 0x08002f80   Section        0  printfa.o(i._sputc)
    _sputc                                   0x08002f81   Thumb Code    10  printfa.o(i._sputc)
    i.add_item_to_array                      0x08002f8a   Section        0  cjson.o(i.add_item_to_array)
    add_item_to_array                        0x08002f8b   Thumb Code    54  cjson.o(i.add_item_to_array)
    i.add_item_to_object                     0x08002fc0   Section        0  cjson.o(i.add_item_to_object)
    add_item_to_object                       0x08002fc1   Thumb Code   122  cjson.o(i.add_item_to_object)
    i.buffer_skip_whitespace                 0x0800303a   Section        0  cjson.o(i.buffer_skip_whitespace)
    buffer_skip_whitespace                   0x0800303b   Thumb Code    72  cjson.o(i.buffer_skip_whitespace)
    i.cJSON_AddNumberToObject                0x08003084   Section        0  cjson.o(i.cJSON_AddNumberToObject)
    i.cJSON_CreateNumber                     0x080030c0   Section        0  cjson.o(i.cJSON_CreateNumber)
    i.cJSON_CreateObject                     0x08003124   Section        0  cjson.o(i.cJSON_CreateObject)
    i.cJSON_Delete                           0x0800313c   Section        0  cjson.o(i.cJSON_Delete)
    i.cJSON_GetObjectItem                    0x08003194   Section        0  cjson.o(i.cJSON_GetObjectItem)
    i.cJSON_New_Item                         0x080031a6   Section        0  cjson.o(i.cJSON_New_Item)
    cJSON_New_Item                           0x080031a7   Thumb Code    26  cjson.o(i.cJSON_New_Item)
    i.cJSON_Parse                            0x080031c0   Section        0  cjson.o(i.cJSON_Parse)
    i.cJSON_ParseWithLengthOpts              0x080031d0   Section        0  cjson.o(i.cJSON_ParseWithLengthOpts)
    i.cJSON_ParseWithOpts                    0x080032a4   Section        0  cjson.o(i.cJSON_ParseWithOpts)
    i.cJSON_Print                            0x080032cc   Section        0  cjson.o(i.cJSON_Print)
    i.cJSON_free                             0x080032e0   Section        0  cjson.o(i.cJSON_free)
    i.cJSON_strdup                           0x080032f4   Section        0  cjson.o(i.cJSON_strdup)
    cJSON_strdup                             0x080032f5   Thumb Code    56  cjson.o(i.cJSON_strdup)
    i.case_insensitive_strcmp                0x0800332c   Section        0  cjson.o(i.case_insensitive_strcmp)
    case_insensitive_strcmp                  0x0800332d   Thumb Code    72  cjson.o(i.case_insensitive_strcmp)
    i.cast_away_const                        0x08003374   Section        0  cjson.o(i.cast_away_const)
    cast_away_const                          0x08003375   Thumb Code     2  cjson.o(i.cast_away_const)
    i.change_discount                        0x08003378   Section        0  scancode.o(i.change_discount)
    i.compare_double                         0x08003384   Section        0  cjson.o(i.compare_double)
    compare_double                           0x08003385   Thumb Code   112  cjson.o(i.compare_double)
    i.ensure                                 0x080033f8   Section        0  cjson.o(i.ensure)
    ensure                                   0x080033f9   Thumb Code   184  cjson.o(i.ensure)
    i.fputc                                  0x080034b0   Section        0  usart.o(i.fputc)
    i.get_decimal_point                      0x080034d4   Section        0  cjson.o(i.get_decimal_point)
    get_decimal_point                        0x080034d5   Thumb Code     4  cjson.o(i.get_decimal_point)
    i.get_object_item                        0x080034d8   Section        0  cjson.o(i.get_object_item)
    get_object_item                          0x080034d9   Thumb Code    82  cjson.o(i.get_object_item)
    i.init_all                               0x0800352a   Section        0  main.o(i.init_all)
    i.init_indent                            0x08003560   Section        0  scancode.o(i.init_indent)
    i.init_uart4                             0x08003588   Section        0  usart.o(i.init_uart4)
    i.init_usart1                            0x08003640   Section        0  usart.o(i.init_usart1)
    i.init_usart2                            0x080036f0   Section        0  usart.o(i.init_usart2)
    i.init_usart3                            0x080037a4   Section        0  usart.o(i.init_usart3)
    i.internal_alloc                         0x0800385c   Section        0  mallocr.o(i.internal_alloc)
    internal_alloc                           0x0800385d   Thumb Code    76  mallocr.o(i.internal_alloc)
    i.is_CodeType                            0x080038ac   Section        0  scancode.o(i.is_CodeType)
    i.main                                   0x080038c8   Section        0  main.o(i.main)
    i.parse_array                            0x080038d8   Section        0  cjson.o(i.parse_array)
    parse_array                              0x080038d9   Thumb Code   248  cjson.o(i.parse_array)
    i.parse_hex4                             0x080039d0   Section        0  cjson.o(i.parse_hex4)
    parse_hex4                               0x080039d1   Thumb Code    90  cjson.o(i.parse_hex4)
    i.parse_number                           0x08003a2c   Section        0  cjson.o(i.parse_number)
    parse_number                             0x08003a2d   Thumb Code   298  cjson.o(i.parse_number)
    i.parse_object                           0x08003b64   Section        0  cjson.o(i.parse_object)
    parse_object                             0x08003b65   Thumb Code   318  cjson.o(i.parse_object)
    i.parse_string                           0x08003ca2   Section        0  cjson.o(i.parse_string)
    parse_string                             0x08003ca3   Thumb Code   396  cjson.o(i.parse_string)
    i.parse_value                            0x08003e30   Section        0  cjson.o(i.parse_value)
    parse_value                              0x08003e31   Thumb Code   290  cjson.o(i.parse_value)
    i.print                                  0x08003f6c   Section        0  cjson.o(i.print)
    print                                    0x08003f6d   Thumb Code   178  cjson.o(i.print)
    i.print_array                            0x0800401e   Section        0  cjson.o(i.print_array)
    print_array                              0x0800401f   Thumb Code   178  cjson.o(i.print_array)
    i.print_number                           0x080040d0   Section        0  cjson.o(i.print_number)
    print_number                             0x080040d1   Thumb Code   304  cjson.o(i.print_number)
    i.print_object                           0x08004224   Section        0  cjson.o(i.print_object)
    print_object                             0x08004225   Thumb Code   372  cjson.o(i.print_object)
    i.print_string                           0x08004398   Section        0  cjson.o(i.print_string)
    print_string                             0x08004399   Thumb Code    16  cjson.o(i.print_string)
    i.print_string_ptr                       0x080043a8   Section        0  cjson.o(i.print_string_ptr)
    print_string_ptr                         0x080043a9   Thumb Code   360  cjson.o(i.print_string_ptr)
    i.print_value                            0x0800451c   Section        0  cjson.o(i.print_value)
    print_value                              0x0800451d   Thumb Code   236  cjson.o(i.print_value)
    i.realloc                                0x08004620   Section        0  mallocr.o(i.realloc)
    i.receive_order                          0x0800468c   Section        0  order.o(i.receive_order)
    i.send_indent                            0x08004820   Section        0  uasrttft.o(i.send_indent)
    i.setCodePage                            0x08004994   Section        0  scancode.o(i.setCodePage)
    i.setReturnOpenmv                        0x080049a0   Section        0  uasrttft.o(i.setReturnOpenmv)
    i.setScanCode                            0x080049c8   Section        0  scancode.o(i.setScanCode)
    i.skip_utf8_bom                          0x080049e8   Section        0  cjson.o(i.skip_utf8_bom)
    skip_utf8_bom                            0x080049e9   Thumb Code    56  cjson.o(i.skip_utf8_bom)
    i.strart_face                            0x08004a24   Section        0  openmv.o(i.strart_face)
    i.strtod                                 0x08004a38   Section        0  strtod.o(i.strtod)
    i.suffix_object                          0x08004a54   Section        0  cjson.o(i.suffix_object)
    suffix_object                            0x08004a55   Thumb Code     6  cjson.o(i.suffix_object)
    i.update_code                            0x08004a5c   Section        0  order.o(i.update_code)
    i.update_offset                          0x08004ae4   Section        0  cjson.o(i.update_offset)
    update_offset                            0x08004ae5   Thumb Code    36  cjson.o(i.update_offset)
    i.usart_send_byte                        0x08004b08   Section        0  usart.o(i.usart_send_byte)
    i.usart_send_string                      0x08004b26   Section        0  usart.o(i.usart_send_string)
    i.utf16_literal_to_utf8                  0x08004b42   Section        0  cjson.o(i.utf16_literal_to_utf8)
    utf16_literal_to_utf8                    0x08004b43   Thumb Code   300  cjson.o(i.utf16_literal_to_utf8)
    .constdata                               0x08004c70   Section       16  task.o(.constdata)
    .constdata                               0x08004c80   Section      129  ctype_o.o(.constdata)
    .constdata                               0x08004d04   Section        4  ctype_o.o(.constdata)
    table                                    0x08004d04   Data           4  ctype_o.o(.constdata)
    .data                                    0x20000000   Section       20  stm32f10x_rcc.o(.data)
    APBAHBPrescTable                         0x20000000   Data          16  stm32f10x_rcc.o(.data)
    ADCPrescTable                            0x20000010   Data           4  stm32f10x_rcc.o(.data)
    .data                                    0x20000014   Section       20  cjson.o(.data)
    global_error                             0x20000014   Data           8  cjson.o(.data)
    global_hooks                             0x2000001c   Data          12  cjson.o(.data)
    .data                                    0x20000028   Section       10  usart.o(.data)
    .data                                    0x20000034   Section        4  goods.o(.data)
    .data                                    0x20000038   Section        4  user.o(.data)
    .data                                    0x2000003c   Section        3  uasrttft.o(.data)
    .data                                    0x2000003f   Section        1  scancode.o(.data)
    .data                                    0x20000040   Section        2  order.o(.data)
    .data                                    0x20000044   Section        4  stdout.o(.data)
    .data                                    0x20000048   Section        4  mvars.o(.data)
    .data                                    0x2000004c   Section        4  mvars.o(.data)
    .bss                                     0x20000050   Section       72  systick.o(.bss)
    .bss                                     0x20000098   Section     1280  usart.o(.bss)
    .bss                                     0x20000598   Section     3200  goods.o(.bss)
    .bss                                     0x20001218   Section      880  user.o(.bss)
    .bss                                     0x20001588   Section       32  uasrttft.o(.bss)
    .bss                                     0x200015a8   Section     7348  scancode.o(.bss)
    HEAP                                     0x20003260   Section     3840  startup_stm32f10x_hd.o(HEAP)
    STACK                                    0x20004160   Section     1024  startup_stm32f10x_hd.o(STACK)

    Global Symbols

    Symbol Name                              Value     Ov Type        Size  Object(Section)

    BuildAttributes$$THM_ISAv4$P$D$K$B$S$PE$A:L22UL41UL21$X:L11$S22US41US21$IEEE1$IW$USESV6$~STKCKD$USESV7$~SHL$OTIME$ROPI$IEEEJ$EBA8$MICROLIB$REQ8$PRES8$EABIv2 0x00000000   Number         0  anon$$obj.o ABSOLUTE
    __ARM_use_no_argv                        0x00000000   Number         0  main.o ABSOLUTE
    _printf_a                                0x00000000   Number         0  stubs.o ABSOLUTE
    _printf_c                                0x00000000   Number         0  stubs.o ABSOLUTE
    _printf_charcount                        0x00000000   Number         0  stubs.o ABSOLUTE
    _printf_d                                0x00000000   Number         0  stubs.o ABSOLUTE
    _printf_e                                0x00000000   Number         0  stubs.o ABSOLUTE
    _printf_f                                0x00000000   Number         0  stubs.o ABSOLUTE
    _printf_flags                            0x00000000   Number         0  stubs.o ABSOLUTE
    _printf_fp_dec                           0x00000000   Number         0  stubs.o ABSOLUTE
    _printf_fp_hex                           0x00000000   Number         0  stubs.o ABSOLUTE
    _printf_g                                0x00000000   Number         0  stubs.o ABSOLUTE
    _printf_i                                0x00000000   Number         0  stubs.o ABSOLUTE
    _printf_int_dec                          0x00000000   Number         0  stubs.o ABSOLUTE
    _printf_l                                0x00000000   Number         0  stubs.o ABSOLUTE
    _printf_lc                               0x00000000   Number         0  stubs.o ABSOLUTE
    _printf_ll                               0x00000000   Number         0  stubs.o ABSOLUTE
    _printf_lld                              0x00000000   Number         0  stubs.o ABSOLUTE
    _printf_lli                              0x00000000   Number         0  stubs.o ABSOLUTE
    _printf_llo                              0x00000000   Number         0  stubs.o ABSOLUTE
    _printf_llu                              0x00000000   Number         0  stubs.o ABSOLUTE
    _printf_llx                              0x00000000   Number         0  stubs.o ABSOLUTE
    _printf_longlong_dec                     0x00000000   Number         0  stubs.o ABSOLUTE
    _printf_longlong_hex                     0x00000000   Number         0  stubs.o ABSOLUTE
    _printf_longlong_oct                     0x00000000   Number         0  stubs.o ABSOLUTE
    _printf_ls                               0x00000000   Number         0  stubs.o ABSOLUTE
    _printf_mbtowc                           0x00000000   Number         0  stubs.o ABSOLUTE
    _printf_n                                0x00000000   Number         0  stubs.o ABSOLUTE
    _printf_o                                0x00000000   Number         0  stubs.o ABSOLUTE
    _printf_p                                0x00000000   Number         0  stubs.o ABSOLUTE
    _printf_percent                          0x00000000   Number         0  stubs.o ABSOLUTE
    _printf_pre_padding                      0x00000000   Number         0  stubs.o ABSOLUTE
    _printf_return_value                     0x00000000   Number         0  stubs.o ABSOLUTE
    _printf_s                                0x00000000   Number         0  stubs.o ABSOLUTE
    _printf_sizespec                         0x00000000   Number         0  stubs.o ABSOLUTE
    _printf_str                              0x00000000   Number         0  stubs.o ABSOLUTE
    _printf_truncate_signed                  0x00000000   Number         0  stubs.o ABSOLUTE
    _printf_truncate_unsigned                0x00000000   Number         0  stubs.o ABSOLUTE
    _printf_u                                0x00000000   Number         0  stubs.o ABSOLUTE
    _printf_wc                               0x00000000   Number         0  stubs.o ABSOLUTE
    _printf_wctomb                           0x00000000   Number         0  stubs.o ABSOLUTE
    _printf_widthprec                        0x00000000   Number         0  stubs.o ABSOLUTE
    _printf_x                                0x00000000   Number         0  stubs.o ABSOLUTE
    __cpp_initialize__aeabi_                  - Undefined Weak Reference
    __cxa_finalize                            - Undefined Weak Reference
    __decompress                              - Undefined Weak Reference
    _clock_init                               - Undefined Weak Reference
    _microlib_exit                            - Undefined Weak Reference
    _scanf_int                                - Undefined Weak Reference
    _scanf_longlong                           - Undefined Weak Reference
    _scanf_string                             - Undefined Weak Reference
    __Vectors_Size                           0x00000130   Number         0  startup_stm32f10x_hd.o ABSOLUTE
    __Vectors                                0x08000000   Data           4  startup_stm32f10x_hd.o(RESET)
    __Vectors_End                            0x08000130   Data           0  startup_stm32f10x_hd.o(RESET)
    __main                                   0x08000131   Thumb Code     0  entry.o(.ARM.Collect$$$$00000000)
    _main_stk                                0x08000131   Thumb Code     0  entry2.o(.ARM.Collect$$$$00000001)
    _main_scatterload                        0x08000135   Thumb Code     0  entry5.o(.ARM.Collect$$$$00000004)
    __main_after_scatterload                 0x08000139   Thumb Code     0  entry5.o(.ARM.Collect$$$$00000004)
    _main_clock                              0x08000139   Thumb Code     0  entry7b.o(.ARM.Collect$$$$00000008)
    _main_cpp_init                           0x08000139   Thumb Code     0  entry8b.o(.ARM.Collect$$$$0000000A)
    _main_init                               0x08000139   Thumb Code     0  entry9a.o(.ARM.Collect$$$$0000000B)
    __rt_final_cpp                           0x08000141   Thumb Code     0  entry10a.o(.ARM.Collect$$$$0000000D)
    __rt_final_exit                          0x08000141   Thumb Code     0  entry11a.o(.ARM.Collect$$$$0000000F)
    Reset_Handler                            0x08000145   Thumb Code     8  startup_stm32f10x_hd.o(.text)
    ADC1_2_IRQHandler                        0x0800015f   Thumb Code     0  startup_stm32f10x_hd.o(.text)
    ADC3_IRQHandler                          0x0800015f   Thumb Code     0  startup_stm32f10x_hd.o(.text)
    CAN1_RX1_IRQHandler                      0x0800015f   Thumb Code     0  startup_stm32f10x_hd.o(.text)
    CAN1_SCE_IRQHandler                      0x0800015f   Thumb Code     0  startup_stm32f10x_hd.o(.text)
    DMA1_Channel1_IRQHandler                 0x0800015f   Thumb Code     0  startup_stm32f10x_hd.o(.text)
    DMA1_Channel2_IRQHandler                 0x0800015f   Thumb Code     0  startup_stm32f10x_hd.o(.text)
    DMA1_Channel3_IRQHandler                 0x0800015f   Thumb Code     0  startup_stm32f10x_hd.o(.text)
    DMA1_Channel4_IRQHandler                 0x0800015f   Thumb Code     0  startup_stm32f10x_hd.o(.text)
    DMA1_Channel5_IRQHandler                 0x0800015f   Thumb Code     0  startup_stm32f10x_hd.o(.text)
    DMA1_Channel6_IRQHandler                 0x0800015f   Thumb Code     0  startup_stm32f10x_hd.o(.text)
    DMA1_Channel7_IRQHandler                 0x0800015f   Thumb Code     0  startup_stm32f10x_hd.o(.text)
    DMA2_Channel1_IRQHandler                 0x0800015f   Thumb Code     0  startup_stm32f10x_hd.o(.text)
    DMA2_Channel2_IRQHandler                 0x0800015f   Thumb Code     0  startup_stm32f10x_hd.o(.text)
    DMA2_Channel3_IRQHandler                 0x0800015f   Thumb Code     0  startup_stm32f10x_hd.o(.text)
    DMA2_Channel4_5_IRQHandler               0x0800015f   Thumb Code     0  startup_stm32f10x_hd.o(.text)
    EXTI0_IRQHandler                         0x0800015f   Thumb Code     0  startup_stm32f10x_hd.o(.text)
    EXTI15_10_IRQHandler                     0x0800015f   Thumb Code     0  startup_stm32f10x_hd.o(.text)
    EXTI1_IRQHandler                         0x0800015f   Thumb Code     0  startup_stm32f10x_hd.o(.text)
    EXTI2_IRQHandler                         0x0800015f   Thumb Code     0  startup_stm32f10x_hd.o(.text)
    EXTI3_IRQHandler                         0x0800015f   Thumb Code     0  startup_stm32f10x_hd.o(.text)
    EXTI4_IRQHandler                         0x0800015f   Thumb Code     0  startup_stm32f10x_hd.o(.text)
    EXTI9_5_IRQHandler                       0x0800015f   Thumb Code     0  startup_stm32f10x_hd.o(.text)
    FLASH_IRQHandler                         0x0800015f   Thumb Code     0  startup_stm32f10x_hd.o(.text)
    FSMC_IRQHandler                          0x0800015f   Thumb Code     0  startup_stm32f10x_hd.o(.text)
    I2C1_ER_IRQHandler                       0x0800015f   Thumb Code     0  startup_stm32f10x_hd.o(.text)
    I2C1_EV_IRQHandler                       0x0800015f   Thumb Code     0  startup_stm32f10x_hd.o(.text)
    I2C2_ER_IRQHandler                       0x0800015f   Thumb Code     0  startup_stm32f10x_hd.o(.text)
    I2C2_EV_IRQHandler                       0x0800015f   Thumb Code     0  startup_stm32f10x_hd.o(.text)
    PVD_IRQHandler                           0x0800015f   Thumb Code     0  startup_stm32f10x_hd.o(.text)
    RCC_IRQHandler                           0x0800015f   Thumb Code     0  startup_stm32f10x_hd.o(.text)
    RTCAlarm_IRQHandler                      0x0800015f   Thumb Code     0  startup_stm32f10x_hd.o(.text)
    RTC_IRQHandler                           0x0800015f   Thumb Code     0  startup_stm32f10x_hd.o(.text)
    SDIO_IRQHandler                          0x0800015f   Thumb Code     0  startup_stm32f10x_hd.o(.text)
    SPI1_IRQHandler                          0x0800015f   Thumb Code     0  startup_stm32f10x_hd.o(.text)
    SPI2_IRQHandler                          0x0800015f   Thumb Code     0  startup_stm32f10x_hd.o(.text)
    SPI3_IRQHandler                          0x0800015f   Thumb Code     0  startup_stm32f10x_hd.o(.text)
    TAMPER_IRQHandler                        0x0800015f   Thumb Code     0  startup_stm32f10x_hd.o(.text)
    TIM1_BRK_IRQHandler                      0x0800015f   Thumb Code     0  startup_stm32f10x_hd.o(.text)
    TIM1_CC_IRQHandler                       0x0800015f   Thumb Code     0  startup_stm32f10x_hd.o(.text)
    TIM1_TRG_COM_IRQHandler                  0x0800015f   Thumb Code     0  startup_stm32f10x_hd.o(.text)
    TIM1_UP_IRQHandler                       0x0800015f   Thumb Code     0  startup_stm32f10x_hd.o(.text)
    TIM2_IRQHandler                          0x0800015f   Thumb Code     0  startup_stm32f10x_hd.o(.text)
    TIM3_IRQHandler                          0x0800015f   Thumb Code     0  startup_stm32f10x_hd.o(.text)
    TIM4_IRQHandler                          0x0800015f   Thumb Code     0  startup_stm32f10x_hd.o(.text)
    TIM5_IRQHandler                          0x0800015f   Thumb Code     0  startup_stm32f10x_hd.o(.text)
    TIM6_IRQHandler                          0x0800015f   Thumb Code     0  startup_stm32f10x_hd.o(.text)
    TIM7_IRQHandler                          0x0800015f   Thumb Code     0  startup_stm32f10x_hd.o(.text)
    TIM8_BRK_IRQHandler                      0x0800015f   Thumb Code     0  startup_stm32f10x_hd.o(.text)
    TIM8_CC_IRQHandler                       0x0800015f   Thumb Code     0  startup_stm32f10x_hd.o(.text)
    TIM8_TRG_COM_IRQHandler                  0x0800015f   Thumb Code     0  startup_stm32f10x_hd.o(.text)
    TIM8_UP_IRQHandler                       0x0800015f   Thumb Code     0  startup_stm32f10x_hd.o(.text)
    USBWakeUp_IRQHandler                     0x0800015f   Thumb Code     0  startup_stm32f10x_hd.o(.text)
    USB_HP_CAN1_TX_IRQHandler                0x0800015f   Thumb Code     0  startup_stm32f10x_hd.o(.text)
    USB_LP_CAN1_RX0_IRQHandler               0x0800015f   Thumb Code     0  startup_stm32f10x_hd.o(.text)
    WWDG_IRQHandler                          0x0800015f   Thumb Code     0  startup_stm32f10x_hd.o(.text)
    tolower                                  0x08000169   Thumb Code    12  tolower.o(.text)
    __aeabi_memcpy                           0x08000175   Thumb Code    36  memcpya.o(.text)
    __aeabi_memcpy4                          0x08000175   Thumb Code     0  memcpya.o(.text)
    __aeabi_memcpy8                          0x08000175   Thumb Code     0  memcpya.o(.text)
    __aeabi_memset                           0x08000199   Thumb Code    14  memseta.o(.text)
    __aeabi_memset4                          0x08000199   Thumb Code     0  memseta.o(.text)
    __aeabi_memset8                          0x08000199   Thumb Code     0  memseta.o(.text)
    __aeabi_memclr                           0x080001a7   Thumb Code     4  memseta.o(.text)
    __aeabi_memclr4                          0x080001a7   Thumb Code     0  memseta.o(.text)
    __aeabi_memclr8                          0x080001a7   Thumb Code     0  memseta.o(.text)
    _memset$wrapper                          0x080001ab   Thumb Code    18  memseta.o(.text)
    strcat                                   0x080001bd   Thumb Code    24  strcat.o(.text)
    strlen                                   0x080001d5   Thumb Code    14  strlen.o(.text)
    strcmp                                   0x080001e3   Thumb Code    28  strcmp.o(.text)
    strcpy                                   0x080001ff   Thumb Code    18  strcpy.o(.text)
    strncmp                                  0x08000211   Thumb Code    30  strncmp.o(.text)
    __0sscanf                                0x08000231   Thumb Code    48  __0sscanf.o(.text)
    _scanf_real                              0x08000369   Thumb Code     0  scanf_fp.o(.text)
    _scanf_really_real                       0x08000369   Thumb Code   556  scanf_fp.o(.text)
    __aeabi_fadd                             0x080005a1   Thumb Code   164  fadd.o(.text)
    __aeabi_fsub                             0x08000645   Thumb Code     6  fadd.o(.text)
    __aeabi_frsub                            0x0800064b   Thumb Code     6  fadd.o(.text)
    __aeabi_fmul                             0x08000651   Thumb Code   100  fmul.o(.text)
    __aeabi_fdiv                             0x080006b5   Thumb Code   124  fdiv.o(.text)
    __aeabi_dadd                             0x08000731   Thumb Code   322  dadd.o(.text)
    __aeabi_dsub                             0x08000873   Thumb Code     6  dadd.o(.text)
    __aeabi_drsub                            0x08000879   Thumb Code     6  dadd.o(.text)
    __aeabi_dmul                             0x0800087f   Thumb Code   228  dmul.o(.text)
    __aeabi_i2f                              0x08000963   Thumb Code    18  fflti.o(.text)
    __aeabi_i2d                              0x08000975   Thumb Code    34  dflti.o(.text)
    __aeabi_ui2d                             0x08000997   Thumb Code    26  dfltui.o(.text)
    __aeabi_f2uiz                            0x080009b1   Thumb Code    40  ffixui.o(.text)
    __aeabi_d2iz                             0x080009d9   Thumb Code    62  dfixi.o(.text)
    __aeabi_f2d                              0x08000a17   Thumb Code    38  f2d.o(.text)
    __aeabi_cdcmpeq                          0x08000a3d   Thumb Code     0  cdcmple.o(.text)
    __aeabi_cdcmple                          0x08000a3d   Thumb Code    48  cdcmple.o(.text)
    __aeabi_cdrcmple                         0x08000a6d   Thumb Code    48  cdrcmple.o(.text)
    __aeabi_d2f                              0x08000a9d   Thumb Code    56  d2f.o(.text)
    __aeabi_uidiv                            0x08000ad5   Thumb Code     0  uidiv.o(.text)
    __aeabi_uidivmod                         0x08000ad5   Thumb Code    44  uidiv.o(.text)
    __aeabi_uldivmod                         0x08000b01   Thumb Code    98  uldiv.o(.text)
    __aeabi_llsl                             0x08000b63   Thumb Code    30  llshl.o(.text)
    _ll_shift_l                              0x08000b63   Thumb Code     0  llshl.o(.text)
    __aeabi_llsr                             0x08000b81   Thumb Code    32  llushr.o(.text)
    _ll_ushift_r                             0x08000b81   Thumb Code     0  llushr.o(.text)
    __aeabi_lasr                             0x08000ba1   Thumb Code    36  llsshr.o(.text)
    _ll_sshift_r                             0x08000ba1   Thumb Code     0  llsshr.o(.text)
    __rt_ctype_table                         0x08000bc5   Thumb Code     4  ctype_o.o(.text)
    isspace                                  0x08000bcd   Thumb Code    18  isspace_o.o(.text)
    __vfscanf_char                           0x08000bed   Thumb Code    20  scanf_char.o(.text)
    _sgetc                                   0x08000c09   Thumb Code    30  _sgetc.o(.text)
    _sbackspace                              0x08000c27   Thumb Code    34  _sgetc.o(.text)
    __strtod_int                             0x08000c7f   Thumb Code    88  strtod.o(.text)
    __I$use$fp                               0x08000ce5   Thumb Code     0  iusefp.o(.text)
    _float_round                             0x08000ce5   Thumb Code    18  fepilogue.o(.text)
    _float_epilogue                          0x08000cf7   Thumb Code    92  fepilogue.o(.text)
    _double_round                            0x08000d53   Thumb Code    30  depilogue.o(.text)
    _double_epilogue                         0x08000d71   Thumb Code   156  depilogue.o(.text)
    __aeabi_ddiv                             0x08000e0d   Thumb Code   222  ddiv.o(.text)
    __aeabi_ul2d                             0x08000eeb   Thumb Code    24  dfltul.o(.text)
    __aeabi_d2ulz                            0x08000f03   Thumb Code    48  dfixul.o(.text)
    __scatterload                            0x08000f35   Thumb Code    28  init.o(.text)
    __scatterload_rt2                        0x08000f35   Thumb Code     0  init.o(.text)
    __vfscanf                                0x08000f59   Thumb Code   808  _scanf.o(.text)
    BusFault_Handler                         0x08001285   Thumb Code     4  stm32f10x_it.o(i.BusFault_Handler)
    CalculateIndent                          0x08001289   Thumb Code   422  scancode.o(i.CalculateIndent)
    DebugMon_Handler                         0x080014e9   Thumb Code     2  stm32f10x_it.o(i.DebugMon_Handler)
    DelayMs                                  0x080014ed   Thumb Code    16  systick.o(i.DelayMs)
    DisposeReturnData                        0x08001501   Thumb Code    12  openmv.o(i.DisposeReturnData)
    DisposeUsartTTFT                         0x0800150d   Thumb Code   138  uasrttft.o(i.DisposeUsartTTFT)
    Door_OFF                                 0x080015d5   Thumb Code    10  servo.o(i.Door_OFF)
    Door_ON                                  0x080015e5   Thumb Code    10  servo.o(i.Door_ON)
    GPIO_Init                                0x080015ef   Thumb Code   278  stm32f10x_gpio.o(i.GPIO_Init)
    HardFault_Handler                        0x08001705   Thumb Code     4  stm32f10x_it.o(i.HardFault_Handler)
    MemManage_Handler                        0x08001709   Thumb Code     4  stm32f10x_it.o(i.MemManage_Handler)
    NMI_Handler                              0x0800170d   Thumb Code     2  stm32f10x_it.o(i.NMI_Handler)
    NVIC_Init                                0x08001711   Thumb Code   100  misc.o(i.NVIC_Init)
    NVIC_PriorityGroupConfig                 0x08001781   Thumb Code    10  misc.o(i.NVIC_PriorityGroupConfig)
    PendSV_Handler                           0x08001795   Thumb Code     2  stm32f10x_it.o(i.PendSV_Handler)
    RCC_APB1PeriphClockCmd                   0x08001799   Thumb Code    26  stm32f10x_rcc.o(i.RCC_APB1PeriphClockCmd)
    RCC_APB2PeriphClockCmd                   0x080017b9   Thumb Code    26  stm32f10x_rcc.o(i.RCC_APB2PeriphClockCmd)
    RCC_GetClocksFreq                        0x080017d9   Thumb Code   192  stm32f10x_rcc.o(i.RCC_GetClocksFreq)
    RunAllTask                               0x080018ad   Thumb Code    28  main.o(i.RunAllTask)
    SVC_Handler                              0x080018c9   Thumb Code     2  stm32f10x_it.o(i.SVC_Handler)
    Save_Goods_falsh                         0x080018cd   Thumb Code   320  goods.o(i.Save_Goods_falsh)
    Save_user_falsh                          0x08001b29   Thumb Code    40  user.o(i.Save_user_falsh)
    Servo_Init                               0x08001b71   Thumb Code   146  servo.o(i.Servo_Init)
    Servo_angle                              0x08001c09   Thumb Code    52  servo.o(i.Servo_angle)
    Startbill                                0x08001d31   Thumb Code    28  scancode.o(i.Startbill)
    SysInit                                  0x08001d6d   Thumb Code    24  system.o(i.SysInit)
    SysTick_Handler                          0x08001d85   Thumb Code    38  systick.o(i.SysTick_Handler)
    SystemInit                               0x08001db1   Thumb Code    78  system_stm32f10x.o(i.SystemInit)
    SystickInit                              0x08001e11   Thumb Code    96  systick.o(i.SystickInit)
    TIM_Cmd                                  0x08001e81   Thumb Code    24  stm32f10x_tim.o(i.TIM_Cmd)
    TIM_InternalClockConfig                  0x08001e99   Thumb Code    12  stm32f10x_tim.o(i.TIM_InternalClockConfig)
    TIM_OC2Init                              0x08001ea5   Thumb Code   154  stm32f10x_tim.o(i.TIM_OC2Init)
    TIM_OCStructInit                         0x08001f49   Thumb Code    20  stm32f10x_tim.o(i.TIM_OCStructInit)
    TIM_SetCompare2                          0x08001f5d   Thumb Code     4  stm32f10x_tim.o(i.TIM_SetCompare2)
    TIM_TimeBaseInit                         0x08001f61   Thumb Code   122  stm32f10x_tim.o(i.TIM_TimeBaseInit)
    Task1                                    0x08002005   Thumb Code    50  task.o(i.Task1)
    Task2                                    0x08002049   Thumb Code    32  task.o(i.Task2)
    UART4_IRQHandler                         0x08002075   Thumb Code    58  usart.o(i.UART4_IRQHandler)
    UART4_RecProcess                         0x080020c1   Thumb Code    58  usart.o(i.UART4_RecProcess)
    UART5_IRQHandler                         0x08002109   Thumb Code    58  usart.o(i.UART5_IRQHandler)
    USART1_IRQHandler                        0x08002155   Thumb Code    58  usart.o(i.USART1_IRQHandler)
    USART1_RecProcess                        0x080021a1   Thumb Code    58  usart.o(i.USART1_RecProcess)
    USART2_IRQHandler                        0x080021e9   Thumb Code    58  usart.o(i.USART2_IRQHandler)
    USART2_RecProcess                        0x08002235   Thumb Code    58  usart.o(i.USART2_RecProcess)
    USART3_IRQHandler                        0x0800227d   Thumb Code    58  usart.o(i.USART3_IRQHandler)
    USART3_RecProcess                        0x080022c9   Thumb Code    58  usart.o(i.USART3_RecProcess)
    USART_ClearFlag                          0x08002311   Thumb Code    18  stm32f10x_usart.o(i.USART_ClearFlag)
    USART_ClearITPendingBit                  0x08002323   Thumb Code    30  stm32f10x_usart.o(i.USART_ClearITPendingBit)
    USART_Cmd                                0x08002341   Thumb Code    24  stm32f10x_usart.o(i.USART_Cmd)
    USART_GetFlagStatus                      0x08002359   Thumb Code    26  stm32f10x_usart.o(i.USART_GetFlagStatus)
    USART_GetITStatus                        0x08002373   Thumb Code    84  stm32f10x_usart.o(i.USART_GetITStatus)
    USART_ITConfig                           0x080023c7   Thumb Code    74  stm32f10x_usart.o(i.USART_ITConfig)
    USART_Init                               0x08002411   Thumb Code   210  stm32f10x_usart.o(i.USART_Init)
    USART_ReceiveData                        0x080024e9   Thumb Code    10  stm32f10x_usart.o(i.USART_ReceiveData)
    USART_SendData                           0x080024f3   Thumb Code     8  stm32f10x_usart.o(i.USART_SendData)
    UpdateIndent                             0x080024fd   Thumb Code   132  scancode.o(i.UpdateIndent)
    UsageFault_Handler                       0x08002589   Thumb Code     4  stm32f10x_it.o(i.UsageFault_Handler)
    __0printf                                0x0800258d   Thumb Code    22  printfa.o(i.__0printf)
    __1printf                                0x0800258d   Thumb Code     0  printfa.o(i.__0printf)
    __2printf                                0x0800258d   Thumb Code     0  printfa.o(i.__0printf)
    __c89printf                              0x0800258d   Thumb Code     0  printfa.o(i.__0printf)
    printf                                   0x0800258d   Thumb Code     0  printfa.o(i.__0printf)
    __0snprintf                              0x080025ad   Thumb Code    36  printfa.o(i.__0snprintf)
    __1snprintf                              0x080025ad   Thumb Code     0  printfa.o(i.__0snprintf)
    __2snprintf                              0x080025ad   Thumb Code     0  printfa.o(i.__0snprintf)
    __c89snprintf                            0x080025ad   Thumb Code     0  printfa.o(i.__0snprintf)
    snprintf                                 0x080025ad   Thumb Code     0  printfa.o(i.__0snprintf)
    __0sprintf                               0x080025d5   Thumb Code    34  printfa.o(i.__0sprintf)
    __1sprintf                               0x080025d5   Thumb Code     0  printfa.o(i.__0sprintf)
    __2sprintf                               0x080025d5   Thumb Code     0  printfa.o(i.__0sprintf)
    __c89sprintf                             0x080025d5   Thumb Code     0  printfa.o(i.__0sprintf)
    sprintf                                  0x080025d5   Thumb Code     0  printfa.o(i.__0sprintf)
    free                                     0x080025fd   Thumb Code    88  mallocr.o(i.__free$realloc)
    malloc                                   0x08002659   Thumb Code    64  mallocr.o(i.__malloc$realloc)
    __scatterload_copy                       0x080026a9   Thumb Code    14  handlers.o(i.__scatterload_copy)
    __scatterload_null                       0x080026b7   Thumb Code     2  handlers.o(i.__scatterload_null)
    __scatterload_zeroinit                   0x080026b9   Thumb Code    14  handlers.o(i.__scatterload_zeroinit)
    _is_digit                                0x0800282d   Thumb Code    14  scanf_fp.o(i._is_digit)
    cJSON_AddNumberToObject                  0x08003085   Thumb Code    56  cjson.o(i.cJSON_AddNumberToObject)
    cJSON_CreateNumber                       0x080030c1   Thumb Code    82  cjson.o(i.cJSON_CreateNumber)
    cJSON_CreateObject                       0x08003125   Thumb Code    20  cjson.o(i.cJSON_CreateObject)
    cJSON_Delete                             0x0800313d   Thumb Code    84  cjson.o(i.cJSON_Delete)
    cJSON_GetObjectItem                      0x08003195   Thumb Code    18  cjson.o(i.cJSON_GetObjectItem)
    cJSON_Parse                              0x080031c1   Thumb Code    16  cjson.o(i.cJSON_Parse)
    cJSON_ParseWithLengthOpts                0x080031d1   Thumb Code   204  cjson.o(i.cJSON_ParseWithLengthOpts)
    cJSON_ParseWithOpts                      0x080032a5   Thumb Code    40  cjson.o(i.cJSON_ParseWithOpts)
    cJSON_Print                              0x080032cd   Thumb Code    16  cjson.o(i.cJSON_Print)
    cJSON_free                               0x080032e1   Thumb Code    14  cjson.o(i.cJSON_free)
    change_discount                          0x08003379   Thumb Code     8  scancode.o(i.change_discount)
    fputc                                    0x080034b1   Thumb Code    32  usart.o(i.fputc)
    init_all                                 0x0800352b   Thumb Code    52  main.o(i.init_all)
    init_indent                              0x08003561   Thumb Code    32  scancode.o(i.init_indent)
    init_uart4                               0x08003589   Thumb Code   174  usart.o(i.init_uart4)
    init_usart1                              0x08003641   Thumb Code   168  usart.o(i.init_usart1)
    init_usart2                              0x080036f1   Thumb Code   170  usart.o(i.init_usart2)
    init_usart3                              0x080037a5   Thumb Code   174  usart.o(i.init_usart3)
    is_CodeType                              0x080038ad   Thumb Code    22  scancode.o(i.is_CodeType)
    main                                     0x080038c9   Thumb Code    16  main.o(i.main)
    realloc                                  0x08004621   Thumb Code   102  mallocr.o(i.realloc)
    receive_order                            0x0800468d   Thumb Code   282  order.o(i.receive_order)
    send_indent                              0x08004821   Thumb Code   220  uasrttft.o(i.send_indent)
    setCodePage                              0x08004995   Thumb Code     6  scancode.o(i.setCodePage)
    setReturnOpenmv                          0x080049a1   Thumb Code    26  uasrttft.o(i.setReturnOpenmv)
    setScanCode                              0x080049c9   Thumb Code    24  scancode.o(i.setScanCode)
    strart_face                              0x08004a25   Thumb Code    12  openmv.o(i.strart_face)
    strtod                                   0x08004a39   Thumb Code    28  strtod.o(i.strtod)
    update_code                              0x08004a5d   Thumb Code    90  order.o(i.update_code)
    usart_send_byte                          0x08004b09   Thumb Code    30  usart.o(i.usart_send_byte)
    usart_send_string                        0x08004b27   Thumb Code    28  usart.o(i.usart_send_string)
    ConstTaskTime                            0x08004c70   Data          16  task.o(.constdata)
    __ctype_table                            0x08004c80   Data         129  ctype_o.o(.constdata)
    Region$$Table$$Base                      0x08004d08   Number         0  anon$$obj.o(Region$$Table)
    Region$$Table$$Limit                     0x08004d28   Number         0  anon$$obj.o(Region$$Table)
    usart1_pos                               0x20000028   Data           2  usart.o(.data)
    usart2_pos                               0x2000002a   Data           2  usart.o(.data)
    usart3_pos                               0x2000002c   Data           2  usart.o(.data)
    uart4_pos                                0x2000002e   Data           2  usart.o(.data)
    uart5_pos                                0x20000030   Data           2  usart.o(.data)
    Goodsnum                                 0x20000034   Data           4  goods.o(.data)
    UserNum                                  0x20000038   Data           4  user.o(.data)
    is_facing                                0x2000003c   Data           1  uasrttft.o(.data)
    is_return_openmv                         0x2000003d   Data           1  uasrttft.o(.data)
    is_return_page                           0x2000003e   Data           1  uasrttft.o(.data)
    is_CodePage                              0x2000003f   Data           1  scancode.o(.data)
    is_EIC                                   0x20000040   Data           1  order.o(.data)
    is_door                                  0x20000041   Data           1  order.o(.data)
    __stdout                                 0x20000044   Data           4  stdout.o(.data)
    __microlib_freelist                      0x20000048   Data           4  mvars.o(.data)
    __microlib_freelist_initialised          0x2000004c   Data           4  mvars.o(.data)
    sysTimer                                 0x20000050   Data          72  systick.o(.bss)
    usart1_rx_buf                            0x20000098   Data         256  usart.o(.bss)
    usart2_rx_buf                            0x20000198   Data         256  usart.o(.bss)
    usart3_rx_buf                            0x20000298   Data         256  usart.o(.bss)
    uart4_rx_buf                             0x20000398   Data         256  usart.o(.bss)
    uart5_rx_buf                             0x20000498   Data         256  usart.o(.bss)
    goods                                    0x20000598   Data        3200  goods.o(.bss)
    user                                     0x20001218   Data         880  user.o(.bss)
    OpenmvReturnData                         0x20001588   Data          32  uasrttft.o(.bss)
    ScanCode                                 0x200015a8   Data         128  scancode.o(.bss)
    indent                                   0x20001628   Data        7220  scancode.o(.bss)
    __heap_base                              0x20003260   Data           0  startup_stm32f10x_hd.o(HEAP)
    __heap_limit                             0x20004160   Data           0  startup_stm32f10x_hd.o(HEAP)
    __initial_sp                             0x20004560   Data           0  startup_stm32f10x_hd.o(STACK)



==============================================================================

Memory Map of the image

  Image Entry point : 0x08000131

  Load Region LR_IROM1 (Base: 0x08000000, Size: 0x00004d78, Max: 0x00080000, ABSOLUTE)

    Execution Region ER_IROM1 (Exec base: 0x08000000, Load base: 0x08000000, Size: 0x00004d28, Max: 0x00080000, ABSOLUTE)

    Exec Addr    Load Addr    Size         Type   Attr      Idx    E Section Name        Object

    0x08000000   0x08000000   0x00000130   Data   RO            3    RESET               startup_stm32f10x_hd.o
    0x08000130   0x08000130   0x00000000   Code   RO         4653  * .ARM.Collect$$$$00000000  mc_w.l(entry.o)
    0x08000130   0x08000130   0x00000004   Code   RO         4999    .ARM.Collect$$$$00000001  mc_w.l(entry2.o)
    0x08000134   0x08000134   0x00000004   Code   RO         5002    .ARM.Collect$$$$00000004  mc_w.l(entry5.o)
    0x08000138   0x08000138   0x00000000   Code   RO         5004    .ARM.Collect$$$$00000008  mc_w.l(entry7b.o)
    0x08000138   0x08000138   0x00000000   Code   RO         5006    .ARM.Collect$$$$0000000A  mc_w.l(entry8b.o)
    0x08000138   0x08000138   0x00000008   Code   RO         5007    .ARM.Collect$$$$0000000B  mc_w.l(entry9a.o)
    0x08000140   0x08000140   0x00000000   Code   RO         5009    .ARM.Collect$$$$0000000D  mc_w.l(entry10a.o)
    0x08000140   0x08000140   0x00000000   Code   RO         5011    .ARM.Collect$$$$0000000F  mc_w.l(entry11a.o)
    0x08000140   0x08000140   0x00000004   Code   RO         5000    .ARM.Collect$$$$00002712  mc_w.l(entry2.o)
    0x08000144   0x08000144   0x00000024   Code   RO            4    .text               startup_stm32f10x_hd.o
    0x08000168   0x08000168   0x0000000c   Code   RO         4656    .text               mc_w.l(tolower.o)
    0x08000174   0x08000174   0x00000024   Code   RO         4658    .text               mc_w.l(memcpya.o)
    0x08000198   0x08000198   0x00000024   Code   RO         4660    .text               mc_w.l(memseta.o)
    0x080001bc   0x080001bc   0x00000018   Code   RO         4662    .text               mc_w.l(strcat.o)
    0x080001d4   0x080001d4   0x0000000e   Code   RO         4664    .text               mc_w.l(strlen.o)
    0x080001e2   0x080001e2   0x0000001c   Code   RO         4666    .text               mc_w.l(strcmp.o)
    0x080001fe   0x080001fe   0x00000012   Code   RO         4668    .text               mc_w.l(strcpy.o)
    0x08000210   0x08000210   0x0000001e   Code   RO         4670    .text               mc_w.l(strncmp.o)
    0x0800022e   0x0800022e   0x00000002   PAD
    0x08000230   0x08000230   0x00000038   Code   RO         4963    .text               mc_w.l(__0sscanf.o)
    0x08000268   0x08000268   0x00000338   Code   RO         4965    .text               mc_w.l(scanf_fp.o)
    0x080005a0   0x080005a0   0x000000b0   Code   RO         4971    .text               mf_w.l(fadd.o)
    0x08000650   0x08000650   0x00000064   Code   RO         4973    .text               mf_w.l(fmul.o)
    0x080006b4   0x080006b4   0x0000007c   Code   RO         4975    .text               mf_w.l(fdiv.o)
    0x08000730   0x08000730   0x0000014e   Code   RO         4977    .text               mf_w.l(dadd.o)
    0x0800087e   0x0800087e   0x000000e4   Code   RO         4979    .text               mf_w.l(dmul.o)
    0x08000962   0x08000962   0x00000012   Code   RO         4981    .text               mf_w.l(fflti.o)
    0x08000974   0x08000974   0x00000022   Code   RO         4983    .text               mf_w.l(dflti.o)
    0x08000996   0x08000996   0x0000001a   Code   RO         4985    .text               mf_w.l(dfltui.o)
    0x080009b0   0x080009b0   0x00000028   Code   RO         4987    .text               mf_w.l(ffixui.o)
    0x080009d8   0x080009d8   0x0000003e   Code   RO         4989    .text               mf_w.l(dfixi.o)
    0x08000a16   0x08000a16   0x00000026   Code   RO         4991    .text               mf_w.l(f2d.o)
    0x08000a3c   0x08000a3c   0x00000030   Code   RO         4993    .text               mf_w.l(cdcmple.o)
    0x08000a6c   0x08000a6c   0x00000030   Code   RO         4995    .text               mf_w.l(cdrcmple.o)
    0x08000a9c   0x08000a9c   0x00000038   Code   RO         4997    .text               mf_w.l(d2f.o)
    0x08000ad4   0x08000ad4   0x0000002c   Code   RO         5014    .text               mc_w.l(uidiv.o)
    0x08000b00   0x08000b00   0x00000062   Code   RO         5016    .text               mc_w.l(uldiv.o)
    0x08000b62   0x08000b62   0x0000001e   Code   RO         5018    .text               mc_w.l(llshl.o)
    0x08000b80   0x08000b80   0x00000020   Code   RO         5020    .text               mc_w.l(llushr.o)
    0x08000ba0   0x08000ba0   0x00000024   Code   RO         5022    .text               mc_w.l(llsshr.o)
    0x08000bc4   0x08000bc4   0x00000008   Code   RO         5024    .text               mc_w.l(ctype_o.o)
    0x08000bcc   0x08000bcc   0x00000012   Code   RO         5046    .text               mc_w.l(isspace_o.o)
    0x08000bde   0x08000bde   0x00000002   PAD
    0x08000be0   0x08000be0   0x00000028   Code   RO         5061    .text               mc_w.l(scanf_char.o)
    0x08000c08   0x08000c08   0x00000040   Code   RO         5063    .text               mc_w.l(_sgetc.o)
    0x08000c48   0x08000c48   0x0000009c   Code   RO         5067    .text               mc_w.l(strtod.o)
    0x08000ce4   0x08000ce4   0x00000000   Code   RO         5069    .text               mc_w.l(iusefp.o)
    0x08000ce4   0x08000ce4   0x0000006e   Code   RO         5070    .text               mf_w.l(fepilogue.o)
    0x08000d52   0x08000d52   0x000000ba   Code   RO         5072    .text               mf_w.l(depilogue.o)
    0x08000e0c   0x08000e0c   0x000000de   Code   RO         5074    .text               mf_w.l(ddiv.o)
    0x08000eea   0x08000eea   0x00000018   Code   RO         5076    .text               mf_w.l(dfltul.o)
    0x08000f02   0x08000f02   0x00000030   Code   RO         5078    .text               mf_w.l(dfixul.o)
    0x08000f32   0x08000f32   0x00000002   PAD
    0x08000f34   0x08000f34   0x00000024   Code   RO         5080    .text               mc_w.l(init.o)
    0x08000f58   0x08000f58   0x0000032c   Code   RO         5086    .text               mc_w.l(_scanf.o)
    0x08001284   0x08001284   0x00000004   Code   RO         4570    i.BusFault_Handler  stm32f10x_it.o
    0x08001288   0x08001288   0x00000260   Code   RO         4449    i.CalculateIndent   scancode.o
    0x080014e8   0x080014e8   0x00000002   Code   RO         4571    i.DebugMon_Handler  stm32f10x_it.o
    0x080014ea   0x080014ea   0x00000002   PAD
    0x080014ec   0x080014ec   0x00000014   Code   RO         3924    i.DelayMs           systick.o
    0x08001500   0x08001500   0x0000000c   Code   RO         4237    i.DisposeReturnData  openmv.o
    0x0800150c   0x0800150c   0x000000c8   Code   RO         4391    i.DisposeUsartTTFT  uasrttft.o
    0x080015d4   0x080015d4   0x00000010   Code   RO         4419    i.Door_OFF          servo.o
    0x080015e4   0x080015e4   0x0000000a   Code   RO         4420    i.Door_ON           servo.o
    0x080015ee   0x080015ee   0x00000116   Code   RO         1292    i.GPIO_Init         stm32f10x_gpio.o
    0x08001704   0x08001704   0x00000004   Code   RO         4572    i.HardFault_Handler  stm32f10x_it.o
    0x08001708   0x08001708   0x00000004   Code   RO         4573    i.MemManage_Handler  stm32f10x_it.o
    0x0800170c   0x0800170c   0x00000002   Code   RO         4574    i.NMI_Handler       stm32f10x_it.o
    0x0800170e   0x0800170e   0x00000002   PAD
    0x08001710   0x08001710   0x00000070   Code   RO          137    i.NVIC_Init         misc.o
    0x08001780   0x08001780   0x00000014   Code   RO          138    i.NVIC_PriorityGroupConfig  misc.o
    0x08001794   0x08001794   0x00000002   Code   RO         4575    i.PendSV_Handler    stm32f10x_it.o
    0x08001796   0x08001796   0x00000002   PAD
    0x08001798   0x08001798   0x00000020   Code   RO         1708    i.RCC_APB1PeriphClockCmd  stm32f10x_rcc.o
    0x080017b8   0x080017b8   0x00000020   Code   RO         1710    i.RCC_APB2PeriphClockCmd  stm32f10x_rcc.o
    0x080017d8   0x080017d8   0x000000d4   Code   RO         1718    i.RCC_GetClocksFreq  stm32f10x_rcc.o
    0x080018ac   0x080018ac   0x0000001c   Code   RO         4543    i.RunAllTask        main.o
    0x080018c8   0x080018c8   0x00000002   Code   RO         4576    i.SVC_Handler       stm32f10x_it.o
    0x080018ca   0x080018ca   0x00000002   PAD
    0x080018cc   0x080018cc   0x0000025c   Code   RO         4168    i.Save_Goods_falsh  goods.o
    0x08001b28   0x08001b28   0x00000048   Code   RO         4203    i.Save_user_falsh   user.o
    0x08001b70   0x08001b70   0x00000098   Code   RO         4421    i.Servo_Init        servo.o
    0x08001c08   0x08001c08   0x00000040   Code   RO         4422    i.Servo_angle       servo.o
    0x08001c48   0x08001c48   0x00000008   Code   RO           24    i.SetSysClock       system_stm32f10x.o
    0x08001c50   0x08001c50   0x000000e0   Code   RO           25    i.SetSysClockTo72   system_stm32f10x.o
    0x08001d30   0x08001d30   0x0000003c   Code   RO         4450    i.Startbill         scancode.o
    0x08001d6c   0x08001d6c   0x00000018   Code   RO         3839    i.SysInit           system.o
    0x08001d84   0x08001d84   0x0000002c   Code   RO         3926    i.SysTick_Handler   systick.o
    0x08001db0   0x08001db0   0x00000060   Code   RO           27    i.SystemInit        system_stm32f10x.o
    0x08001e10   0x08001e10   0x00000070   Code   RO         3927    i.SystickInit       systick.o
    0x08001e80   0x08001e80   0x00000018   Code   RO         2342    i.TIM_Cmd           stm32f10x_tim.o
    0x08001e98   0x08001e98   0x0000000c   Code   RO         2369    i.TIM_InternalClockConfig  stm32f10x_tim.o
    0x08001ea4   0x08001ea4   0x000000a4   Code   RO         2376    i.TIM_OC2Init       stm32f10x_tim.o
    0x08001f48   0x08001f48   0x00000014   Code   RO         2389    i.TIM_OCStructInit  stm32f10x_tim.o
    0x08001f5c   0x08001f5c   0x00000004   Code   RO         2404    i.TIM_SetCompare2   stm32f10x_tim.o
    0x08001f60   0x08001f60   0x000000a4   Code   RO         2413    i.TIM_TimeBaseInit  stm32f10x_tim.o
    0x08002004   0x08002004   0x00000044   Code   RO         3964    i.Task1             task.o
    0x08002048   0x08002048   0x0000002c   Code   RO         3965    i.Task2             task.o
    0x08002074   0x08002074   0x0000004c   Code   RO         3997    i.UART4_IRQHandler  usart.o
    0x080020c0   0x080020c0   0x00000048   Code   RO         3998    i.UART4_RecProcess  usart.o
    0x08002108   0x08002108   0x0000004c   Code   RO         3999    i.UART5_IRQHandler  usart.o
    0x08002154   0x08002154   0x0000004c   Code   RO         4000    i.USART1_IRQHandler  usart.o
    0x080021a0   0x080021a0   0x00000048   Code   RO         4001    i.USART1_RecProcess  usart.o
    0x080021e8   0x080021e8   0x0000004c   Code   RO         4002    i.USART2_IRQHandler  usart.o
    0x08002234   0x08002234   0x00000048   Code   RO         4003    i.USART2_RecProcess  usart.o
    0x0800227c   0x0800227c   0x0000004c   Code   RO         4004    i.USART3_IRQHandler  usart.o
    0x080022c8   0x080022c8   0x00000048   Code   RO         4005    i.USART3_RecProcess  usart.o
    0x08002310   0x08002310   0x00000012   Code   RO         2874    i.USART_ClearFlag   stm32f10x_usart.o
    0x08002322   0x08002322   0x0000001e   Code   RO         2875    i.USART_ClearITPendingBit  stm32f10x_usart.o
    0x08002340   0x08002340   0x00000018   Code   RO         2878    i.USART_Cmd         stm32f10x_usart.o
    0x08002358   0x08002358   0x0000001a   Code   RO         2881    i.USART_GetFlagStatus  stm32f10x_usart.o
    0x08002372   0x08002372   0x00000054   Code   RO         2882    i.USART_GetITStatus  stm32f10x_usart.o
    0x080023c6   0x080023c6   0x0000004a   Code   RO         2884    i.USART_ITConfig    stm32f10x_usart.o
    0x08002410   0x08002410   0x000000d8   Code   RO         2885    i.USART_Init        stm32f10x_usart.o
    0x080024e8   0x080024e8   0x0000000a   Code   RO         2892    i.USART_ReceiveData  stm32f10x_usart.o
    0x080024f2   0x080024f2   0x00000008   Code   RO         2895    i.USART_SendData    stm32f10x_usart.o
    0x080024fa   0x080024fa   0x00000002   PAD
    0x080024fc   0x080024fc   0x0000008c   Code   RO         4451    i.UpdateIndent      scancode.o
    0x08002588   0x08002588   0x00000004   Code   RO         4577    i.UsageFault_Handler  stm32f10x_it.o
    0x0800258c   0x0800258c   0x00000020   Code   RO         4907    i.__0printf         mc_w.l(printfa.o)
    0x080025ac   0x080025ac   0x00000028   Code   RO         4908    i.__0snprintf       mc_w.l(printfa.o)
    0x080025d4   0x080025d4   0x00000028   Code   RO         4909    i.__0sprintf        mc_w.l(printfa.o)
    0x080025fc   0x080025fc   0x0000005c   Code   RO         4939    i.__free$realloc    mc_w.l(mallocr.o)
    0x08002658   0x08002658   0x00000050   Code   RO         4940    i.__malloc$realloc  mc_w.l(mallocr.o)
    0x080026a8   0x080026a8   0x0000000e   Code   RO         5093    i.__scatterload_copy  mc_w.l(handlers.o)
    0x080026b6   0x080026b6   0x00000002   Code   RO         5094    i.__scatterload_null  mc_w.l(handlers.o)
    0x080026b8   0x080026b8   0x0000000e   Code   RO         5095    i.__scatterload_zeroinit  mc_w.l(handlers.o)
    0x080026c6   0x080026c6   0x00000002   PAD
    0x080026c8   0x080026c8   0x00000164   Code   RO         4914    i._fp_digits        mc_w.l(printfa.o)
    0x0800282c   0x0800282c   0x0000000e   Code   RO         4967    i._is_digit         mc_w.l(scanf_fp.o)
    0x0800283a   0x0800283a   0x00000002   PAD
    0x0800283c   0x0800283c   0x000006dc   Code   RO         4915    i._printf_core      mc_w.l(printfa.o)
    0x08002f18   0x08002f18   0x00000024   Code   RO         4916    i._printf_post_padding  mc_w.l(printfa.o)
    0x08002f3c   0x08002f3c   0x0000002e   Code   RO         4917    i._printf_pre_padding  mc_w.l(printfa.o)
    0x08002f6a   0x08002f6a   0x00000016   Code   RO         4918    i._snputc           mc_w.l(printfa.o)
    0x08002f80   0x08002f80   0x0000000a   Code   RO         4919    i._sputc            mc_w.l(printfa.o)
    0x08002f8a   0x08002f8a   0x00000036   Code   RO         3163    i.add_item_to_array  cjson.o
    0x08002fc0   0x08002fc0   0x0000007a   Code   RO         3164    i.add_item_to_object  cjson.o
    0x0800303a   0x0800303a   0x00000048   Code   RO         3165    i.buffer_skip_whitespace  cjson.o
    0x08003082   0x08003082   0x00000002   PAD
    0x08003084   0x08003084   0x0000003c   Code   RO         3175    i.cJSON_AddNumberToObject  cjson.o
    0x080030c0   0x080030c0   0x00000064   Code   RO         3189    i.cJSON_CreateNumber  cjson.o
    0x08003124   0x08003124   0x00000018   Code   RO         3190    i.cJSON_CreateObject  cjson.o
    0x0800313c   0x0800313c   0x00000058   Code   RO         3197    i.cJSON_Delete      cjson.o
    0x08003194   0x08003194   0x00000012   Code   RO         3210    i.cJSON_GetObjectItem  cjson.o
    0x080031a6   0x080031a6   0x0000001a   Code   RO         3227    i.cJSON_New_Item    cjson.o
    0x080031c0   0x080031c0   0x00000010   Code   RO         3228    i.cJSON_Parse       cjson.o
    0x080031d0   0x080031d0   0x000000d4   Code   RO         3230    i.cJSON_ParseWithLengthOpts  cjson.o
    0x080032a4   0x080032a4   0x00000028   Code   RO         3231    i.cJSON_ParseWithOpts  cjson.o
    0x080032cc   0x080032cc   0x00000014   Code   RO         3232    i.cJSON_Print       cjson.o
    0x080032e0   0x080032e0   0x00000014   Code   RO         3243    i.cJSON_free        cjson.o
    0x080032f4   0x080032f4   0x00000038   Code   RO         3245    i.cJSON_strdup      cjson.o
    0x0800332c   0x0800332c   0x00000048   Code   RO         3246    i.case_insensitive_strcmp  cjson.o
    0x08003374   0x08003374   0x00000002   Code   RO         3247    i.cast_away_const   cjson.o
    0x08003376   0x08003376   0x00000002   PAD
    0x08003378   0x08003378   0x0000000c   Code   RO         4452    i.change_discount   scancode.o
    0x08003384   0x08003384   0x00000074   Code   RO         3248    i.compare_double    cjson.o
    0x080033f8   0x080033f8   0x000000b8   Code   RO         3250    i.ensure            cjson.o
    0x080034b0   0x080034b0   0x00000024   Code   RO         4007    i.fputc             usart.o
    0x080034d4   0x080034d4   0x00000004   Code   RO         3252    i.get_decimal_point  cjson.o
    0x080034d8   0x080034d8   0x00000052   Code   RO         3253    i.get_object_item   cjson.o
    0x0800352a   0x0800352a   0x00000034   Code   RO         4544    i.init_all          main.o
    0x0800355e   0x0800355e   0x00000002   PAD
    0x08003560   0x08003560   0x00000028   Code   RO         4455    i.init_indent       scancode.o
    0x08003588   0x08003588   0x000000b8   Code   RO         4008    i.init_uart4        usart.o
    0x08003640   0x08003640   0x000000b0   Code   RO         4010    i.init_usart1       usart.o
    0x080036f0   0x080036f0   0x000000b4   Code   RO         4011    i.init_usart2       usart.o
    0x080037a4   0x080037a4   0x000000b8   Code   RO         4012    i.init_usart3       usart.o
    0x0800385c   0x0800385c   0x00000050   Code   RO         4941    i.internal_alloc    mc_w.l(mallocr.o)
    0x080038ac   0x080038ac   0x0000001c   Code   RO         4456    i.is_CodeType       scancode.o
    0x080038c8   0x080038c8   0x00000010   Code   RO         4545    i.main              main.o
    0x080038d8   0x080038d8   0x000000f8   Code   RO         3255    i.parse_array       cjson.o
    0x080039d0   0x080039d0   0x0000005a   Code   RO         3256    i.parse_hex4        cjson.o
    0x08003a2a   0x08003a2a   0x00000002   PAD
    0x08003a2c   0x08003a2c   0x00000138   Code   RO         3257    i.parse_number      cjson.o
    0x08003b64   0x08003b64   0x0000013e   Code   RO         3258    i.parse_object      cjson.o
    0x08003ca2   0x08003ca2   0x0000018c   Code   RO         3259    i.parse_string      cjson.o
    0x08003e2e   0x08003e2e   0x00000002   PAD
    0x08003e30   0x08003e30   0x0000013c   Code   RO         3260    i.parse_value       cjson.o
    0x08003f6c   0x08003f6c   0x000000b2   Code   RO         3261    i.print             cjson.o
    0x0800401e   0x0800401e   0x000000b2   Code   RO         3262    i.print_array       cjson.o
    0x080040d0   0x080040d0   0x00000154   Code   RO         3263    i.print_number      cjson.o
    0x08004224   0x08004224   0x00000174   Code   RO         3264    i.print_object      cjson.o
    0x08004398   0x08004398   0x00000010   Code   RO         3265    i.print_string      cjson.o
    0x080043a8   0x080043a8   0x00000174   Code   RO         3266    i.print_string_ptr  cjson.o
    0x0800451c   0x0800451c   0x00000104   Code   RO         3267    i.print_value       cjson.o
    0x08004620   0x08004620   0x0000006c   Code   RO         4942    i.realloc           mc_w.l(mallocr.o)
    0x0800468c   0x0800468c   0x00000194   Code   RO         4519    i.receive_order     order.o
    0x08004820   0x08004820   0x00000174   Code   RO         4392    i.send_indent       uasrttft.o
    0x08004994   0x08004994   0x0000000c   Code   RO         4457    i.setCodePage       scancode.o
    0x080049a0   0x080049a0   0x00000028   Code   RO         4393    i.setReturnOpenmv   uasrttft.o
    0x080049c8   0x080049c8   0x00000020   Code   RO         4458    i.setScanCode       scancode.o
    0x080049e8   0x080049e8   0x0000003c   Code   RO         3271    i.skip_utf8_bom     cjson.o
    0x08004a24   0x08004a24   0x00000014   Code   RO         4239    i.strart_face       openmv.o
    0x08004a38   0x08004a38   0x0000001c   Code   RO         4646    i.strtod            m_ws.l(strtod.o)
    0x08004a54   0x08004a54   0x00000006   Code   RO         3272    i.suffix_object     cjson.o
    0x08004a5a   0x08004a5a   0x00000002   PAD
    0x08004a5c   0x08004a5c   0x00000088   Code   RO         4520    i.update_code       order.o
    0x08004ae4   0x08004ae4   0x00000024   Code   RO         3273    i.update_offset     cjson.o
    0x08004b08   0x08004b08   0x0000001e   Code   RO         4014    i.usart_send_byte   usart.o
    0x08004b26   0x08004b26   0x0000001c   Code   RO         4015    i.usart_send_string  usart.o
    0x08004b42   0x08004b42   0x0000012c   Code   RO         3274    i.utf16_literal_to_utf8  cjson.o
    0x08004c6e   0x08004c6e   0x00000002   PAD
    0x08004c70   0x08004c70   0x00000010   Data   RO         3968    .constdata          task.o
    0x08004c80   0x08004c80   0x00000081   Data   RO         5025    .constdata          mc_w.l(ctype_o.o)
    0x08004d01   0x08004d01   0x00000003   PAD
    0x08004d04   0x08004d04   0x00000004   Data   RO         5026    .constdata          mc_w.l(ctype_o.o)
    0x08004d08   0x08004d08   0x00000020   Data   RO         5091    Region$$Table       anon$$obj.o


    Execution Region RW_IRAM1 (Exec base: 0x20000000, Load base: 0x08004d28, Size: 0x00004560, Max: 0x00010000, ABSOLUTE)

    Exec Addr    Load Addr    Size         Type   Attr      Idx    E Section Name        Object

    0x20000000   0x08004d28   0x00000014   Data   RW         1738    .data               stm32f10x_rcc.o
    0x20000014   0x08004d3c   0x00000014   Data   RW         3276    .data               cjson.o
    0x20000028   0x08004d50   0x0000000a   Data   RW         4017    .data               usart.o
    0x20000032   0x08004d5a   0x00000002   PAD
    0x20000034   0x08004d5c   0x00000004   Data   RW         4170    .data               goods.o
    0x20000038   0x08004d60   0x00000004   Data   RW         4205    .data               user.o
    0x2000003c   0x08004d64   0x00000003   Data   RW         4395    .data               uasrttft.o
    0x2000003f   0x08004d67   0x00000001   Data   RW         4460    .data               scancode.o
    0x20000040   0x08004d68   0x00000002   Data   RW         4521    .data               order.o
    0x20000042   0x08004d6a   0x00000002   PAD
    0x20000044   0x08004d6c   0x00000004   Data   RW         5013    .data               mc_w.l(stdout.o)
    0x20000048   0x08004d70   0x00000004   Data   RW         5052    .data               mc_w.l(mvars.o)
    0x2000004c   0x08004d74   0x00000004   Data   RW         5053    .data               mc_w.l(mvars.o)
    0x20000050        -       0x00000048   Zero   RW         3928    .bss                systick.o
    0x20000098        -       0x00000500   Zero   RW         4016    .bss                usart.o
    0x20000598        -       0x00000c80   Zero   RW         4169    .bss                goods.o
    0x20001218        -       0x00000370   Zero   RW         4204    .bss                user.o
    0x20001588        -       0x00000020   Zero   RW         4394    .bss                uasrttft.o
    0x200015a8        -       0x00001cb4   Zero   RW         4459    .bss                scancode.o
    0x2000325c   0x08004d78   0x00000004   PAD
    0x20003260        -       0x00000f00   Zero   RW            2    HEAP                startup_stm32f10x_hd.o
    0x20004160        -       0x00000400   Zero   RW            1    STACK               startup_stm32f10x_hd.o


==============================================================================

Image component sizes


      Code (inc. data)   RO Data    RW Data    ZI Data      Debug   Object Name

      5186        178          0         20          0      37155   cjson.o
         0          0          0          0          0       4504   core_cm3.o
         0          0          0          0          0       1228   data_helper.o
       604        284          0          4       3200       1792   goods.o
        96          0          0          0          0       1411   main.o
       132         22          0          0          0       1563   misc.o
        32          8          0          0          0       1314   openmv.o
       540        168          0          2          0       2199   order.o
       932        258          0          1       7348       5401   scancode.o
       242         24          0          0          0       2088   servo.o
        36          8        304          0       4864        880   startup_stm32f10x_hd.o
       278          0          0          0          0       1972   stm32f10x_gpio.o
        24          0          0          0          0       3632   stm32f10x_it.o
       276         32          0         20          0       4490   stm32f10x_rcc.o
       388         52          0          0          0       4094   stm32f10x_tim.o
       490          6          0          0          0       7397   stm32f10x_usart.o
        24          0          0          0          0      18454   system.o
       328         28          0          0          0     250461   system_stm32f10x.o
       176         26          0          0         72      17368   systick.o
       112         30         16          0          0       1552   task.o
       612        228          0          3         32       2596   uasrttft.o
      1486        188          0         10       1280      10413   usart.o
        72         32          0          4        880       1561   user.o

    ----------------------------------------------------------------------
     12090       1572        352         68      17680     383525   Object Totals
         0          0         32          0          0          0   (incl. Generated)
        24          0          0          4          4          0   (incl. Padding)

    ----------------------------------------------------------------------

      Code (inc. data)   RO Data    RW Data    ZI Data      Debug   Library Member Name

        28          0          0          0          0         80   strtod.o
        56          8          0          0          0         84   __0sscanf.o
       812          4          0          0          0        112   _scanf.o
        64          0          0          0          0         84   _sgetc.o
         8          4        133          0          0         68   ctype_o.o
         0          0          0          0          0          0   entry.o
         0          0          0          0          0          0   entry10a.o
         0          0          0          0          0          0   entry11a.o
         8          4          0          0          0          0   entry2.o
         4          0          0          0          0          0   entry5.o
         0          0          0          0          0          0   entry7b.o
         0          0          0          0          0          0   entry8b.o
         8          4          0          0          0          0   entry9a.o
        30          0          0          0          0          0   handlers.o
        36          8          0          0          0         68   init.o
        18          0          0          0          0         76   isspace_o.o
         0          0          0          0          0          0   iusefp.o
        30          0          0          0          0         68   llshl.o
        36          0          0          0          0         68   llsshr.o
        32          0          0          0          0         68   llushr.o
       360         30          0          0          0        356   mallocr.o
        36          0          0          0          0         68   memcpya.o
        36          0          0          0          0        108   memseta.o
         0          0          0          8          0          0   mvars.o
      2338        100          0          0          0        748   printfa.o
        40          8          0          0          0         84   scanf_char.o
       838         12          0          0          0        216   scanf_fp.o
         0          0          0          4          0          0   stdout.o
        24          0          0          0          0         68   strcat.o
        28          0          0          0          0         76   strcmp.o
        18          0          0          0          0         68   strcpy.o
        14          0          0          0          0         68   strlen.o
        30          0          0          0          0         80   strncmp.o
       156         14          0          0          0        120   strtod.o
        12          0          0          0          0         68   tolower.o
        44          0          0          0          0         80   uidiv.o
        98          0          0          0          0         92   uldiv.o
        48          0          0          0          0         68   cdcmple.o
        48          0          0          0          0         68   cdrcmple.o
        56          0          0          0          0         88   d2f.o
       334          0          0          0          0        148   dadd.o
       222          0          0          0          0        100   ddiv.o
       186          0          0          0          0        176   depilogue.o
        62          0          0          0          0         80   dfixi.o
        48          0          0          0          0         68   dfixul.o
        34          0          0          0          0         76   dflti.o
        26          0          0          0          0         76   dfltui.o
        24          0          0          0          0         76   dfltul.o
       228          0          0          0          0         96   dmul.o
        38          0          0          0          0         68   f2d.o
       176          0          0          0          0        140   fadd.o
       124          0          0          0          0         88   fdiv.o
       110          0          0          0          0        168   fepilogue.o
        40          0          0          0          0         68   ffixui.o
        18          0          0          0          0         68   fflti.o
       100          0          0          0          0         76   fmul.o

    ----------------------------------------------------------------------
      7174        196        136         12          0       4872   Library Totals
        10          0          3          0          0          0   (incl. Padding)

    ----------------------------------------------------------------------

      Code (inc. data)   RO Data    RW Data    ZI Data      Debug   Library Name

        28          0          0          0          0         80   m_ws.l
      5214        196        133         12          0       2996   mc_w.l
      1922          0          0          0          0       1796   mf_w.l

    ----------------------------------------------------------------------
      7174        196        136         12          0       4872   Library Totals

    ----------------------------------------------------------------------

==============================================================================


      Code (inc. data)   RO Data    RW Data    ZI Data      Debug   

     19264       1768        488         80      17680     379969   Grand Totals
     19264       1768        488         80      17680     379969   ELF Image Totals
     19264       1768        488         80          0          0   ROM Totals

==============================================================================

    Total RO  Size (Code + RO Data)                19752 (  19.29kB)
    Total RW  Size (RW Data + ZI Data)             17760 (  17.34kB)
    Total ROM Size (Code + RO Data + RW Data)      19832 (  19.37kB)

==============================================================================

